ARM Linker, RVCT4.0 [Build 524] for uVision [Standard]

==============================================================================

Section Cross References

    stm32f10x_it.o(.text) refers to usb_int.o(.text) for CTR_HP
    stm32f10x_it.o(.text) refers to usb_istr.o(.text) for USB_Istr
    stm32f10x_it.o(.text) refers to sdio_sdcard.o(.text) for SD_ProcessIRQSrc
    hw_config.o(.text) refers to stm32f10x_gpio.o(.text) for GPIO_SetBits
    hw_config.o(.text) refers to stm32f10x_rcc.o(.text) for RCC_APB2PeriphClockCmd
    hw_config.o(.text) refers to usb_pwr.o(.data) for bDeviceState
    hw_config.o(.text) refers to usb_init.o(.bss) for Device_Info
    hw_config.o(.text) refers to usb_desc.o(.data) for MASS_StringSerial
    sdio_sdcard.o(.text) refers to stm32f10x_sdio.o(.text) for SDIO_ClockCmd
    sdio_sdcard.o(.text) refers to stm32f10x_rcc.o(.text) for RCC_AHBPeriphClockCmd
    sdio_sdcard.o(.text) refers to stm32f10x_gpio.o(.text) for GPIO_Init
    sdio_sdcard.o(.text) refers to stm32f10x_dma.o(.text) for DMA_ClearFlag
    sdio_sdcard.o(.text) refers to sdio_sdcard.o(.data) for .data
    sdio_sdcard.o(.text) refers to sdio_sdcard.o(.bss) for SDIO_CmdInitStructure
    main.o(.text) refers to system_stm32f10x.o(.text) for SystemInit
    main.o(.text) refers to stm32f10x_rcc.o(.text) for RCC_APB2PeriphClockCmd
    main.o(.text) refers to stm32f10x_gpio.o(.text) for GPIO_Init
    main.o(.text) refers to misc.o(.text) for NVIC_PriorityGroupConfig
    main.o(.text) refers to stm32f10x_usart.o(.text) for USART_Init
    main.o(.text) refers to hw_config.o(.text) for USB_Disconnect_Config
    main.o(.text) refers to mass_mal.o(.text) for MAL_Init
    main.o(.text) refers to usb_init.o(.text) for USB_Init
    main.o(.text) refers to usb_pwr.o(.data) for bDeviceState
    mass_mal.o(.text) refers to sdio_sdcard.o(.text) for SD_Init
    mass_mal.o(.text) refers to main.o(.text) for USART_OUT
    mass_mal.o(.text) refers to stm32f10x_gpio.o(.text) for GPIO_SetBits
    mass_mal.o(.text) refers to mass_mal.o(.data) for Status
    mass_mal.o(.text) refers to sdio_sdcard.o(.bss) for SDCardInfo
    mass_mal.o(.text) refers to mass_mal.o(.bss) for Buffer_Block_Rx
    mass_mal.o(.text) refers to main.o(.data) for Mass_Block_Count
    memory.o(.text) refers to mass_mal.o(.text) for MAL_Read
    memory.o(.text) refers to usb_sil.o(.text) for USB_SIL_Write
    memory.o(.text) refers to usb_regs.o(.text) for SetEPTxCount
    memory.o(.text) refers to hw_config.o(.text) for Led_RW_ON
    memory.o(.text) refers to usb_bot.o(.text) for Set_CSW
    memory.o(.text) refers to memory.o(.data) for TransferState
    memory.o(.text) refers to main.o(.data) for Mass_Block_Size
    memory.o(.text) refers to memory.o(.bss) for Data_Buffer
    memory.o(.text) refers to usb_bot.o(.bss) for CSW
    memory.o(.text) refers to usb_bot.o(.data) for Bot_State
    usb_bot.o(.text) refers to usb_sil.o(.text) for USB_SIL_Write
    usb_bot.o(.text) refers to usb_regs.o(.text) for SetEPTxStatus
    usb_bot.o(.text) refers to usb_scsi.o(.text) for SCSI_Read10_Cmd
    usb_bot.o(.text) refers to usb_bot.o(.bss) for CSW
    usb_bot.o(.text) refers to usb_bot.o(.data) for Bot_State
    usb_bot.o(.text) refers to usb_prop.o(.data) for Max_Lun
    usb_endp.o(.text) refers to usb_bot.o(.text) for Mass_Storage_In
    usb_istr.o(.text) refers to usb_int.o(.text) for CTR_LP
    usb_istr.o(.text) refers to usb_istr.o(.data) for wIstr
    usb_istr.o(.text) refers to usb_init.o(.data) for wInterrupt_Mask
    usb_istr.o(.text) refers to usb_prop.o(.data) for Device_Property
    usb_istr.o(.data) refers to usb_endp.o(.text) for EP1_IN_Callback
    usb_istr.o(.data) refers to usb_core.o(.text) for NOP_Process
    usb_prop.o(.text) refers to hw_config.o(.text) for Get_SerialNum
    usb_prop.o(.text) refers to usb_pwr.o(.text) for PowerOn
    usb_prop.o(.text) refers to usb_sil.o(.text) for USB_SIL_Init
    usb_prop.o(.text) refers to usb_regs.o(.text) for SetBTABLE
    usb_prop.o(.text) refers to usb_core.o(.text) for SetDeviceAddress
    usb_prop.o(.text) refers to usb_bot.o(.text) for Bot_Abort
    usb_prop.o(.text) refers to usb_init.o(.data) for pInformation
    usb_prop.o(.text) refers to usb_pwr.o(.data) for bDeviceState
    usb_prop.o(.text) refers to usb_init.o(.bss) for Device_Info
    usb_prop.o(.text) refers to usb_desc.o(.constdata) for MASS_ConfigDescriptor
    usb_prop.o(.text) refers to usb_prop.o(.data) for Device_Property
    usb_prop.o(.text) refers to usb_bot.o(.bss) for CBW
    usb_prop.o(.text) refers to usb_bot.o(.data) for Bot_State
    usb_prop.o(.data) refers to usb_prop.o(.text) for MASS_init
    usb_prop.o(.data) refers to usb_core.o(.text) for NOP_Process
    usb_prop.o(.data) refers to usb_desc.o(.constdata) for MASS_DeviceDescriptor
    usb_prop.o(.data) refers to usb_desc.o(.data) for MASS_StringSerial
    usb_pwr.o(.text) refers to hw_config.o(.text) for USB_Cable_Config
    usb_pwr.o(.text) refers to usb_init.o(.data) for wInterrupt_Mask
    usb_pwr.o(.text) refers to usb_pwr.o(.data) for ResumeS
    usb_scsi.o(.text) refers to usb_bot.o(.text) for Transfer_Data_Request
    usb_scsi.o(.text) refers to mass_mal.o(.text) for MAL_GetStatus
    usb_scsi.o(.text) refers to memory.o(.text) for Read_Memory
    usb_scsi.o(.text) refers to usb_regs.o(.text) for SetEPRxStatus
    usb_scsi.o(.text) refers to usb_bot.o(.bss) for CBW
    usb_scsi.o(.text) refers to scsi_data.o(.data) for Page00_Inquiry_Data
    usb_scsi.o(.text) refers to main.o(.data) for Mass_Block_Count
    usb_scsi.o(.text) refers to usb_bot.o(.data) for Bot_State
    usb_core.o(.text) refers to usb_regs.o(.text) for ClearDTOG_TX
    usb_core.o(.text) refers to usb_init.o(.data) for pInformation
    usb_core.o(.text) refers to usb_prop.o(.data) for Device_Table
    usb_core.o(.text) refers to usb_core.o(.data) for StatusInfo
    usb_core.o(.text) refers to usb_mem.o(.text) for PMAToUserBufferCopy
    usb_core.o(.text) refers to usb_int.o(.data) for SaveRState
    usb_init.o(.text) refers to usb_init.o(.bss) for Device_Info
    usb_init.o(.text) refers to usb_init.o(.data) for pInformation
    usb_init.o(.text) refers to usb_prop.o(.data) for Device_Property
    usb_int.o(.text) refers to usb_core.o(.text) for In0_Process
    usb_int.o(.text) refers to usb_istr.o(.data) for wIstr
    usb_int.o(.text) refers to usb_init.o(.data) for EPindex
    usb_int.o(.text) refers to usb_int.o(.data) for SaveRState
    usb_sil.o(.text) refers to usb_regs.o(.text) for GetEPTxAddr
    usb_sil.o(.text) refers to usb_mem.o(.text) for UserToPMABufferCopy
    usb_sil.o(.text) refers to usb_init.o(.data) for wInterrupt_Mask
    stm32f10x_usart.o(.text) refers to stm32f10x_rcc.o(.text) for RCC_APB2PeriphResetCmd
    stm32f10x_spi.o(.text) refers to stm32f10x_rcc.o(.text) for RCC_APB2PeriphResetCmd
    stm32f10x_gpio.o(.text) refers to stm32f10x_rcc.o(.text) for RCC_APB2PeriphResetCmd
    stm32f10x_rcc.o(.text) refers to stm32f10x_rcc.o(.data) for .data
    startup_stm32f10x_hd.o(RESET) refers to startup_stm32f10x_hd.o(STACK) for __initial_sp
    startup_stm32f10x_hd.o(RESET) refers to startup_stm32f10x_hd.o(.text) for Reset_Handler
    startup_stm32f10x_hd.o(RESET) refers to stm32f10x_it.o(.text) for NMI_Handler
    startup_stm32f10x_hd.o(.text) refers to system_stm32f10x.o(.text) for SystemInit
    startup_stm32f10x_hd.o(.text) refers to entry.o(.ARM.Collect$$$$00000000) for __main
    system_stm32f10x.o(.text) refers to system_stm32f10x.o(.data) for SystemCoreClock
    entry.o(.ARM.Collect$$$$00000000) refers (Special) to entry7.o(.ARM.Collect$$$$00000007) for _main_init
    entry.o(.ARM.Collect$$$$00000000) refers (Special) to entry5.o(.ARM.Collect$$$$00000004) for _main_scatterload
    entry.o(.ARM.Collect$$$$00000000) refers (Special) to entry2.o(.ARM.Collect$$$$00000001) for _main_stk
    entry2.o(.ARM.Collect$$$$00000001) refers to entry2.o(.ARM.Collect$$$$00002712) for __lit__00000000
    entry2.o(.ARM.Collect$$$$00002712) refers to startup_stm32f10x_hd.o(STACK) for __initial_sp
    entry2.o(__vectab_stack_and_reset_area) refers to startup_stm32f10x_hd.o(STACK) for __initial_sp
    entry2.o(__vectab_stack_and_reset_area) refers to entry.o(.ARM.Collect$$$$00000000) for __main
    entry5.o(.ARM.Collect$$$$00000004) refers to init.o(.text) for __scatterload
    entry7.o(.ARM.Collect$$$$00000007) refers to main.o(.text) for main
    init.o(.text) refers to entry5.o(.ARM.Collect$$$$00000004) for __main_after_scatterload


==============================================================================

Removing Unused input sections from the image.

    Removing hw_config.o(.data), (1 bytes).
    Removing stm32f10x_spi.o(.text), (780 bytes).
    Removing startup_stm32f10x_hd.o(HEAP), (512 bytes).
    Removing core_cm3.o(.emb_text), (32 bytes).

4 unused section(s) (total 1325 bytes) removed from the image.

==============================================================================

Image Symbol Table

    Local Symbols

    Symbol Name                              Value     Ov Type        Size  Object(Section)

    ../../../cmprslib/zerorunl2.c            0x00000000   Number         0  __dczerorl2.o ABSOLUTE
    ../../microlib/init/entry.s              0x00000000   Number         0  entry7.o ABSOLUTE
    ../../microlib/init/entry.s              0x00000000   Number         0  entry5.o ABSOLUTE
    ../../microlib/init/entry.s              0x00000000   Number         0  entry2.o ABSOLUTE
    ../../microlib/init/entry.s              0x00000000   Number         0  entry.o ABSOLUTE
    ..\..\..\Libraries\CMSIS\Core\CM3\core_cm3.c 0x00000000   Number         0  core_cm3.o ABSOLUTE
    ..\..\..\Libraries\CMSIS\Core\CM3\startup\arm\startup_stm32f10x_hd.s 0x00000000   Number         0  startup_stm32f10x_hd.o ABSOLUTE
    ..\..\..\Libraries\CMSIS\Core\CM3\system_stm32f10x.c 0x00000000   Number         0  system_stm32f10x.o ABSOLUTE
    ..\..\..\Libraries\STM32F10x_StdPeriph_Driver\src\misc.c 0x00000000   Number         0  misc.o ABSOLUTE
    ..\..\..\Libraries\STM32F10x_StdPeriph_Driver\src\stm32f10x_dma.c 0x00000000   Number         0  stm32f10x_dma.o ABSOLUTE
    ..\..\..\Libraries\STM32F10x_StdPeriph_Driver\src\stm32f10x_gpio.c 0x00000000   Number         0  stm32f10x_gpio.o ABSOLUTE
    ..\..\..\Libraries\STM32F10x_StdPeriph_Driver\src\stm32f10x_rcc.c 0x00000000   Number         0  stm32f10x_rcc.o ABSOLUTE
    ..\..\..\Libraries\STM32F10x_StdPeriph_Driver\src\stm32f10x_sdio.c 0x00000000   Number         0  stm32f10x_sdio.o ABSOLUTE
    ..\..\..\Libraries\STM32F10x_StdPeriph_Driver\src\stm32f10x_spi.c 0x00000000   Number         0  stm32f10x_spi.o ABSOLUTE
    ..\..\..\Libraries\STM32F10x_StdPeriph_Driver\src\stm32f10x_usart.c 0x00000000   Number         0  stm32f10x_usart.o ABSOLUTE
    ..\..\..\Libraries\STM32_USB-FS-Device_Driver\src\usb_core.c 0x00000000   Number         0  usb_core.o ABSOLUTE
    ..\..\..\Libraries\STM32_USB-FS-Device_Driver\src\usb_init.c 0x00000000   Number         0  usb_init.o ABSOLUTE
    ..\..\..\Libraries\STM32_USB-FS-Device_Driver\src\usb_int.c 0x00000000   Number         0  usb_int.o ABSOLUTE
    ..\..\..\Libraries\STM32_USB-FS-Device_Driver\src\usb_mem.c 0x00000000   Number         0  usb_mem.o ABSOLUTE
    ..\..\..\Libraries\STM32_USB-FS-Device_Driver\src\usb_regs.c 0x00000000   Number         0  usb_regs.o ABSOLUTE
    ..\..\..\Libraries\STM32_USB-FS-Device_Driver\src\usb_sil.c 0x00000000   Number         0  usb_sil.o ABSOLUTE
    ..\\..\\..\\Libraries\\CMSIS\\Core\\CM3\\core_cm3.c 0x00000000   Number         0  core_cm3.o ABSOLUTE
    ..\src\hw_config.c                       0x00000000   Number         0  hw_config.o ABSOLUTE
    ..\src\main.c                            0x00000000   Number         0  main.o ABSOLUTE
    ..\src\mass_mal.c                        0x00000000   Number         0  mass_mal.o ABSOLUTE
    ..\src\memory.c                          0x00000000   Number         0  memory.o ABSOLUTE
    ..\src\scsi_data.c                       0x00000000   Number         0  scsi_data.o ABSOLUTE
    ..\src\sdio_sdcard.c                     0x00000000   Number         0  sdio_sdcard.o ABSOLUTE
    ..\src\stm32f10x_it.c                    0x00000000   Number         0  stm32f10x_it.o ABSOLUTE
    ..\src\usb_bot.c                         0x00000000   Number         0  usb_bot.o ABSOLUTE
    ..\src\usb_desc.c                        0x00000000   Number         0  usb_desc.o ABSOLUTE
    ..\src\usb_endp.c                        0x00000000   Number         0  usb_endp.o ABSOLUTE
    ..\src\usb_istr.c                        0x00000000   Number         0  usb_istr.o ABSOLUTE
    ..\src\usb_prop.c                        0x00000000   Number         0  usb_prop.o ABSOLUTE
    ..\src\usb_pwr.c                         0x00000000   Number         0  usb_pwr.o ABSOLUTE
    ..\src\usb_scsi.c                        0x00000000   Number         0  usb_scsi.o ABSOLUTE
    dc.s                                     0x00000000   Number         0  dc.o ABSOLUTE
    handlers.s                               0x00000000   Number         0  handlers.o ABSOLUTE
    init.s                                   0x00000000   Number         0  init.o ABSOLUTE
    RESET                                    0x08000000   Section      304  startup_stm32f10x_hd.o(RESET)
    .ARM.Collect$$$$00000000                 0x08000130   Section        0  entry.o(.ARM.Collect$$$$00000000)
    .ARM.Collect$$$$00000001                 0x08000130   Section        4  entry2.o(.ARM.Collect$$$$00000001)
    .ARM.Collect$$$$00000004                 0x08000134   Section        4  entry5.o(.ARM.Collect$$$$00000004)
    .ARM.Collect$$$$00000007                 0x08000138   Section        8  entry7.o(.ARM.Collect$$$$00000007)
    .ARM.Collect$$$$00002712                 0x08000140   Section        4  entry2.o(.ARM.Collect$$$$00002712)
    __lit__00000000                          0x08000140   Data           4  entry2.o(.ARM.Collect$$$$00002712)
    .text                                    0x08000144   Section       50  stm32f10x_it.o(.text)
    .text                                    0x08000178   Section      244  hw_config.o(.text)
    .text                                    0x0800026c   Section     8908  sdio_sdcard.o(.text)
    CmdResp1Error                            0x080003e1   Thumb Code   300  sdio_sdcard.o(.text)
    FindSCR                                  0x0800050d   Thumb Code   444  sdio_sdcard.o(.text)
    SDEnWideBus                              0x080006c9   Thumb Code   284  sdio_sdcard.o(.text)
    CmdResp2Error                            0x08000ba1   Thumb Code    68  sdio_sdcard.o(.text)
    CmdResp6Error                            0x08000be5   Thumb Code   146  sdio_sdcard.o(.text)
    CmdResp3Error                            0x08000dad   Thumb Code    50  sdio_sdcard.o(.text)
    CmdResp7Error                            0x08000ddf   Thumb Code    72  sdio_sdcard.o(.text)
    CmdError                                 0x08000e27   Thumb Code    44  sdio_sdcard.o(.text)
    convert_from_bytes_to_power_of_two       0x08001119   Thumb Code    18  sdio_sdcard.o(.text)
    IsCardProgramming                        0x0800167b   Thumb Code   380  sdio_sdcard.o(.text)
    .text                                    0x08002538   Section      696  main.o(.text)
    .text                                    0x080027f0   Section      584  mass_mal.o(.text)
    .text                                    0x08002a38   Section      556  memory.o(.text)
    .text                                    0x08002c64   Section     1100  usb_bot.o(.text)
    .text                                    0x080030b0   Section       16  usb_endp.o(.text)
    .text                                    0x080030c0   Section       80  usb_istr.o(.text)
    .text                                    0x08003110   Section      620  usb_prop.o(.text)
    .text                                    0x0800337c   Section      352  usb_pwr.o(.text)
    .text                                    0x080034dc   Section     1040  usb_scsi.o(.text)
    .text                                    0x080038ec   Section     2892  usb_core.o(.text)
    DataStageOut                             0x08003d2f   Thumb Code   166  usb_core.o(.text)
    DataStageIn                              0x08003dd5   Thumb Code   166  usb_core.o(.text)
    NoData_Setup0                            0x08003e7b   Thumb Code   288  usb_core.o(.text)
    Data_Setup0                              0x08003f9b   Thumb Code   672  usb_core.o(.text)
    .text                                    0x08004438   Section       60  usb_init.o(.text)
    .text                                    0x08004474   Section      820  usb_int.o(.text)
    .text                                    0x080047a8   Section       88  usb_mem.o(.text)
    .text                                    0x08004800   Section     2088  usb_regs.o(.text)
    .text                                    0x08005028   Section      132  usb_sil.o(.text)
    .text                                    0x080050ac   Section      224  misc.o(.text)
    .text                                    0x0800518c   Section     1032  stm32f10x_usart.o(.text)
    .text                                    0x08005594   Section      604  stm32f10x_dma.o(.text)
    .text                                    0x080057f0   Section      840  stm32f10x_gpio.o(.text)
    .text                                    0x08005b38   Section      912  stm32f10x_rcc.o(.text)
    .text                                    0x08005ec8   Section      460  stm32f10x_sdio.o(.text)
    .text                                    0x08006094   Section       36  startup_stm32f10x_hd.o(.text)
    .text                                    0x080060b8   Section      456  system_stm32f10x.o(.text)
    SetSysClockTo72                          0x080060b9   Thumb Code   192  system_stm32f10x.o(.text)
    SetSysClock                              0x08006179   Thumb Code     8  system_stm32f10x.o(.text)
    .text                                    0x08006280   Section       36  init.o(.text)
    .text                                    0x080062a4   Section       88  __dczerorl2.o(.text)
    i.__scatterload_copy                     0x080062fc   Section       14  handlers.o(i.__scatterload_copy)
    i.__scatterload_null                     0x0800630a   Section        2  handlers.o(i.__scatterload_null)
    i.__scatterload_zeroinit                 0x0800630c   Section       14  handlers.o(i.__scatterload_zeroinit)
    .constdata                               0x0800631a   Section      146  usb_desc.o(.constdata)
    .data                                    0x20000000   Section       40  sdio_sdcard.o(.data)
    CardType                                 0x20000000   Data           4  sdio_sdcard.o(.data)
    RCA                                      0x20000004   Data           4  sdio_sdcard.o(.data)
    DeviceMode                               0x20000008   Data           4  sdio_sdcard.o(.data)
    TotalNumberOfBytes                       0x2000000c   Data           4  sdio_sdcard.o(.data)
    StopCondition                            0x20000010   Data           4  sdio_sdcard.o(.data)
    .data                                    0x20000028   Section       24  main.o(.data)
    .data                                    0x20000040   Section       20  mass_mal.o(.data)
    .data                                    0x20000054   Section       36  memory.o(.data)
    Offset                                   0x20000060   Data           4  memory.o(.data)
    Length                                   0x20000064   Data           4  memory.o(.data)
    W_Offset                                 0x20000068   Data           4  memory.o(.data)
    W_Length                                 0x2000006c   Data           4  memory.o(.data)
    .data                                    0x20000078   Section      127  scsi_data.o(.data)
    .data                                    0x200000f8   Section       12  usb_bot.o(.data)
    .data                                    0x20000104   Section       26  usb_desc.o(.data)
    .data                                    0x20000120   Section       62  usb_istr.o(.data)
    .data                                    0x20000160   Section      148  usb_prop.o(.data)
    .data                                    0x200001f4   Section        7  usb_pwr.o(.data)
    .data                                    0x200001fc   Section        4  usb_core.o(.data)
    .data                                    0x20000200   Section       20  usb_init.o(.data)
    .data                                    0x20000214   Section        4  usb_int.o(.data)
    .data                                    0x20000218   Section       20  stm32f10x_rcc.o(.data)
    APBAHBPrescTable                         0x20000218   Data          16  stm32f10x_rcc.o(.data)
    ADCPrescTable                            0x20000228   Data           4  stm32f10x_rcc.o(.data)
    .data                                    0x2000022c   Section       20  system_stm32f10x.o(.data)
    .bss                                     0x20000240   Section      180  sdio_sdcard.o(.bss)
    CSD_Tab                                  0x20000240   Data          16  sdio_sdcard.o(.bss)
    CID_Tab                                  0x20000250   Data          16  sdio_sdcard.o(.bss)
    .bss                                     0x200002f4   Section     3072  mass_mal.o(.bss)
    .bss                                     0x20000ef4   Section      512  memory.o(.bss)
    .bss                                     0x200010f4   Section      112  usb_bot.o(.bss)
    .bss                                     0x20001164   Section       28  usb_init.o(.bss)
    STACK                                    0x20001180   Section     1024  startup_stm32f10x_hd.o(STACK)

    Global Symbols

    Symbol Name                              Value     Ov Type        Size  Object(Section)

    BuildAttributes$$THM_ISAv4$P$D$K$B$S$PE$A:L22UL41UL21$X:L11$S22US41US21$IEEE1$IW$USESV6$~STKCKD$USESV7$~SHL$OSPACE$EBA8$MICROLIB$REQ8$PRES8$EABIv2 0x00000000   Number         0  anon$$obj.o ABSOLUTE
    __ARM_use_no_argv                        0x00000000   Number         0  main.o ABSOLUTE
    __Vectors_Size                           0x00000130   Number         0  startup_stm32f10x_hd.o ABSOLUTE
    __Vectors                                0x08000000   Data           4  startup_stm32f10x_hd.o(RESET)
    __Vectors_End                            0x08000130   Data           0  startup_stm32f10x_hd.o(RESET)
    __main                                   0x08000131   Thumb Code     0  entry.o(.ARM.Collect$$$$00000000)
    _main_stk                                0x08000131   Thumb Code     0  entry2.o(.ARM.Collect$$$$00000001)
    _main_scatterload                        0x08000135   Thumb Code     0  entry5.o(.ARM.Collect$$$$00000004)
    __main_after_scatterload                 0x08000139   Thumb Code     0  entry5.o(.ARM.Collect$$$$00000004)
    _main_init                               0x08000139   Thumb Code     0  entry7.o(.ARM.Collect$$$$00000007)
    NMI_Handler                              0x08000145   Thumb Code     2  stm32f10x_it.o(.text)
    HardFault_Handler                        0x08000147   Thumb Code     4  stm32f10x_it.o(.text)
    MemManage_Handler                        0x0800014b   Thumb Code     4  stm32f10x_it.o(.text)
    BusFault_Handler                         0x0800014f   Thumb Code     4  stm32f10x_it.o(.text)
    UsageFault_Handler                       0x08000153   Thumb Code     4  stm32f10x_it.o(.text)
    SVC_Handler                              0x08000157   Thumb Code     2  stm32f10x_it.o(.text)
    DebugMon_Handler                         0x08000159   Thumb Code     2  stm32f10x_it.o(.text)
    PendSV_Handler                           0x0800015b   Thumb Code     2  stm32f10x_it.o(.text)
    SysTick_Handler                          0x0800015d   Thumb Code     2  stm32f10x_it.o(.text)
    USB_HP_CAN1_TX_IRQHandler                0x0800015f   Thumb Code     8  stm32f10x_it.o(.text)
    USB_LP_CAN1_RX0_IRQHandler               0x08000167   Thumb Code     8  stm32f10x_it.o(.text)
    SDIO_IRQHandler                          0x0800016f   Thumb Code     8  stm32f10x_it.o(.text)
    Enter_LowPowerMode                       0x08000179   Thumb Code     8  hw_config.o(.text)
    Leave_LowPowerMode                       0x08000181   Thumb Code    22  hw_config.o(.text)
    Led_RW_ON                                0x08000197   Thumb Code    12  hw_config.o(.text)
    Led_RW_OFF                               0x080001a3   Thumb Code    12  hw_config.o(.text)
    USB_Configured_LED                       0x080001af   Thumb Code    12  hw_config.o(.text)
    USB_NotConfigured_LED                    0x080001bb   Thumb Code    12  hw_config.o(.text)
    USB_Cable_Config                         0x080001c7   Thumb Code    30  hw_config.o(.text)
    Get_SerialNum                            0x080001e5   Thumb Code    66  hw_config.o(.text)
    USB_Disconnect_Config                    0x08000227   Thumb Code    40  hw_config.o(.text)
    SD_LowLevel_DeInit                       0x0800026d   Thumb Code    66  sdio_sdcard.o(.text)
    SD_LowLevel_Init                         0x080002af   Thumb Code    92  sdio_sdcard.o(.text)
    SD_LowLevel_DMA_TxConfig                 0x0800030b   Thumb Code    86  sdio_sdcard.o(.text)
    SD_LowLevel_DMA_RxConfig                 0x08000361   Thumb Code    86  sdio_sdcard.o(.text)
    SD_DMAEndOfTransferStatus                0x080003b7   Thumb Code    10  sdio_sdcard.o(.text)
    SD_DeInit                                0x080003c1   Thumb Code     8  sdio_sdcard.o(.text)
    SD_SetDeviceMode                         0x080003c9   Thumb Code    24  sdio_sdcard.o(.text)
    SD_EnableWideBusOperation                0x080007e5   Thumb Code   152  sdio_sdcard.o(.text)
    SD_SelectDeselect                        0x0800087d   Thumb Code    48  sdio_sdcard.o(.text)
    SD_GetCardInfo                           0x080008ad   Thumb Code   756  sdio_sdcard.o(.text)
    SD_InitializeCards                       0x08000c77   Thumb Code   310  sdio_sdcard.o(.text)
    SD_PowerON                               0x08000e53   Thumb Code   404  sdio_sdcard.o(.text)
    SD_Init                                  0x08000fe7   Thumb Code   124  sdio_sdcard.o(.text)
    SD_SendStatus                            0x08001063   Thumb Code    78  sdio_sdcard.o(.text)
    SD_Detect                                0x080010b1   Thumb Code    20  sdio_sdcard.o(.text)
    SD_GetState                              0x080010c5   Thumb Code    40  sdio_sdcard.o(.text)
    SD_GetStatus                             0x080010ed   Thumb Code    30  sdio_sdcard.o(.text)
    SD_PowerOFF                              0x0800110b   Thumb Code    14  sdio_sdcard.o(.text)
    SD_ReadBlock                             0x0800112b   Thumb Code   634  sdio_sdcard.o(.text)
    SD_ReadMultiBlocks                       0x080013a5   Thumb Code   726  sdio_sdcard.o(.text)
    SD_WriteBlock                            0x080017f7   Thumb Code   862  sdio_sdcard.o(.text)
    SD_WriteMultiBlocks                      0x08001b55   Thumb Code  1090  sdio_sdcard.o(.text)
    SD_GetTransferState                      0x08001f97   Thumb Code    18  sdio_sdcard.o(.text)
    SD_StopTransfer                          0x08001fa9   Thumb Code    46  sdio_sdcard.o(.text)
    SD_Erase                                 0x08001fd7   Thumb Code   344  sdio_sdcard.o(.text)
    SD_SendSDStatus                          0x0800212f   Thumb Code   418  sdio_sdcard.o(.text)
    SD_ProcessIRQSrc                         0x080022d1   Thumb Code   608  sdio_sdcard.o(.text)
    RCC_Configuration                        0x08002539   Thumb Code    38  main.o(.text)
    GPIO_Configuration                       0x0800255f   Thumb Code    30  main.o(.text)
    NVIC_Configuration                       0x0800257d   Thumb Code    90  main.o(.text)
    Usart1_Init                              0x080025d7   Thumb Code   112  main.o(.text)
    main                                     0x08002647   Thumb Code    54  main.o(.text)
    itoa                                     0x0800267d   Thumb Code    94  main.o(.text)
    USART_OUT                                0x080026db   Thumb Code   262  main.o(.text)
    MAL_Init                                 0x080027f1   Thumb Code   118  mass_mal.o(.text)
    MAL_Write                                0x08002867   Thumb Code    54  mass_mal.o(.text)
    MAL_Read                                 0x0800289d   Thumb Code    54  mass_mal.o(.text)
    MAL_GetStatus                            0x080028d3   Thumb Code   240  mass_mal.o(.text)
    Read_Memory                              0x08002a39   Thumb Code   234  memory.o(.text)
    Write_Memory                             0x08002b23   Thumb Code   272  memory.o(.text)
    Set_CSW                                  0x08002c65   Thumb Code    46  usb_bot.o(.text)
    Mass_Storage_In                          0x08002c93   Thumb Code   100  usb_bot.o(.text)
    Bot_Abort                                0x08002cf7   Thumb Code    64  usb_bot.o(.text)
    CBW_Decode                               0x08002d37   Thumb Code   674  usb_bot.o(.text)
    Mass_Storage_Out                         0x08002fd9   Thumb Code   160  usb_bot.o(.text)
    Transfer_Data_Request                    0x08003079   Thumb Code    46  usb_bot.o(.text)
    EP1_IN_Callback                          0x080030b1   Thumb Code     8  usb_endp.o(.text)
    EP2_OUT_Callback                         0x080030b9   Thumb Code     8  usb_endp.o(.text)
    USB_Istr                                 0x080030c1   Thumb Code    62  usb_istr.o(.text)
    MASS_init                                0x08003111   Thumb Code    30  usb_prop.o(.text)
    MASS_Reset                               0x0800312f   Thumb Code   208  usb_prop.o(.text)
    Mass_Storage_SetConfiguration            0x080031ff   Thumb Code    36  usb_prop.o(.text)
    Mass_Storage_ClearFeature                0x08003223   Thumb Code    20  usb_prop.o(.text)
    Mass_Storage_SetDeviceAddress            0x08003237   Thumb Code     8  usb_prop.o(.text)
    MASS_Status_In                           0x0800323f   Thumb Code     2  usb_prop.o(.text)
    MASS_Status_Out                          0x08003241   Thumb Code     2  usb_prop.o(.text)
    Get_Max_Lun                              0x08003243   Thumb Code    20  usb_prop.o(.text)
    MASS_Data_Setup                          0x08003257   Thumb Code    88  usb_prop.o(.text)
    MASS_NoData_Setup                        0x080032af   Thumb Code    76  usb_prop.o(.text)
    MASS_Get_Interface_Setting               0x080032fb   Thumb Code    22  usb_prop.o(.text)
    MASS_GetDeviceDescriptor                 0x08003311   Thumb Code    14  usb_prop.o(.text)
    MASS_GetConfigDescriptor                 0x0800331f   Thumb Code    14  usb_prop.o(.text)
    MASS_GetStringDescriptor                 0x0800332d   Thumb Code    32  usb_prop.o(.text)
    PowerOn                                  0x0800337d   Thumb Code    60  usb_pwr.o(.text)
    PowerOff                                 0x080033b9   Thumb Code    30  usb_pwr.o(.text)
    Suspend                                  0x080033d7   Thumb Code    40  usb_pwr.o(.text)
    Resume_Init                              0x080033ff   Thumb Code    32  usb_pwr.o(.text)
    Resume                                   0x0800341f   Thumb Code   172  usb_pwr.o(.text)
    SCSI_Inquiry_Cmd                         0x080034dd   Thumb Code    54  usb_scsi.o(.text)
    Set_Scsi_Sense_Data                      0x08003513   Thumb Code     8  usb_scsi.o(.text)
    SCSI_ReadFormatCapacity_Cmd              0x0800351b   Thumb Code   118  usb_scsi.o(.text)
    SCSI_ReadCapacity10_Cmd                  0x08003591   Thumb Code   136  usb_scsi.o(.text)
    SCSI_ModeSense6_Cmd                      0x08003619   Thumb Code    14  usb_scsi.o(.text)
    SCSI_ModeSense10_Cmd                     0x08003627   Thumb Code    14  usb_scsi.o(.text)
    SCSI_RequestSense_Cmd                    0x08003635   Thumb Code    30  usb_scsi.o(.text)
    SCSI_Start_Stop_Unit_Cmd                 0x08003653   Thumb Code    14  usb_scsi.o(.text)
    SCSI_Address_Management                  0x08003661   Thumb Code   126  usb_scsi.o(.text)
    SCSI_Read10_Cmd                          0x080036df   Thumb Code   108  usb_scsi.o(.text)
    SCSI_Write10_Cmd                         0x0800374b   Thumb Code   108  usb_scsi.o(.text)
    SCSI_Verify10_Cmd                        0x080037b7   Thumb Code    58  usb_scsi.o(.text)
    SCSI_Valid_Cmd                           0x080037f1   Thumb Code    48  usb_scsi.o(.text)
    SCSI_TestUnitReady_Cmd                   0x08003821   Thumb Code    50  usb_scsi.o(.text)
    SCSI_Format_Cmd                          0x08003853   Thumb Code    42  usb_scsi.o(.text)
    SCSI_Invalid_Cmd                         0x0800387d   Thumb Code    64  usb_scsi.o(.text)
    Standard_GetConfiguration                0x080038ed   Thumb Code    34  usb_core.o(.text)
    Standard_SetConfiguration                0x0800390f   Thumb Code    60  usb_core.o(.text)
    Standard_GetInterface                    0x0800394b   Thumb Code    34  usb_core.o(.text)
    Standard_SetInterface                    0x0800396d   Thumb Code    96  usb_core.o(.text)
    Standard_GetStatus                       0x080039cd   Thumb Code   238  usb_core.o(.text)
    Standard_ClearFeature                    0x08003abb   Thumb Code   338  usb_core.o(.text)
    Standard_SetEndPointFeature              0x08003c0d   Thumb Code   228  usb_core.o(.text)
    Standard_SetDeviceFeature                0x08003cf1   Thumb Code    30  usb_core.o(.text)
    Standard_GetDescriptorData               0x08003d0f   Thumb Code    32  usb_core.o(.text)
    Post0_Process                            0x0800423b   Thumb Code    56  usb_core.o(.text)
    Setup0_Process                           0x08004273   Thumb Code   170  usb_core.o(.text)
    SetDeviceAddress                         0x0800431d   Thumb Code    70  usb_core.o(.text)
    In0_Process                              0x08004363   Thumb Code    98  usb_core.o(.text)
    Out0_Process                             0x080043c5   Thumb Code    70  usb_core.o(.text)
    NOP_Process                              0x0800440b   Thumb Code     2  usb_core.o(.text)
    USB_Init                                 0x08004439   Thumb Code    36  usb_init.o(.text)
    CTR_LP                                   0x08004475   Thumb Code   610  usb_int.o(.text)
    CTR_HP                                   0x080046d7   Thumb Code   178  usb_int.o(.text)
    UserToPMABufferCopy                      0x080047a9   Thumb Code    50  usb_mem.o(.text)
    PMAToUserBufferCopy                      0x080047db   Thumb Code    32  usb_mem.o(.text)
    SetCNTR                                  0x08004801   Thumb Code     6  usb_regs.o(.text)
    GetCNTR                                  0x08004807   Thumb Code     8  usb_regs.o(.text)
    SetISTR                                  0x0800480f   Thumb Code     8  usb_regs.o(.text)
    GetISTR                                  0x08004817   Thumb Code    10  usb_regs.o(.text)
    GetFNR                                   0x08004821   Thumb Code    10  usb_regs.o(.text)
    SetDADDR                                 0x0800482b   Thumb Code     8  usb_regs.o(.text)
    GetDADDR                                 0x08004833   Thumb Code    10  usb_regs.o(.text)
    SetBTABLE                                0x0800483d   Thumb Code    14  usb_regs.o(.text)
    GetBTABLE                                0x0800484b   Thumb Code    10  usb_regs.o(.text)
    SetENDPOINT                              0x08004855   Thumb Code    12  usb_regs.o(.text)
    GetENDPOINT                              0x08004861   Thumb Code    16  usb_regs.o(.text)
    SetEPType                                0x08004871   Thumb Code    32  usb_regs.o(.text)
    GetEPType                                0x08004891   Thumb Code    18  usb_regs.o(.text)
    SetEPTxStatus                            0x080048a3   Thumb Code    62  usb_regs.o(.text)
    SetEPRxStatus                            0x080048e1   Thumb Code    62  usb_regs.o(.text)
    SetDouBleBuffEPStall                     0x0800491f   Thumb Code    54  usb_regs.o(.text)
    GetEPTxStatus                            0x08004955   Thumb Code    18  usb_regs.o(.text)
    GetEPRxStatus                            0x08004967   Thumb Code    18  usb_regs.o(.text)
    SetEPTxValid                             0x08004979   Thumb Code    48  usb_regs.o(.text)
    SetEPRxValid                             0x080049a9   Thumb Code    48  usb_regs.o(.text)
    SetEP_KIND                               0x080049d9   Thumb Code    40  usb_regs.o(.text)
    ClearEP_KIND                             0x08004a01   Thumb Code    36  usb_regs.o(.text)
    Clear_Status_Out                         0x08004a25   Thumb Code    36  usb_regs.o(.text)
    Set_Status_Out                           0x08004a49   Thumb Code    40  usb_regs.o(.text)
    SetEPDoubleBuff                          0x08004a71   Thumb Code    40  usb_regs.o(.text)
    ClearEPDoubleBuff                        0x08004a99   Thumb Code    36  usb_regs.o(.text)
    GetTxStallStatus                         0x08004abd   Thumb Code    30  usb_regs.o(.text)
    GetRxStallStatus                         0x08004adb   Thumb Code    32  usb_regs.o(.text)
    ClearEP_CTR_RX                           0x08004afb   Thumb Code    32  usb_regs.o(.text)
    ClearEP_CTR_TX                           0x08004b1b   Thumb Code    30  usb_regs.o(.text)
    ToggleDTOG_RX                            0x08004b39   Thumb Code    36  usb_regs.o(.text)
    ToggleDTOG_TX                            0x08004b5d   Thumb Code    36  usb_regs.o(.text)
    ClearDTOG_RX                             0x08004b81   Thumb Code    52  usb_regs.o(.text)
    ClearDTOG_TX                             0x08004bb5   Thumb Code    60  usb_regs.o(.text)
    SetEPAddress                             0x08004bf1   Thumb Code    38  usb_regs.o(.text)
    GetEPAddress                             0x08004c17   Thumb Code    18  usb_regs.o(.text)
    SetEPTxAddr                              0x08004c29   Thumb Code    24  usb_regs.o(.text)
    SetEPRxAddr                              0x08004c41   Thumb Code    26  usb_regs.o(.text)
    GetEPTxAddr                              0x08004c5b   Thumb Code    22  usb_regs.o(.text)
    GetEPRxAddr                              0x08004c71   Thumb Code    24  usb_regs.o(.text)
    SetEPTxCount                             0x08004c89   Thumb Code    20  usb_regs.o(.text)
    SetEPCountRxReg                          0x08004c9d   Thumb Code    46  usb_regs.o(.text)
    SetEPRxCount                             0x08004ccb   Thumb Code    66  usb_regs.o(.text)
    GetEPTxCount                             0x08004d0d   Thumb Code    26  usb_regs.o(.text)
    GetEPRxCount                             0x08004d27   Thumb Code    26  usb_regs.o(.text)
    SetEPDblBuffAddr                         0x08004d41   Thumb Code    46  usb_regs.o(.text)
    SetEPDblBuf0Addr                         0x08004d6f   Thumb Code    24  usb_regs.o(.text)
    SetEPDblBuf1Addr                         0x08004d87   Thumb Code    26  usb_regs.o(.text)
    GetEPDblBuf0Addr                         0x08004da1   Thumb Code    22  usb_regs.o(.text)
    GetEPDblBuf1Addr                         0x08004db7   Thumb Code    24  usb_regs.o(.text)
    SetEPDblBuffCount                        0x08004dcf   Thumb Code   184  usb_regs.o(.text)
    SetEPDblBuf0Count                        0x08004e87   Thumb Code    94  usb_regs.o(.text)
    SetEPDblBuf1Count                        0x08004ee5   Thumb Code    94  usb_regs.o(.text)
    GetEPDblBuf0Count                        0x08004f43   Thumb Code    26  usb_regs.o(.text)
    GetEPDblBuf1Count                        0x08004f5d   Thumb Code    26  usb_regs.o(.text)
    GetEPDblBufDir                           0x08004f77   Thumb Code    62  usb_regs.o(.text)
    FreeUserBuffer                           0x08004fb5   Thumb Code    92  usb_regs.o(.text)
    ToWord                                   0x08005011   Thumb Code     8  usb_regs.o(.text)
    ByteSwap                                 0x08005019   Thumb Code    12  usb_regs.o(.text)
    USB_SIL_Init                             0x08005029   Thumb Code    28  usb_sil.o(.text)
    USB_SIL_Write                            0x08005045   Thumb Code    46  usb_sil.o(.text)
    USB_SIL_Read                             0x08005073   Thumb Code    46  usb_sil.o(.text)
    NVIC_PriorityGroupConfig                 0x080050ad   Thumb Code    10  misc.o(.text)
    NVIC_Init                                0x080050b7   Thumb Code   102  misc.o(.text)
    NVIC_SetVectorTable                      0x0800511d   Thumb Code    14  misc.o(.text)
    NVIC_SystemLPConfig                      0x0800512b   Thumb Code    38  misc.o(.text)
    SysTick_CLKSourceConfig                  0x08005151   Thumb Code    40  misc.o(.text)
    USART_DeInit                             0x0800518d   Thumb Code   134  stm32f10x_usart.o(.text)
    USART_Init                               0x08005213   Thumb Code   210  stm32f10x_usart.o(.text)
    USART_StructInit                         0x080052e5   Thumb Code    24  stm32f10x_usart.o(.text)
    USART_ClockInit                          0x080052fd   Thumb Code    32  stm32f10x_usart.o(.text)
    USART_ClockStructInit                    0x0800531d   Thumb Code    12  stm32f10x_usart.o(.text)
    USART_Cmd                                0x08005329   Thumb Code    24  stm32f10x_usart.o(.text)
    USART_ITConfig                           0x08005341   Thumb Code    72  stm32f10x_usart.o(.text)
    USART_DMACmd                             0x08005389   Thumb Code    24  stm32f10x_usart.o(.text)
    USART_SetAddress                         0x080053a1   Thumb Code    18  stm32f10x_usart.o(.text)
    USART_WakeUpConfig                       0x080053b3   Thumb Code    18  stm32f10x_usart.o(.text)
    USART_ReceiverWakeUpCmd                  0x080053c5   Thumb Code    24  stm32f10x_usart.o(.text)
    USART_LINBreakDetectLengthConfig         0x080053dd   Thumb Code    18  stm32f10x_usart.o(.text)
    USART_LINCmd                             0x080053ef   Thumb Code    24  stm32f10x_usart.o(.text)
    USART_SendData                           0x08005407   Thumb Code     8  stm32f10x_usart.o(.text)
    USART_ReceiveData                        0x0800540f   Thumb Code    10  stm32f10x_usart.o(.text)
    USART_SendBreak                          0x08005419   Thumb Code    10  stm32f10x_usart.o(.text)
    USART_SetGuardTime                       0x08005423   Thumb Code    16  stm32f10x_usart.o(.text)
    USART_SetPrescaler                       0x08005433   Thumb Code    16  stm32f10x_usart.o(.text)
    USART_SmartCardCmd                       0x08005443   Thumb Code    24  stm32f10x_usart.o(.text)
    USART_SmartCardNACKCmd                   0x0800545b   Thumb Code    24  stm32f10x_usart.o(.text)
    USART_HalfDuplexCmd                      0x08005473   Thumb Code    24  stm32f10x_usart.o(.text)
    USART_OverSampling8Cmd                   0x0800548b   Thumb Code    22  stm32f10x_usart.o(.text)
    USART_OneBitMethodCmd                    0x080054a1   Thumb Code    24  stm32f10x_usart.o(.text)
    USART_IrDAConfig                         0x080054b9   Thumb Code    18  stm32f10x_usart.o(.text)
    USART_IrDACmd                            0x080054cb   Thumb Code    24  stm32f10x_usart.o(.text)
    USART_GetFlagStatus                      0x080054e3   Thumb Code    26  stm32f10x_usart.o(.text)
    USART_ClearFlag                          0x080054fd   Thumb Code    18  stm32f10x_usart.o(.text)
    USART_GetITStatus                        0x0800550f   Thumb Code    84  stm32f10x_usart.o(.text)
    USART_ClearITPendingBit                  0x08005563   Thumb Code    50  stm32f10x_usart.o(.text)
    DMA_DeInit                               0x08005595   Thumb Code   336  stm32f10x_dma.o(.text)
    DMA_Init                                 0x080056e5   Thumb Code    60  stm32f10x_dma.o(.text)
    DMA_StructInit                           0x08005721   Thumb Code    26  stm32f10x_dma.o(.text)
    DMA_Cmd                                  0x0800573b   Thumb Code    24  stm32f10x_dma.o(.text)
    DMA_ITConfig                             0x08005753   Thumb Code    18  stm32f10x_dma.o(.text)
    DMA_SetCurrDataCounter                   0x08005765   Thumb Code     4  stm32f10x_dma.o(.text)
    DMA_GetCurrDataCounter                   0x08005769   Thumb Code     8  stm32f10x_dma.o(.text)
    DMA_GetFlagStatus                        0x08005771   Thumb Code    38  stm32f10x_dma.o(.text)
    DMA_ClearFlag                            0x08005797   Thumb Code    22  stm32f10x_dma.o(.text)
    DMA_GetITStatus                          0x080057ad   Thumb Code    38  stm32f10x_dma.o(.text)
    DMA_ClearITPendingBit                    0x080057d3   Thumb Code    22  stm32f10x_dma.o(.text)
    GPIO_DeInit                              0x080057f1   Thumb Code   172  stm32f10x_gpio.o(.text)
    GPIO_AFIODeInit                          0x0800589d   Thumb Code    20  stm32f10x_gpio.o(.text)
    GPIO_Init                                0x080058b1   Thumb Code   268  stm32f10x_gpio.o(.text)
    GPIO_StructInit                          0x080059bd   Thumb Code    16  stm32f10x_gpio.o(.text)
    GPIO_ReadInputDataBit                    0x080059cd   Thumb Code    18  stm32f10x_gpio.o(.text)
    GPIO_ReadInputData                       0x080059df   Thumb Code     8  stm32f10x_gpio.o(.text)
    GPIO_ReadOutputDataBit                   0x080059e7   Thumb Code    18  stm32f10x_gpio.o(.text)
    GPIO_ReadOutputData                      0x080059f9   Thumb Code     8  stm32f10x_gpio.o(.text)
    GPIO_SetBits                             0x08005a01   Thumb Code     4  stm32f10x_gpio.o(.text)
    GPIO_ResetBits                           0x08005a05   Thumb Code     4  stm32f10x_gpio.o(.text)
    GPIO_WriteBit                            0x08005a09   Thumb Code    10  stm32f10x_gpio.o(.text)
    GPIO_Write                               0x08005a13   Thumb Code     4  stm32f10x_gpio.o(.text)
    GPIO_PinLockConfig                       0x08005a17   Thumb Code    18  stm32f10x_gpio.o(.text)
    GPIO_EventOutputConfig                   0x08005a29   Thumb Code    24  stm32f10x_gpio.o(.text)
    GPIO_EventOutputCmd                      0x08005a41   Thumb Code     6  stm32f10x_gpio.o(.text)
    GPIO_PinRemapConfig                      0x08005a47   Thumb Code   136  stm32f10x_gpio.o(.text)
    GPIO_EXTILineConfig                      0x08005acf   Thumb Code    60  stm32f10x_gpio.o(.text)
    GPIO_ETH_MediaInterfaceConfig            0x08005b0b   Thumb Code     8  stm32f10x_gpio.o(.text)
    RCC_DeInit                               0x08005b39   Thumb Code    64  stm32f10x_rcc.o(.text)
    RCC_HSEConfig                            0x08005b79   Thumb Code    70  stm32f10x_rcc.o(.text)
    RCC_GetFlagStatus                        0x08005bbf   Thumb Code    56  stm32f10x_rcc.o(.text)
    RCC_WaitForHSEStartUp                    0x08005bf7   Thumb Code    48  stm32f10x_rcc.o(.text)
    RCC_AdjustHSICalibrationValue            0x08005c27   Thumb Code    18  stm32f10x_rcc.o(.text)
    RCC_HSICmd                               0x08005c39   Thumb Code     6  stm32f10x_rcc.o(.text)
    RCC_PLLConfig                            0x08005c3f   Thumb Code    22  stm32f10x_rcc.o(.text)
    RCC_PLLCmd                               0x08005c55   Thumb Code     6  stm32f10x_rcc.o(.text)
    RCC_SYSCLKConfig                         0x08005c5b   Thumb Code    16  stm32f10x_rcc.o(.text)
    RCC_GetSYSCLKSource                      0x08005c6b   Thumb Code    10  stm32f10x_rcc.o(.text)
    RCC_HCLKConfig                           0x08005c75   Thumb Code    16  stm32f10x_rcc.o(.text)
    RCC_PCLK1Config                          0x08005c85   Thumb Code    16  stm32f10x_rcc.o(.text)
    RCC_PCLK2Config                          0x08005c95   Thumb Code    18  stm32f10x_rcc.o(.text)
    RCC_ITConfig                             0x08005ca7   Thumb Code    30  stm32f10x_rcc.o(.text)
    RCC_USBCLKConfig                         0x08005cc5   Thumb Code     8  stm32f10x_rcc.o(.text)
    RCC_ADCCLKConfig                         0x08005ccd   Thumb Code    16  stm32f10x_rcc.o(.text)
    RCC_LSEConfig                            0x08005cdd   Thumb Code    50  stm32f10x_rcc.o(.text)
    RCC_LSICmd                               0x08005d0f   Thumb Code     6  stm32f10x_rcc.o(.text)
    RCC_RTCCLKConfig                         0x08005d15   Thumb Code    12  stm32f10x_rcc.o(.text)
    RCC_RTCCLKCmd                            0x08005d21   Thumb Code     8  stm32f10x_rcc.o(.text)
    RCC_GetClocksFreq                        0x08005d29   Thumb Code   194  stm32f10x_rcc.o(.text)
    RCC_AHBPeriphClockCmd                    0x08005deb   Thumb Code    26  stm32f10x_rcc.o(.text)
    RCC_APB2PeriphClockCmd                   0x08005e05   Thumb Code    26  stm32f10x_rcc.o(.text)
    RCC_APB1PeriphClockCmd                   0x08005e1f   Thumb Code    26  stm32f10x_rcc.o(.text)
    RCC_APB2PeriphResetCmd                   0x08005e39   Thumb Code    26  stm32f10x_rcc.o(.text)
    RCC_APB1PeriphResetCmd                   0x08005e53   Thumb Code    26  stm32f10x_rcc.o(.text)
    RCC_BackupResetCmd                       0x08005e6d   Thumb Code     8  stm32f10x_rcc.o(.text)
    RCC_ClockSecuritySystemCmd               0x08005e75   Thumb Code     6  stm32f10x_rcc.o(.text)
    RCC_MCOConfig                            0x08005e7b   Thumb Code     6  stm32f10x_rcc.o(.text)
    RCC_ClearFlag                            0x08005e81   Thumb Code    14  stm32f10x_rcc.o(.text)
    RCC_GetITStatus                          0x08005e8f   Thumb Code    20  stm32f10x_rcc.o(.text)
    RCC_ClearITPendingBit                    0x08005ea3   Thumb Code     6  stm32f10x_rcc.o(.text)
    SDIO_DeInit                              0x08005ec9   Thumb Code    28  stm32f10x_sdio.o(.text)
    SDIO_Init                                0x08005ee5   Thumb Code    42  stm32f10x_sdio.o(.text)
    SDIO_StructInit                          0x08005f0f   Thumb Code    16  stm32f10x_sdio.o(.text)
    SDIO_ClockCmd                            0x08005f1f   Thumb Code     6  stm32f10x_sdio.o(.text)
    SDIO_SetPowerState                       0x08005f25   Thumb Code    22  stm32f10x_sdio.o(.text)
    SDIO_GetPowerState                       0x08005f3b   Thumb Code    10  stm32f10x_sdio.o(.text)
    SDIO_ITConfig                            0x08005f45   Thumb Code    26  stm32f10x_sdio.o(.text)
    SDIO_DMACmd                              0x08005f5f   Thumb Code     6  stm32f10x_sdio.o(.text)
    SDIO_SendCommand                         0x08005f65   Thumb Code    38  stm32f10x_sdio.o(.text)
    SDIO_CmdStructInit                       0x08005f8b   Thumb Code    14  stm32f10x_sdio.o(.text)
    SDIO_GetCommandResponse                  0x08005f99   Thumb Code     8  stm32f10x_sdio.o(.text)
    SDIO_GetResponse                         0x08005fa1   Thumb Code    14  stm32f10x_sdio.o(.text)
    SDIO_DataConfig                          0x08005faf   Thumb Code    42  stm32f10x_sdio.o(.text)
    SDIO_DataStructInit                      0x08005fd9   Thumb Code    20  stm32f10x_sdio.o(.text)
    SDIO_GetDataCounter                      0x08005fed   Thumb Code     6  stm32f10x_sdio.o(.text)
    SDIO_ReadData                            0x08005ff3   Thumb Code     8  stm32f10x_sdio.o(.text)
    SDIO_WriteData                           0x08005ffb   Thumb Code     8  stm32f10x_sdio.o(.text)
    SDIO_GetFIFOCount                        0x08006003   Thumb Code     6  stm32f10x_sdio.o(.text)
    SDIO_StartSDIOReadWait                   0x08006009   Thumb Code     8  stm32f10x_sdio.o(.text)
    SDIO_StopSDIOReadWait                    0x08006011   Thumb Code     8  stm32f10x_sdio.o(.text)
    SDIO_SetSDIOReadWaitMode                 0x08006019   Thumb Code     8  stm32f10x_sdio.o(.text)
    SDIO_SetSDIOOperation                    0x08006021   Thumb Code     8  stm32f10x_sdio.o(.text)
    SDIO_SendSDIOSuspendCmd                  0x08006029   Thumb Code     6  stm32f10x_sdio.o(.text)
    SDIO_CommandCompletionCmd                0x0800602f   Thumb Code     8  stm32f10x_sdio.o(.text)
    SDIO_CEATAITCmd                          0x08006037   Thumb Code    12  stm32f10x_sdio.o(.text)
    SDIO_SendCEATACmd                        0x08006043   Thumb Code     8  stm32f10x_sdio.o(.text)
    SDIO_GetFlagStatus                       0x0800604b   Thumb Code    20  stm32f10x_sdio.o(.text)
    SDIO_ClearFlag                           0x0800605f   Thumb Code     6  stm32f10x_sdio.o(.text)
    SDIO_GetITStatus                         0x08006065   Thumb Code    20  stm32f10x_sdio.o(.text)
    SDIO_ClearITPendingBit                   0x08006079   Thumb Code     6  stm32f10x_sdio.o(.text)
    Reset_Handler                            0x08006095   Thumb Code     8  startup_stm32f10x_hd.o(.text)
    ADC1_2_IRQHandler                        0x080060af   Thumb Code     0  startup_stm32f10x_hd.o(.text)
    ADC3_IRQHandler                          0x080060af   Thumb Code     0  startup_stm32f10x_hd.o(.text)
    CAN1_RX1_IRQHandler                      0x080060af   Thumb Code     0  startup_stm32f10x_hd.o(.text)
    CAN1_SCE_IRQHandler                      0x080060af   Thumb Code     0  startup_stm32f10x_hd.o(.text)
    DMA1_Channel1_IRQHandler                 0x080060af   Thumb Code     0  startup_stm32f10x_hd.o(.text)
    DMA1_Channel2_IRQHandler                 0x080060af   Thumb Code     0  startup_stm32f10x_hd.o(.text)
    DMA1_Channel3_IRQHandler                 0x080060af   Thumb Code     0  startup_stm32f10x_hd.o(.text)
    DMA1_Channel4_IRQHandler                 0x080060af   Thumb Code     0  startup_stm32f10x_hd.o(.text)
    DMA1_Channel5_IRQHandler                 0x080060af   Thumb Code     0  startup_stm32f10x_hd.o(.text)
    DMA1_Channel6_IRQHandler                 0x080060af   Thumb Code     0  startup_stm32f10x_hd.o(.text)
    DMA1_Channel7_IRQHandler                 0x080060af   Thumb Code     0  startup_stm32f10x_hd.o(.text)
    DMA2_Channel1_IRQHandler                 0x080060af   Thumb Code     0  startup_stm32f10x_hd.o(.text)
    DMA2_Channel2_IRQHandler                 0x080060af   Thumb Code     0  startup_stm32f10x_hd.o(.text)
    DMA2_Channel3_IRQHandler                 0x080060af   Thumb Code     0  startup_stm32f10x_hd.o(.text)
    DMA2_Channel4_5_IRQHandler               0x080060af   Thumb Code     0  startup_stm32f10x_hd.o(.text)
    EXTI0_IRQHandler                         0x080060af   Thumb Code     0  startup_stm32f10x_hd.o(.text)
    EXTI15_10_IRQHandler                     0x080060af   Thumb Code     0  startup_stm32f10x_hd.o(.text)
    EXTI1_IRQHandler                         0x080060af   Thumb Code     0  startup_stm32f10x_hd.o(.text)
    EXTI2_IRQHandler                         0x080060af   Thumb Code     0  startup_stm32f10x_hd.o(.text)
    EXTI3_IRQHandler                         0x080060af   Thumb Code     0  startup_stm32f10x_hd.o(.text)
    EXTI4_IRQHandler                         0x080060af   Thumb Code     0  startup_stm32f10x_hd.o(.text)
    EXTI9_5_IRQHandler                       0x080060af   Thumb Code     0  startup_stm32f10x_hd.o(.text)
    FLASH_IRQHandler                         0x080060af   Thumb Code     0  startup_stm32f10x_hd.o(.text)
    FSMC_IRQHandler                          0x080060af   Thumb Code     0  startup_stm32f10x_hd.o(.text)
    I2C1_ER_IRQHandler                       0x080060af   Thumb Code     0  startup_stm32f10x_hd.o(.text)
    I2C1_EV_IRQHandler                       0x080060af   Thumb Code     0  startup_stm32f10x_hd.o(.text)
    I2C2_ER_IRQHandler                       0x080060af   Thumb Code     0  startup_stm32f10x_hd.o(.text)
    I2C2_EV_IRQHandler                       0x080060af   Thumb Code     0  startup_stm32f10x_hd.o(.text)
    PVD_IRQHandler                           0x080060af   Thumb Code     0  startup_stm32f10x_hd.o(.text)
    RCC_IRQHandler                           0x080060af   Thumb Code     0  startup_stm32f10x_hd.o(.text)
    RTCAlarm_IRQHandler                      0x080060af   Thumb Code     0  startup_stm32f10x_hd.o(.text)
    RTC_IRQHandler                           0x080060af   Thumb Code     0  startup_stm32f10x_hd.o(.text)
    SPI1_IRQHandler                          0x080060af   Thumb Code     0  startup_stm32f10x_hd.o(.text)
    SPI2_IRQHandler                          0x080060af   Thumb Code     0  startup_stm32f10x_hd.o(.text)
    SPI3_IRQHandler                          0x080060af   Thumb Code     0  startup_stm32f10x_hd.o(.text)
    TAMPER_IRQHandler                        0x080060af   Thumb Code     0  startup_stm32f10x_hd.o(.text)
    TIM1_BRK_IRQHandler                      0x080060af   Thumb Code     0  startup_stm32f10x_hd.o(.text)
    TIM1_CC_IRQHandler                       0x080060af   Thumb Code     0  startup_stm32f10x_hd.o(.text)
    TIM1_TRG_COM_IRQHandler                  0x080060af   Thumb Code     0  startup_stm32f10x_hd.o(.text)
    TIM1_UP_IRQHandler                       0x080060af   Thumb Code     0  startup_stm32f10x_hd.o(.text)
    TIM2_IRQHandler                          0x080060af   Thumb Code     0  startup_stm32f10x_hd.o(.text)
    TIM3_IRQHandler                          0x080060af   Thumb Code     0  startup_stm32f10x_hd.o(.text)
    TIM4_IRQHandler                          0x080060af   Thumb Code     0  startup_stm32f10x_hd.o(.text)
    TIM5_IRQHandler                          0x080060af   Thumb Code     0  startup_stm32f10x_hd.o(.text)
    TIM6_IRQHandler                          0x080060af   Thumb Code     0  startup_stm32f10x_hd.o(.text)
    TIM7_IRQHandler                          0x080060af   Thumb Code     0  startup_stm32f10x_hd.o(.text)
    TIM8_BRK_IRQHandler                      0x080060af   Thumb Code     0  startup_stm32f10x_hd.o(.text)
    TIM8_CC_IRQHandler                       0x080060af   Thumb Code     0  startup_stm32f10x_hd.o(.text)
    TIM8_TRG_COM_IRQHandler                  0x080060af   Thumb Code     0  startup_stm32f10x_hd.o(.text)
    TIM8_UP_IRQHandler                       0x080060af   Thumb Code     0  startup_stm32f10x_hd.o(.text)
    UART4_IRQHandler                         0x080060af   Thumb Code     0  startup_stm32f10x_hd.o(.text)
    UART5_IRQHandler                         0x080060af   Thumb Code     0  startup_stm32f10x_hd.o(.text)
    USART1_IRQHandler                        0x080060af   Thumb Code     0  startup_stm32f10x_hd.o(.text)
    USART2_IRQHandler                        0x080060af   Thumb Code     0  startup_stm32f10x_hd.o(.text)
    USART3_IRQHandler                        0x080060af   Thumb Code     0  startup_stm32f10x_hd.o(.text)
    USBWakeUp_IRQHandler                     0x080060af   Thumb Code     0  startup_stm32f10x_hd.o(.text)
    WWDG_IRQHandler                          0x080060af   Thumb Code     0  startup_stm32f10x_hd.o(.text)
    SystemInit                               0x08006181   Thumb Code    78  system_stm32f10x.o(.text)
    SystemCoreClockUpdate                    0x080061cf   Thumb Code   142  system_stm32f10x.o(.text)
    __scatterload                            0x08006281   Thumb Code    28  init.o(.text)
    __scatterload_rt2                        0x08006281   Thumb Code     0  init.o(.text)
    __decompress                             0x080062a5   Thumb Code     0  __dczerorl2.o(.text)
    __decompress1                            0x080062a5   Thumb Code    88  __dczerorl2.o(.text)
    __scatterload_copy                       0x080062fd   Thumb Code    14  handlers.o(i.__scatterload_copy)
    __scatterload_null                       0x0800630b   Thumb Code     2  handlers.o(i.__scatterload_null)
    __scatterload_zeroinit                   0x0800630d   Thumb Code    14  handlers.o(i.__scatterload_zeroinit)
    MASS_DeviceDescriptor                    0x0800631a   Data          18  usb_desc.o(.constdata)
    MASS_ConfigDescriptor                    0x0800632c   Data          32  usb_desc.o(.constdata)
    MASS_StringLangID                        0x0800634c   Data           4  usb_desc.o(.constdata)
    MASS_StringVendor                        0x08006350   Data          38  usb_desc.o(.constdata)
    MASS_StringProduct                       0x08006376   Data          38  usb_desc.o(.constdata)
    MASS_StringInterface                     0x0800639c   Data          16  usb_desc.o(.constdata)
    Region$$Table$$Base                      0x080063ac   Number         0  anon$$obj.o(Region$$Table)
    Region$$Table$$Limit                     0x080063cc   Number         0  anon$$obj.o(Region$$Table)
    TransferError                            0x20000014   Data           1  sdio_sdcard.o(.data)
    TransferEnd                              0x20000018   Data           4  sdio_sdcard.o(.data)
    NumberOfBytes                            0x2000001c   Data           4  sdio_sdcard.o(.data)
    SrcBuffer                                0x20000020   Data           4  sdio_sdcard.o(.data)
    DestBuffer                               0x20000024   Data           4  sdio_sdcard.o(.data)
    Mass_Memory_Size                         0x20000028   Data           8  main.o(.data)
    Mass_Block_Size                          0x20000030   Data           8  main.o(.data)
    Mass_Block_Count                         0x20000038   Data           8  main.o(.data)
    Status                                   0x20000040   Data           4  mass_mal.o(.data)
    dis_mem                                  0x20000044   Data           1  mass_mal.o(.data)
    Mass_Memory_Size1                        0x20000048   Data           4  mass_mal.o(.data)
    Mass_Block_Size1                         0x2000004c   Data           4  mass_mal.o(.data)
    Mass_Block_Count1                        0x20000050   Data           4  mass_mal.o(.data)
    Block_Read_count                         0x20000054   Data           4  memory.o(.data)
    Counter                                  0x20000058   Data           4  memory.o(.data)
    TransferState                            0x2000005c   Data           1  memory.o(.data)
    Block_offset                             0x20000070   Data           4  memory.o(.data)
    Idx                                      0x20000074   Data           4  memory.o(.data)
    Page00_Inquiry_Data                      0x20000078   Data           5  scsi_data.o(.data)
    Standard_Inquiry_Data                    0x2000007d   Data          36  scsi_data.o(.data)
    Standard_Inquiry_Data2                   0x200000a1   Data          36  scsi_data.o(.data)
    Mode_Sense6_data                         0x200000c5   Data           4  scsi_data.o(.data)
    Mode_Sense10_data                        0x200000c9   Data           8  scsi_data.o(.data)
    Scsi_Sense_Data                          0x200000d1   Data          18  scsi_data.o(.data)
    ReadCapacity10_Data                      0x200000e3   Data           8  scsi_data.o(.data)
    ReadFormatCapacity_Data                  0x200000eb   Data          12  scsi_data.o(.data)
    Bot_State                                0x200000f8   Data           1  usb_bot.o(.data)
    Data_Len                                 0x200000fa   Data           2  usb_bot.o(.data)
    SCSI_LBA                                 0x200000fc   Data           4  usb_bot.o(.data)
    SCSI_BlkLen                              0x20000100   Data           4  usb_bot.o(.data)
    MASS_StringSerial                        0x20000104   Data          26  usb_desc.o(.data)
    bIntPackSOF                              0x20000120   Data           1  usb_istr.o(.data)
    pEpInt_IN                                0x20000124   Data          28  usb_istr.o(.data)
    pEpInt_OUT                               0x20000140   Data          28  usb_istr.o(.data)
    wIstr                                    0x2000015c   Data           2  usb_istr.o(.data)
    Max_Lun                                  0x20000160   Data           4  usb_prop.o(.data)
    Device_Table                             0x20000164   Data           2  usb_prop.o(.data)
    Device_Property                          0x20000168   Data          48  usb_prop.o(.data)
    User_Standard_Requests                   0x20000198   Data          36  usb_prop.o(.data)
    Device_Descriptor                        0x200001bc   Data           8  usb_prop.o(.data)
    Config_Descriptor                        0x200001c4   Data           8  usb_prop.o(.data)
    String_Descriptor                        0x200001cc   Data          40  usb_prop.o(.data)
    bDeviceState                             0x200001f4   Data           4  usb_pwr.o(.data)
    fSuspendEnabled                          0x200001f8   Data           1  usb_pwr.o(.data)
    ResumeS                                  0x200001f9   Data           2  usb_pwr.o(.data)
    Data_Mul_MaxPacketSize                   0x200001fc   Data           1  usb_core.o(.data)
    StatusInfo                               0x200001fe   Data           2  usb_core.o(.data)
    EPindex                                  0x20000200   Data           1  usb_init.o(.data)
    pInformation                             0x20000204   Data           4  usb_init.o(.data)
    pProperty                                0x20000208   Data           4  usb_init.o(.data)
    SaveState                                0x2000020c   Data           2  usb_init.o(.data)
    wInterrupt_Mask                          0x2000020e   Data           2  usb_init.o(.data)
    pUser_Standard_Requests                  0x20000210   Data           4  usb_init.o(.data)
    SaveRState                               0x20000214   Data           2  usb_int.o(.data)
    SaveTState                               0x20000216   Data           2  usb_int.o(.data)
    SystemCoreClock                          0x2000022c   Data           4  system_stm32f10x.o(.data)
    AHBPrescTable                            0x20000230   Data          16  system_stm32f10x.o(.data)
    SDCardInfo                               0x20000260   Data          80  sdio_sdcard.o(.bss)
    SDIO_InitStructure                       0x200002b0   Data          24  sdio_sdcard.o(.bss)
    SDIO_CmdInitStructure                    0x200002c8   Data          20  sdio_sdcard.o(.bss)
    SDIO_DataInitStructure                   0x200002dc   Data          24  sdio_sdcard.o(.bss)
    Buffer_Block_Tx                          0x200002f4   Data         512  mass_mal.o(.bss)
    Buffer_Block_Rx                          0x200004f4   Data         512  mass_mal.o(.bss)
    Buffer_MultiBlock_Tx                     0x200006f4   Data        1024  mass_mal.o(.bss)
    Buffer_MultiBlock_Rx                     0x20000af4   Data        1024  mass_mal.o(.bss)
    Data_Buffer                              0x20000ef4   Data         512  memory.o(.bss)
    Bulk_Data_Buff                           0x200010f4   Data          64  usb_bot.o(.bss)
    CBW                                      0x20001134   Data          32  usb_bot.o(.bss)
    CSW                                      0x20001154   Data          16  usb_bot.o(.bss)
    Device_Info                              0x20001164   Data          28  usb_init.o(.bss)
    __initial_sp                             0x20001580   Data           0  startup_stm32f10x_hd.o(STACK)



==============================================================================

Memory Map of the image

  Image Entry point : 0x08000131

  Load Region LR_IROM1 (Base: 0x08000000, Size: 0x0000660c, Max: 0x00080000, ABSOLUTE, COMPRESSED[0x0000649c])

    Execution Region ER_IROM1 (Base: 0x08000000, Size: 0x000063cc, Max: 0x00080000, ABSOLUTE)

    Base Addr    Size         Type   Attr      Idx    E Section Name        Object

    0x08000000   0x00000130   Data   RO          555    RESET               startup_stm32f10x_hd.o
    0x08000130   0x00000000   Code   RO          589  * .ARM.Collect$$$$00000000  entry.o(mc_w.l)
    0x08000130   0x00000004   Code   RO          592    .ARM.Collect$$$$00000001  entry2.o(mc_w.l)
    0x08000134   0x00000004   Code   RO          595    .ARM.Collect$$$$00000004  entry5.o(mc_w.l)
    0x08000138   0x00000008   Code   RO          596    .ARM.Collect$$$$00000007  entry7.o(mc_w.l)
    0x08000140   0x00000004   Code   RO          593    .ARM.Collect$$$$00002712  entry2.o(mc_w.l)
    0x08000144   0x00000032   Code   RO            1    .text               stm32f10x_it.o
    0x08000176   0x00000002   PAD
    0x08000178   0x000000f4   Code   RO           84    .text               hw_config.o
    0x0800026c   0x000022cc   Code   RO          142    .text               sdio_sdcard.o
    0x08002538   0x000002b8   Code   RO          161    .text               main.o
    0x080027f0   0x00000248   Code   RO          186    .text               mass_mal.o
    0x08002a38   0x0000022c   Code   RO          206    .text               memory.o
    0x08002c64   0x0000044c   Code   RO          248    .text               usb_bot.o
    0x080030b0   0x00000010   Code   RO          278    .text               usb_endp.o
    0x080030c0   0x00000050   Code   RO          290    .text               usb_istr.o
    0x08003110   0x0000026c   Code   RO          308    .text               usb_prop.o
    0x0800337c   0x00000160   Code   RO          335    .text               usb_pwr.o
    0x080034dc   0x00000410   Code   RO          353    .text               usb_scsi.o
    0x080038ec   0x00000b4c   Code   RO          369    .text               usb_core.o
    0x08004438   0x0000003c   Code   RO          384    .text               usb_init.o
    0x08004474   0x00000334   Code   RO          407    .text               usb_int.o
    0x080047a8   0x00000058   Code   RO          431    .text               usb_mem.o
    0x08004800   0x00000828   Code   RO          443    .text               usb_regs.o
    0x08005028   0x00000084   Code   RO          455    .text               usb_sil.o
    0x080050ac   0x000000e0   Code   RO          467    .text               misc.o
    0x0800518c   0x00000408   Code   RO          479    .text               stm32f10x_usart.o
    0x08005594   0x0000025c   Code   RO          503    .text               stm32f10x_dma.o
    0x080057f0   0x00000348   Code   RO          515    .text               stm32f10x_gpio.o
    0x08005b38   0x00000390   Code   RO          527    .text               stm32f10x_rcc.o
    0x08005ec8   0x000001cc   Code   RO          541    .text               stm32f10x_sdio.o
    0x08006094   0x00000024   Code   RO          556    .text               startup_stm32f10x_hd.o
    0x080060b8   0x000001c8   Code   RO          571    .text               system_stm32f10x.o
    0x08006280   0x00000024   Code   RO          597    .text               init.o(mc_w.l)
    0x080062a4   0x00000058   Code   RO          607    .text               __dczerorl2.o(mc_w.l)
    0x080062fc   0x0000000e   Code   RO          601    i.__scatterload_copy  handlers.o(mc_w.l)
    0x0800630a   0x00000002   Code   RO          602    i.__scatterload_null  handlers.o(mc_w.l)
    0x0800630c   0x0000000e   Code   RO          603    i.__scatterload_zeroinit  handlers.o(mc_w.l)
    0x0800631a   0x00000092   Data   RO          265    .constdata          usb_desc.o
    0x080063ac   0x00000020   Data   RO          599    Region$$Table       anon$$obj.o


    Execution Region RW_IRAM1 (Base: 0x20000000, Size: 0x00001580, Max: 0x00010000, ABSOLUTE, COMPRESSED[0x000000d0])

    Base Addr    Size         Type   Attr      Idx    E Section Name        Object

    0x20000000   0x00000028   Data   RW          144    .data               sdio_sdcard.o
    0x20000028   0x00000018   Data   RW          162    .data               main.o
    0x20000040   0x00000014   Data   RW          188    .data               mass_mal.o
    0x20000054   0x00000024   Data   RW          208    .data               memory.o
    0x20000078   0x0000007f   Data   RW          236    .data               scsi_data.o
    0x200000f7   0x00000001   PAD
    0x200000f8   0x0000000c   Data   RW          250    .data               usb_bot.o
    0x20000104   0x0000001a   Data   RW          266    .data               usb_desc.o
    0x2000011e   0x00000002   PAD
    0x20000120   0x0000003e   Data   RW          291    .data               usb_istr.o
    0x2000015e   0x00000002   PAD
    0x20000160   0x00000094   Data   RW          309    .data               usb_prop.o
    0x200001f4   0x00000007   Data   RW          336    .data               usb_pwr.o
    0x200001fb   0x00000001   PAD
    0x200001fc   0x00000004   Data   RW          370    .data               usb_core.o
    0x20000200   0x00000014   Data   RW          386    .data               usb_init.o
    0x20000214   0x00000004   Data   RW          408    .data               usb_int.o
    0x20000218   0x00000014   Data   RW          528    .data               stm32f10x_rcc.o
    0x2000022c   0x00000014   Data   RW          572    .data               system_stm32f10x.o
    0x20000240   0x000000b4   Zero   RW          143    .bss                sdio_sdcard.o
    0x200002f4   0x00000c00   Zero   RW          187    .bss                mass_mal.o
    0x20000ef4   0x00000200   Zero   RW          207    .bss                memory.o
    0x200010f4   0x00000070   Zero   RW          249    .bss                usb_bot.o
    0x20001164   0x0000001c   Zero   RW          385    .bss                usb_init.o
    0x20001180   0x00000400   Zero   RW          553    STACK               startup_stm32f10x_hd.o


==============================================================================

Image component sizes


      Code (inc. data)   RO Data    RW Data    ZI Data      Debug   Object Name

       244         30          0          0          0      29739   hw_config.o
       696         16          0         24          0       4402   main.o
       584        118          0         20       3072       3229   mass_mal.o
       556         50          0         36        512       3518   memory.o
       224         20          0          0          0       2049   misc.o
         0          0          0        127          0       1130   scsi_data.o
      8908        292          0         40        180      25629   sdio_sdcard.o
        36          8        304          0       1024        648   startup_stm32f10x_hd.o
       604          8          0          0          0       4614   stm32f10x_dma.o
       840         38          0          0          0       5925   stm32f10x_gpio.o
        50          0          0          0          0     238311   stm32f10x_it.o
       912         32          0         20          0       9144   stm32f10x_rcc.o
       460         22          0          0          0       7280   stm32f10x_sdio.o
      1032         20          0          0          0       8684   stm32f10x_usart.o
       456         36          0         20          0       2119   system_stm32f10x.o
      1100         62          0         12        112       2965   usb_bot.o
      2892        112          0          4          0       8311   usb_core.o
         0          0        146         26          0       1032   usb_desc.o
        16          0          0          0          0        623   usb_endp.o
        60         24          0         20         28       4502   usb_init.o
       820         32          0          4          0       2171   usb_int.o
        80         18          0         62          0       1488   usb_istr.o
        88          6          0          0          0       1606   usb_mem.o
       620         48          0        148          0       7268   usb_prop.o
       352         26          0          7          0       2865   usb_pwr.o
      2088         24          0          0          0      11837   usb_regs.o
      1040         48          0          0          0       5090   usb_scsi.o
       132         12          0          0          0       1698   usb_sil.o

    ----------------------------------------------------------------------
     24892       1102        482        576       4928     397877   Object Totals
         0          0         32          0          0          0   (incl. Generated)
         2          0          0          6          0          1   (incl. Padding)

    ----------------------------------------------------------------------

      Code (inc. data)   RO Data    RW Data    ZI Data      Debug   Library Member Name

        88          0          0          0          0          0   __dczerorl2.o
         0          0          0          0          0          0   entry.o
         8          4          0          0          0          0   entry2.o
         4          0          0          0          0          0   entry5.o
         8          4          0          0          0          0   entry7.o
        30          0          0          0          0          0   handlers.o
        36          8          0          0          0         68   init.o

    ----------------------------------------------------------------------
       174         16          0          0          0         68   Library Totals
         0          0          0          0          0          0   (incl. Padding)

    ----------------------------------------------------------------------

      Code (inc. data)   RO Data    RW Data    ZI Data      Debug   Library Name

       174         16          0          0          0         68   mc_w.l

    ----------------------------------------------------------------------
       174         16          0          0          0         68   Library Totals

    ----------------------------------------------------------------------

==============================================================================


      Code (inc. data)   RO Data    RW Data    ZI Data      Debug   

     25066       1118        482        576       4928     395596   Grand Totals
     25066       1118        482        208       4928     395596   ELF Image Totals (compressed)
     25066       1118        482        208          0          0   ROM Totals

==============================================================================

    Total RO  Size (Code + RO Data)                25548 (  24.95kB)
    Total RW  Size (RW Data + ZI Data)              5504 (   5.38kB)
    Total ROM Size (Code + RO Data + RW Data)      25756 (  25.15kB)

==============================================================================

