ARM Linker, RVCT4.0 [Build 524] for uVision [Standard]

==============================================================================

Section Cross References

    fsmc_nand.o(i.FSMC_NAND_EraseBlock) refers to fsmc_nand.o(i.FSMC_NAND_GetStatus) for FSMC_NAND_GetStatus
    fsmc_nand.o(i.FSMC_NAND_GetStatus) refers to fsmc_nand.o(i.FSMC_NAND_ReadStatus) for FSMC_NAND_ReadStatus
    fsmc_nand.o(i.FSMC_NAND_Init) refers to stm32f10x_rcc.o(i.RCC_APB2PeriphClockCmd) for RCC_APB2PeriphClockCmd
    fsmc_nand.o(i.FSMC_NAND_Init) refers to stm32f10x_gpio.o(i.GPIO_Init) for GPIO_Init
    fsmc_nand.o(i.FSMC_NAND_Init) refers to stm32f10x_fsmc.o(i.FSMC_NANDInit) for FSMC_NANDInit
    fsmc_nand.o(i.FSMC_NAND_Init) refers to stm32f10x_fsmc.o(i.FSMC_NANDCmd) for FSMC_NANDCmd
    fsmc_nand.o(i.FSMC_NAND_ReadSmallPage) refers to fsmc_nand.o(i.FSMC_NAND_AddressIncrement) for FSMC_NAND_AddressIncrement
    fsmc_nand.o(i.FSMC_NAND_ReadSmallPage) refers to fsmc_nand.o(i.FSMC_NAND_GetStatus) for FSMC_NAND_GetStatus
    fsmc_nand.o(i.FSMC_NAND_ReadSpareArea) refers to fsmc_nand.o(i.FSMC_NAND_AddressIncrement) for FSMC_NAND_AddressIncrement
    fsmc_nand.o(i.FSMC_NAND_ReadSpareArea) refers to fsmc_nand.o(i.FSMC_NAND_GetStatus) for FSMC_NAND_GetStatus
    fsmc_nand.o(i.FSMC_NAND_WriteSmallPage) refers to fsmc_nand.o(i.FSMC_NAND_GetStatus) for FSMC_NAND_GetStatus
    fsmc_nand.o(i.FSMC_NAND_WriteSmallPage) refers to fsmc_nand.o(i.FSMC_NAND_AddressIncrement) for FSMC_NAND_AddressIncrement
    fsmc_nand.o(i.FSMC_NAND_WriteSpareArea) refers to fsmc_nand.o(i.FSMC_NAND_GetStatus) for FSMC_NAND_GetStatus
    fsmc_nand.o(i.FSMC_NAND_WriteSpareArea) refers to fsmc_nand.o(i.FSMC_NAND_AddressIncrement) for FSMC_NAND_AddressIncrement
    hw_config.o(i.Enter_LowPowerMode) refers to usb_pwr.o(.data) for bDeviceState
    hw_config.o(i.Get_SerialNum) refers to usb_desc.o(.data) for MASS_StringSerial
    hw_config.o(i.Leave_LowPowerMode) refers to usb_init.o(.bss) for Device_Info
    hw_config.o(i.Leave_LowPowerMode) refers to usb_pwr.o(.data) for bDeviceState
    hw_config.o(i.Led_Config) refers to stm32_eval.o(i.STM_EVAL_LEDInit) for STM_EVAL_LEDInit
    hw_config.o(i.Led_RW_OFF) refers to stm32_eval.o(i.STM_EVAL_LEDOff) for STM_EVAL_LEDOff
    hw_config.o(i.Led_RW_ON) refers to stm32_eval.o(i.STM_EVAL_LEDOn) for STM_EVAL_LEDOn
    hw_config.o(i.MAL_Config) refers to mass_mal.o(i.MAL_Init) for MAL_Init
    hw_config.o(i.RCC_Config) refers to stm32f10x_rcc.o(i.RCC_DeInit) for RCC_DeInit
    hw_config.o(i.RCC_Config) refers to stm32f10x_rcc.o(i.RCC_HSEConfig) for RCC_HSEConfig
    hw_config.o(i.RCC_Config) refers to stm32f10x_rcc.o(i.RCC_WaitForHSEStartUp) for RCC_WaitForHSEStartUp
    hw_config.o(i.RCC_Config) refers to stm32f10x_flash.o(i.FLASH_PrefetchBufferCmd) for FLASH_PrefetchBufferCmd
    hw_config.o(i.RCC_Config) refers to stm32f10x_flash.o(i.FLASH_SetLatency) for FLASH_SetLatency
    hw_config.o(i.RCC_Config) refers to stm32f10x_rcc.o(i.RCC_HCLKConfig) for RCC_HCLKConfig
    hw_config.o(i.RCC_Config) refers to stm32f10x_rcc.o(i.RCC_PCLK2Config) for RCC_PCLK2Config
    hw_config.o(i.RCC_Config) refers to stm32f10x_rcc.o(i.RCC_PCLK1Config) for RCC_PCLK1Config
    hw_config.o(i.RCC_Config) refers to stm32f10x_rcc.o(i.RCC_PLLConfig) for RCC_PLLConfig
    hw_config.o(i.RCC_Config) refers to stm32f10x_rcc.o(i.RCC_PLLCmd) for RCC_PLLCmd
    hw_config.o(i.RCC_Config) refers to stm32f10x_rcc.o(i.RCC_GetFlagStatus) for RCC_GetFlagStatus
    hw_config.o(i.RCC_Config) refers to stm32f10x_rcc.o(i.RCC_SYSCLKConfig) for RCC_SYSCLKConfig
    hw_config.o(i.RCC_Config) refers to stm32f10x_rcc.o(i.RCC_GetSYSCLKSource) for RCC_GetSYSCLKSource
    hw_config.o(i.RCC_Config) refers to hw_config.o(.data) for .data
    hw_config.o(i.Set_System) refers to hw_config.o(i.RCC_Config) for RCC_Config
    hw_config.o(i.Set_System) refers to main.o(i.Serial_Init) for Serial_Init
    hw_config.o(i.Set_System) refers to hw_config.o(i.USB_Disconnect_Config) for USB_Disconnect_Config
    hw_config.o(i.Set_System) refers to mass_mal.o(i.MAL_Init) for MAL_Init
    hw_config.o(i.Set_USBClock) refers to stm32f10x_rcc.o(i.RCC_USBCLKConfig) for RCC_USBCLKConfig
    hw_config.o(i.Set_USBClock) refers to stm32f10x_rcc.o(i.RCC_APB1PeriphClockCmd) for RCC_APB1PeriphClockCmd
    hw_config.o(i.USB_Cable_Config) refers to stm32f10x_gpio.o(i.GPIO_ResetBits) for GPIO_ResetBits
    hw_config.o(i.USB_Cable_Config) refers to stm32f10x_gpio.o(i.GPIO_SetBits) for GPIO_SetBits
    hw_config.o(i.USB_Configured_LED) refers to stm32_eval.o(i.STM_EVAL_LEDOn) for STM_EVAL_LEDOn
    hw_config.o(i.USB_Disconnect_Config) refers to stm32f10x_rcc.o(i.RCC_APB2PeriphClockCmd) for RCC_APB2PeriphClockCmd
    hw_config.o(i.USB_Disconnect_Config) refers to stm32f10x_gpio.o(i.GPIO_Init) for GPIO_Init
    hw_config.o(i.USB_Interrupts_Config) refers to misc.o(i.NVIC_PriorityGroupConfig) for NVIC_PriorityGroupConfig
    hw_config.o(i.USB_Interrupts_Config) refers to misc.o(i.NVIC_Init) for NVIC_Init
[...]
    NoData_Setup0                            0x08001f85   Thumb Code   194  usb_core.o(i.NoData_Setup0)
    i.Out0_Process                           0x0800205c   Section       68  usb_core.o(i.Out0_Process)
    i.PMAToUserBufferCopy                    0x080020a0   Section       32  usb_mem.o(i.PMAToUserBufferCopy)
    i.PendSV_Handler                         0x080020c0   Section        2  stm32f10x_it.o(i.PendSV_Handler)
    i.Post0_Process                          0x080020c4   Section       64  usb_core.o(i.Post0_Process)
    i.PowerOn                                0x08002104   Section       44  usb_pwr.o(i.PowerOn)
    i.RCC_AHBPeriphClockCmd                  0x08002130   Section       24  stm32f10x_rcc.o(i.RCC_AHBPeriphClockCmd)
    i.RCC_APB1PeriphClockCmd                 0x08002148   Section       24  stm32f10x_rcc.o(i.RCC_APB1PeriphClockCmd)
    i.RCC_APB2PeriphClockCmd                 0x08002160   Section       24  stm32f10x_rcc.o(i.RCC_APB2PeriphClockCmd)
    i.RCC_APB2PeriphResetCmd                 0x08002178   Section       24  stm32f10x_rcc.o(i.RCC_APB2PeriphResetCmd)
    i.RCC_Config                             0x08002190   Section      108  hw_config.o(i.RCC_Config)
    RCC_Config                               0x08002191   Thumb Code   104  hw_config.o(i.RCC_Config)
    i.RCC_DeInit                             0x080021fc   Section       64  stm32f10x_rcc.o(i.RCC_DeInit)
    i.RCC_GetClocksFreq                      0x0800223c   Section      148  stm32f10x_rcc.o(i.RCC_GetClocksFreq)
    i.RCC_GetFlagStatus                      0x080022d0   Section       48  stm32f10x_rcc.o(i.RCC_GetFlagStatus)
    i.RCC_GetSYSCLKSource                    0x08002300   Section       16  stm32f10x_rcc.o(i.RCC_GetSYSCLKSource)
    i.RCC_HCLKConfig                         0x08002310   Section       20  stm32f10x_rcc.o(i.RCC_HCLKConfig)
    i.RCC_HSEConfig                          0x08002324   Section       52  stm32f10x_rcc.o(i.RCC_HSEConfig)
    i.RCC_PCLK1Config                        0x08002358   Section       20  stm32f10x_rcc.o(i.RCC_PCLK1Config)
    i.RCC_PCLK2Config                        0x0800236c   Section       20  stm32f10x_rcc.o(i.RCC_PCLK2Config)
    i.RCC_PLLCmd                             0x08002380   Section       12  stm32f10x_rcc.o(i.RCC_PLLCmd)
    i.RCC_PLLConfig                          0x0800238c   Section       20  stm32f10x_rcc.o(i.RCC_PLLConfig)
    i.RCC_SYSCLKConfig                       0x080023a0   Section       20  stm32f10x_rcc.o(i.RCC_SYSCLKConfig)
    i.RCC_USBCLKConfig                       0x080023b4   Section       12  stm32f10x_rcc.o(i.RCC_USBCLKConfig)
    i.RCC_WaitForHSEStartUp                  0x080023c0   Section       38  stm32f10x_rcc.o(i.RCC_WaitForHSEStartUp)
    i.ReadSpareArea                          0x080023e6   Section       46  nand_if.o(i.ReadSpareArea)
    i.Read_Memory                            0x08002414   Section      192  memory.o(i.Read_Memory)
    i.SCSI_Address_Management                0x080024d4   Section      108  usb_scsi.o(i.SCSI_Address_Management)
    i.SCSI_Format_Cmd                        0x08002540   Section       56  usb_scsi.o(i.SCSI_Format_Cmd)
    i.SCSI_Inquiry_Cmd                       0x08002578   Section       52  usb_scsi.o(i.SCSI_Inquiry_Cmd)
    i.SCSI_Invalid_Cmd                       0x080025ac   Section       56  usb_scsi.o(i.SCSI_Invalid_Cmd)
    i.SCSI_ModeSense10_Cmd                   0x080025e4   Section       12  usb_scsi.o(i.SCSI_ModeSense10_Cmd)
    i.SCSI_ModeSense6_Cmd                    0x080025f0   Section       12  usb_scsi.o(i.SCSI_ModeSense6_Cmd)
    i.SCSI_Read10_Cmd                        0x080025fc   Section      108  usb_scsi.o(i.SCSI_Read10_Cmd)
    i.SCSI_ReadCapacity10_Cmd                0x08002668   Section      108  usb_scsi.o(i.SCSI_ReadCapacity10_Cmd)
    i.SCSI_ReadFormatCapacity_Cmd            0x080026d4   Section      104  usb_scsi.o(i.SCSI_ReadFormatCapacity_Cmd)
    i.SCSI_RequestSense_Cmd                  0x0800273c   Section       24  usb_scsi.o(i.SCSI_RequestSense_Cmd)
    i.SCSI_Start_Stop_Unit_Cmd               0x08002754   Section        8  usb_scsi.o(i.SCSI_Start_Stop_Unit_Cmd)
    i.SCSI_TestUnitReady_Cmd                 0x0800275c   Section       52  usb_scsi.o(i.SCSI_TestUnitReady_Cmd)
    i.SCSI_Verify10_Cmd                      0x08002790   Section       56  usb_scsi.o(i.SCSI_Verify10_Cmd)
    i.SCSI_Write10_Cmd                       0x080027c8   Section      104  usb_scsi.o(i.SCSI_Write10_Cmd)
    i.SDEnWideBus                            0x08002830   Section      184  sdcard.o(i.SDEnWideBus)
    SDEnWideBus                              0x08002831   Thumb Code   174  sdcard.o(i.SDEnWideBus)
    i.SDIO_ClearFlag                         0x080028e8   Section       12  stm32f10x_sdio.o(i.SDIO_ClearFlag)
    i.SDIO_ClearITPendingBit                 0x080028f4   Section       12  stm32f10x_sdio.o(i.SDIO_ClearITPendingBit)
    i.SDIO_ClockCmd                          0x08002900   Section       12  stm32f10x_sdio.o(i.SDIO_ClockCmd)
    i.SDIO_DMACmd                            0x0800290c   Section       12  stm32f10x_sdio.o(i.SDIO_DMACmd)
    i.SDIO_DataConfig                        0x08002918   Section       44  stm32f10x_sdio.o(i.SDIO_DataConfig)
    i.SDIO_DeInit                            0x08002944   Section       36  stm32f10x_sdio.o(i.SDIO_DeInit)
    i.SDIO_GetCommandResponse                0x08002968   Section       12  stm32f10x_sdio.o(i.SDIO_GetCommandResponse)
    i.SDIO_GetFlagStatus                     0x08002974   Section       20  stm32f10x_sdio.o(i.SDIO_GetFlagStatus)
    i.SDIO_GetITStatus                       0x08002988   Section       20  stm32f10x_sdio.o(i.SDIO_GetITStatus)
    i.SDIO_GetPowerState                     0x0800299c   Section       16  stm32f10x_sdio.o(i.SDIO_GetPowerState)
    i.SDIO_GetResponse                       0x080029ac   Section       12  stm32f10x_sdio.o(i.SDIO_GetResponse)
    i.SDIO_IRQHandler                        0x080029b8   Section        4  stm32f10x_it.o(i.SDIO_IRQHandler)
    i.SDIO_ITConfig                          0x080029bc   Section       24  stm32f10x_sdio.o(i.SDIO_ITConfig)
    i.SDIO_Init                              0x080029d4   Section       44  stm32f10x_sdio.o(i.SDIO_Init)
    i.SDIO_ReadData                          0x08002a00   Section       12  stm32f10x_sdio.o(i.SDIO_ReadData)
    i.SDIO_SendCommand                       0x08002a0c   Section       40  stm32f10x_sdio.o(i.SDIO_SendCommand)
    i.SDIO_SetPowerState                     0x08002a34   Section       24  stm32f10x_sdio.o(i.SDIO_SetPowerState)
    i.SDIO_WriteData                         0x08002a4c   Section       12  stm32f10x_sdio.o(i.SDIO_WriteData)
    i.SD_EnableWideBusOperation              0x08002a58   Section      120  sdcard.o(i.SD_EnableWideBusOperation)
    i.SD_GetCardInfo                         0x08002ad0   Section      580  sdcard.o(i.SD_GetCardInfo)
    i.SD_Init                                0x08002d14   Section      128  sdcard.o(i.SD_Init)
    i.SD_InitializeCards                     0x08002d94   Section      260  sdcard.o(i.SD_InitializeCards)
    i.SD_PowerON                             0x08002e98   Section      464  sdcard.o(i.SD_PowerON)
    i.SD_ProcessIRQSrc                       0x08003068   Section      412  sdcard.o(i.SD_ProcessIRQSrc)
    i.SD_ReadBlock                           0x08003204   Section      500  sdcard.o(i.SD_ReadBlock)
    i.SD_SelectDeselect                      0x080033f8   Section       44  sdcard.o(i.SD_SelectDeselect)
    i.SD_SetDeviceMode                       0x08003424   Section       28  sdcard.o(i.SD_SetDeviceMode)
    i.SD_StopTransfer                        0x08003440   Section       40  sdcard.o(i.SD_StopTransfer)
    i.SD_WriteBlock                          0x08003468   Section      692  sdcard.o(i.SD_WriteBlock)
    i.STM_EVAL_LEDInit                       0x0800371c   Section       64  stm32_eval.o(i.STM_EVAL_LEDInit)
    i.STM_EVAL_LEDOff                        0x0800375c   Section       24  stm32_eval.o(i.STM_EVAL_LEDOff)
    i.STM_EVAL_LEDOn                         0x08003774   Section       24  stm32_eval.o(i.STM_EVAL_LEDOn)
    i.SVC_Handler                            0x0800378c   Section        2  stm32f10x_it.o(i.SVC_Handler)
    i.Serial_Init                            0x08003790   Section      276  main.o(i.Serial_Init)
    i.SetBTABLE                              0x080038a4   Section       16  usb_regs.o(i.SetBTABLE)
    i.SetDeviceAddress                       0x080038b4   Section       68  usb_core.o(i.SetDeviceAddress)
    i.SetEPRxAddr                            0x080038f8   Section       32  usb_regs.o(i.SetEPRxAddr)
    i.SetEPRxCount                           0x08003918   Section       64  usb_regs.o(i.SetEPRxCount)
    i.SetEPRxStatus                          0x08003958   Section       56  usb_regs.o(i.SetEPRxStatus)
    i.SetEPRxValid                           0x08003990   Section       40  usb_regs.o(i.SetEPRxValid)
    i.SetEPTxAddr                            0x080039b8   Section       32  usb_regs.o(i.SetEPTxAddr)
    i.SetEPTxCount                           0x080039d8   Section       28  usb_regs.o(i.SetEPTxCount)
    i.SetEPTxStatus                          0x080039f4   Section       56  usb_regs.o(i.SetEPTxStatus)
    i.SetEPType                              0x08003a2c   Section       32  usb_regs.o(i.SetEPType)
    i.SetSysClockTo72                        0x08003a4c   Section      144  system_stm32f10x.o(i.SetSysClockTo72)
    SetSysClockTo72                          0x08003a4d   Thumb Code   136  system_stm32f10x.o(i.SetSysClockTo72)
    i.Set_CSW                                0x08003adc   Section       60  usb_bot.o(i.Set_CSW)
    i.Set_Scsi_Sense_Data                    0x08003b18   Section       12  usb_scsi.o(i.Set_Scsi_Sense_Data)
    i.Set_System                             0x08003b24   Section       24  hw_config.o(i.Set_System)
    i.Set_USBClock                           0x08003b3c   Section       20  hw_config.o(i.Set_USBClock)
    i.Setup0_Process                         0x08003b50   Section      108  usb_core.o(i.Setup0_Process)
    i.Standard_ClearFeature                  0x08003bbc   Section      252  usb_core.o(i.Standard_ClearFeature)
    i.Standard_GetConfiguration              0x08003cb8   Section       40  usb_core.o(i.Standard_GetConfiguration)
    i.Standard_GetDescriptorData             0x08003ce0   Section       32  usb_core.o(i.Standard_GetDescriptorData)
    i.Standard_GetInterface                  0x08003d00   Section       40  usb_core.o(i.Standard_GetInterface)
    i.Standard_GetStatus                     0x08003d28   Section      148  usb_core.o(i.Standard_GetStatus)
    i.Standard_SetConfiguration              0x08003dbc   Section       56  usb_core.o(i.Standard_SetConfiguration)
    i.Standard_SetDeviceFeature              0x08003df4   Section       36  usb_core.o(i.Standard_SetDeviceFeature)
    i.Standard_SetEndPointFeature            0x08003e18   Section      140  usb_core.o(i.Standard_SetEndPointFeature)
    i.Standard_SetInterface                  0x08003ea4   Section       72  usb_core.o(i.Standard_SetInterface)
    i.SysTick_Handler                        0x08003eec   Section        2  stm32f10x_it.o(i.SysTick_Handler)
    i.SystemInit                             0x08003ef0   Section       64  system_stm32f10x.o(i.SystemInit)
    i.Transfer_Data_Request                  0x08003f30   Section       52  usb_bot.o(i.Transfer_Data_Request)
    i.USART_Cmd                              0x08003f64   Section       20  stm32f10x_usart.o(i.USART_Cmd)
    i.USART_GetFlagStatus                    0x08003f78   Section       14  stm32f10x_usart.o(i.USART_GetFlagStatus)
    i.USART_ITConfig                         0x08003f86   Section       48  stm32f10x_usart.o(i.USART_ITConfig)
    i.USART_Init                             0x08003fb8   Section      180  stm32f10x_usart.o(i.USART_Init)
    i.USART_SendData                         0x0800406c   Section        8  stm32f10x_usart.o(i.USART_SendData)
    i.USB_Cable_Config                       0x08004074   Section       24  hw_config.o(i.USB_Cable_Config)
    i.USB_Configured_LED                     0x0800408c   Section        6  hw_config.o(i.USB_Configured_LED)
    i.USB_Disconnect_Config                  0x08004094   Section       44  hw_config.o(i.USB_Disconnect_Config)
    i.USB_HP_CAN1_TX_IRQHandler              0x080040c0   Section        4  stm32f10x_it.o(i.USB_HP_CAN1_TX_IRQHandler)
    i.USB_Init                               0x080040c4   Section       40  usb_init.o(i.USB_Init)
    i.USB_Interrupts_Config                  0x080040ec   Section       84  hw_config.o(i.USB_Interrupts_Config)
    i.USB_Istr                               0x08004140   Section       76  usb_istr.o(i.USB_Istr)
    i.USB_LP_CAN1_RX0_IRQHandler             0x0800418c   Section        4  stm32f10x_it.o(i.USB_LP_CAN1_RX0_IRQHandler)
    i.USB_NotConfigured_LED                  0x08004190   Section        6  hw_config.o(i.USB_NotConfigured_LED)
    i.USB_SIL_Init                           0x08004198   Section       28  usb_sil.o(i.USB_SIL_Init)
    i.USB_SIL_Read                           0x080041b4   Section       36  usb_sil.o(i.USB_SIL_Read)
    i.USB_SIL_Write                          0x080041d8   Section       42  usb_sil.o(i.USB_SIL_Write)
    i.UsageFault_Handler                     0x08004202   Section        2  stm32f10x_it.o(i.UsageFault_Handler)
    i.UserToPMABufferCopy                    0x08004204   Section       40  usb_mem.o(i.UserToPMABufferCopy)
    i.Write_Memory                           0x0800422c   Section      220  memory.o(i.Write_Memory)
    i.__0printf$1                            0x08004308   Section       32  printf1.o(i.__0printf$1)
    i.__scatterload_copy                     0x08004328   Section       14  handlers.o(i.__scatterload_copy)
    i.__scatterload_null                     0x08004336   Section        2  handlers.o(i.__scatterload_null)
    i.__scatterload_zeroinit                 0x08004338   Section       14  handlers.o(i.__scatterload_zeroinit)
    i._printf_core                           0x08004348   Section      332  printf1.o(i._printf_core)
    _printf_core                             0x08004349   Thumb Code   328  printf1.o(i._printf_core)
    i.convert_from_bytes_to_power_of_two     0x08004494   Section       18  sdcard.o(i.convert_from_bytes_to_power_of_two)
    convert_from_bytes_to_power_of_two       0x08004495   Thumb Code    18  sdcard.o(i.convert_from_bytes_to_power_of_two)
    i.fputc                                  0x080044a8   Section       36  main.o(i.fputc)
    i.main                                   0x080044cc   Section       40  main.o(i.main)
    .constdata                               0x080044f4   Section       18  usb_desc.o(.constdata)
    .constdata                               0x08004506   Section       32  usb_desc.o(.constdata)
    .constdata                               0x08004526   Section        4  usb_desc.o(.constdata)
    .constdata                               0x0800452a   Section       38  usb_desc.o(.constdata)
    .constdata                               0x08004550   Section       38  usb_desc.o(.constdata)
    .constdata                               0x08004576   Section       16  usb_desc.o(.constdata)
    .constdata                               0x08004588   Section      160  stm32_eval.o(.constdata)
    .data                                    0x20000000   Section        1  hw_config.o(.data)
    .data                                    0x20000004   Section       40  mass_mal.o(.data)
    .data                                    0x2000002c   Section       36  memory.o(.data)
    Offset                                   0x20000038   Data           4  memory.o(.data)
    Length                                   0x2000003c   Data           4  memory.o(.data)
    W_Offset                                 0x20000040   Data           4  memory.o(.data)
    W_Length                                 0x20000044   Data           4  memory.o(.data)
    .data                                    0x20000050   Section       24  nand_if.o(.data)
    .data                                    0x20000068   Section        5  scsi_data.o(.data)
    .data                                    0x2000006d   Section       36  scsi_data.o(.data)
    .data                                    0x20000091   Section       36  scsi_data.o(.data)
    .data                                    0x200000b5   Section        4  scsi_data.o(.data)
    .data                                    0x200000b9   Section        8  scsi_data.o(.data)
    .data                                    0x200000c1   Section       18  scsi_data.o(.data)
    .data                                    0x200000d3   Section        8  scsi_data.o(.data)
    .data                                    0x200000db   Section       12  scsi_data.o(.data)
    .data                                    0x200000e8   Section       40  sdcard.o(.data)
    CardType                                 0x200000ec   Data           4  sdcard.o(.data)
    RCA                                      0x200000f0   Data           4  sdcard.o(.data)
    DeviceMode                               0x200000f4   Data           4  sdcard.o(.data)
    TotalNumberOfBytes                       0x200000f8   Data           4  sdcard.o(.data)
    StopCondition                            0x200000fc   Data           4  sdcard.o(.data)
    .data                                    0x20000110   Section       12  usb_bot.o(.data)
    .data                                    0x2000011c   Section       26  usb_desc.o(.data)
    .data                                    0x20000138   Section       28  usb_istr.o(.data)
    .data                                    0x20000154   Section       28  usb_istr.o(.data)
    .data                                    0x20000170   Section        2  usb_istr.o(.data)
    .data                                    0x20000174   Section      108  usb_prop.o(.data)
    .data                                    0x200001e0   Section        2  usb_prop.o(.data)
    .data                                    0x200001e4   Section       36  usb_prop.o(.data)
    .data                                    0x20000208   Section        4  usb_pwr.o(.data)
    .data                                    0x2000020c   Section        4  usb_core.o(.data)
    .data                                    0x20000210   Section        1  usb_init.o(.data)
    .data                                    0x20000214   Section       12  usb_init.o(.data)
    .data                                    0x20000220   Section        2  usb_init.o(.data)
    .data                                    0x20000222   Section        4  usb_int.o(.data)
    .data                                    0x20000226   Section       20  stm32f10x_rcc.o(.data)
    ADCPrescTable                            0x20000226   Data           4  stm32f10x_rcc.o(.data)
    APBAHBPrescTable                         0x2000022a   Data          16  stm32f10x_rcc.o(.data)
    .data                                    0x2000023c   Section       64  stm32_eval.o(.data)
    .data                                    0x2000027c   Section        4  stdout.o(.data)
    .bss                                     0x20000280   Section      592  mass_mal.o(.bss)
    .bss                                     0x200004d0   Section      512  memory.o(.bss)
    .bss                                     0x200006d0   Section     2048  nand_if.o(.bss)
    .bss                                     0x20000ed0   Section      100  sdcard.o(.bss)
    CSD_Tab                                  0x20000ed0   Data          16  sdcard.o(.bss)
    CID_Tab                                  0x20000ee0   Data          16  sdcard.o(.bss)
    .bss                                     0x20000f34   Section      112  usb_bot.o(.bss)
    .bss                                     0x20000fa4   Section       28  usb_init.o(.bss)
    STACK                                    0x20000fc0   Section     1024  startup_stm32f10x_hd.o(STACK)

    Global Symbols

    Symbol Name                              Value     Ov Type        Size  Object(Section)

    BuildAttributes$$THM_ISAv4$P$D$K$B$S$PE$A:L22UL41UL21$X:L11$S22US41US21$IEEE1$IW$USESV6$~STKCKD$USESV7$~SHL$OSPACE$ROPI$EBA8$MICROLIB$REQ8$PRES8$EABIv2 0x00000000   Number         0  anon$$obj.o ABSOLUTE
    __ARM_use_no_argv                        0x00000000   Number         0  main.o ABSOLUTE
    _printf_a                                0x00000000   Number         0  stubs.o ABSOLUTE
    _printf_c                                0x00000000   Number         0  stubs.o ABSOLUTE
    _printf_charcount                        0x00000000   Number         0  stubs.o ABSOLUTE
    _printf_d                                0x00000000   Number         0  stubs.o ABSOLUTE
    _printf_e                                0x00000000   Number         0  stubs.o ABSOLUTE
    _printf_f                                0x00000000   Number         0  stubs.o ABSOLUTE
    _printf_flags                            0x00000000   Number         0  stubs.o ABSOLUTE
    _printf_fp_dec                           0x00000000   Number         0  stubs.o ABSOLUTE
    _printf_fp_hex                           0x00000000   Number         0  stubs.o ABSOLUTE
    _printf_g                                0x00000000   Number         0  stubs.o ABSOLUTE
    _printf_i                                0x00000000   Number         0  stubs.o ABSOLUTE
    _printf_int_dec                          0x00000000   Number         0  stubs.o ABSOLUTE
    _printf_l                                0x00000000   Number         0  stubs.o ABSOLUTE
    _printf_lc                               0x00000000   Number         0  stubs.o ABSOLUTE
    _printf_ll                               0x00000000   Number         0  stubs.o ABSOLUTE
    _printf_lld                              0x00000000   Number         0  stubs.o ABSOLUTE
    _printf_lli                              0x00000000   Number         0  stubs.o ABSOLUTE
    _printf_llo                              0x00000000   Number         0  stubs.o ABSOLUTE
    _printf_llu                              0x00000000   Number         0  stubs.o ABSOLUTE
    _printf_llx                              0x00000000   Number         0  stubs.o ABSOLUTE
    _printf_longlong_dec                     0x00000000   Number         0  stubs.o ABSOLUTE
    _printf_longlong_hex                     0x00000000   Number         0  stubs.o ABSOLUTE
    _printf_longlong_oct                     0x00000000   Number         0  stubs.o ABSOLUTE
    _printf_ls                               0x00000000   Number         0  stubs.o ABSOLUTE
    _printf_mbtowc                           0x00000000   Number         0  stubs.o ABSOLUTE
    _printf_n                                0x00000000   Number         0  stubs.o ABSOLUTE
    _printf_o                                0x00000000   Number         0  stubs.o ABSOLUTE
    _printf_p                                0x00000000   Number         0  stubs.o ABSOLUTE
    _printf_percent                          0x00000000   Number         0  stubs.o ABSOLUTE
    _printf_pre_padding                      0x00000000   Number         0  stubs.o ABSOLUTE
    _printf_return_value                     0x00000000   Number         0  stubs.o ABSOLUTE
    _printf_s                                0x00000000   Number         0  stubs.o ABSOLUTE
    _printf_sizespec                         0x00000000   Number         0  stubs.o ABSOLUTE
    _printf_str                              0x00000000   Number         0  stubs.o ABSOLUTE
    _printf_truncate_signed                  0x00000000   Number         0  stubs.o ABSOLUTE
    _printf_truncate_unsigned                0x00000000   Number         0  stubs.o ABSOLUTE
    _printf_u                                0x00000000   Number         0  stubs.o ABSOLUTE
    _printf_wc                               0x00000000   Number         0  stubs.o ABSOLUTE
    _printf_wctomb                           0x00000000   Number         0  stubs.o ABSOLUTE
    _printf_widthprec                        0x00000000   Number         0  stubs.o ABSOLUTE
    _printf_x                                0x00000000   Number         0  stubs.o ABSOLUTE
    __Vectors_Size                           0x00000130   Number         0  startup_stm32f10x_hd.o ABSOLUTE
    __Vectors                                0x08000000   Data           4  startup_stm32f10x_hd.o(RESET)
    __Vectors_End                            0x08000130   Data           0  startup_stm32f10x_hd.o(RESET)
    __main                                   0x08000131   Thumb Code     0  entry.o(.ARM.Collect$$$$00000000)
    _main_stk                                0x08000131   Thumb Code     0  entry2.o(.ARM.Collect$$$$00000001)
    _main_scatterload                        0x08000135   Thumb Code     0  entry5.o(.ARM.Collect$$$$00000004)
    __main_after_scatterload                 0x08000139   Thumb Code     0  entry5.o(.ARM.Collect$$$$00000004)
    _main_init                               0x08000139   Thumb Code     0  entry7.o(.ARM.Collect$$$$00000007)
    Reset_Handler                            0x08000145   Thumb Code     8  startup_stm32f10x_hd.o(.text)
    ADC1_2_IRQHandler                        0x0800015f   Thumb Code     0  startup_stm32f10x_hd.o(.text)
    ADC3_IRQHandler                          0x0800015f   Thumb Code     0  startup_stm32f10x_hd.o(.text)
    CAN1_RX1_IRQHandler                      0x0800015f   Thumb Code     0  startup_stm32f10x_hd.o(.text)
    CAN1_SCE_IRQHandler                      0x0800015f   Thumb Code     0  startup_stm32f10x_hd.o(.text)
    DMA1_Channel1_IRQHandler                 0x0800015f   Thumb Code     0  startup_stm32f10x_hd.o(.text)
    DMA1_Channel2_IRQHandler                 0x0800015f   Thumb Code     0  startup_stm32f10x_hd.o(.text)
    DMA1_Channel3_IRQHandler                 0x0800015f   Thumb Code     0  startup_stm32f10x_hd.o(.text)
    DMA1_Channel4_IRQHandler                 0x0800015f   Thumb Code     0  startup_stm32f10x_hd.o(.text)
    DMA1_Channel5_IRQHandler                 0x0800015f   Thumb Code     0  startup_stm32f10x_hd.o(.text)
    DMA1_Channel6_IRQHandler                 0x0800015f   Thumb Code     0  startup_stm32f10x_hd.o(.text)
    DMA1_Channel7_IRQHandler                 0x0800015f   Thumb Code     0  startup_stm32f10x_hd.o(.text)
    DMA2_Channel1_IRQHandler                 0x0800015f   Thumb Code     0  startup_stm32f10x_hd.o(.text)
    DMA2_Channel2_IRQHandler                 0x0800015f   Thumb Code     0  startup_stm32f10x_hd.o(.text)
    DMA2_Channel3_IRQHandler                 0x0800015f   Thumb Code     0  startup_stm32f10x_hd.o(.text)
    DMA2_Channel4_5_IRQHandler               0x0800015f   Thumb Code     0  startup_stm32f10x_hd.o(.text)
    EXTI0_IRQHandler                         0x0800015f   Thumb Code     0  startup_stm32f10x_hd.o(.text)
    EXTI15_10_IRQHandler                     0x0800015f   Thumb Code     0  startup_stm32f10x_hd.o(.text)
    EXTI1_IRQHandler                         0x0800015f   Thumb Code     0  startup_stm32f10x_hd.o(.text)
    EXTI2_IRQHandler                         0x0800015f   Thumb Code     0  startup_stm32f10x_hd.o(.text)
    EXTI3_IRQHandler                         0x0800015f   Thumb Code     0  startup_stm32f10x_hd.o(.text)
    EXTI4_IRQHandler                         0x0800015f   Thumb Code     0  startup_stm32f10x_hd.o(.text)
    EXTI9_5_IRQHandler                       0x0800015f   Thumb Code     0  startup_stm32f10x_hd.o(.text)
    FLASH_IRQHandler                         0x0800015f   Thumb Code     0  startup_stm32f10x_hd.o(.text)
    FSMC_IRQHandler                          0x0800015f   Thumb Code     0  startup_stm32f10x_hd.o(.text)
    I2C1_ER_IRQHandler                       0x0800015f   Thumb Code     0  startup_stm32f10x_hd.o(.text)
    I2C1_EV_IRQHandler                       0x0800015f   Thumb Code     0  startup_stm32f10x_hd.o(.text)
    I2C2_ER_IRQHandler                       0x0800015f   Thumb Code     0  startup_stm32f10x_hd.o(.text)
    I2C2_EV_IRQHandler                       0x0800015f   Thumb Code     0  startup_stm32f10x_hd.o(.text)
    PVD_IRQHandler                           0x0800015f   Thumb Code     0  startup_stm32f10x_hd.o(.text)
    RCC_IRQHandler                           0x0800015f   Thumb Code     0  startup_stm32f10x_hd.o(.text)
    RTCAlarm_IRQHandler                      0x0800015f   Thumb Code     0  startup_stm32f10x_hd.o(.text)
    RTC_IRQHandler                           0x0800015f   Thumb Code     0  startup_stm32f10x_hd.o(.text)
    SPI1_IRQHandler                          0x0800015f   Thumb Code     0  startup_stm32f10x_hd.o(.text)
    SPI2_IRQHandler                          0x0800015f   Thumb Code     0  startup_stm32f10x_hd.o(.text)
    SPI3_IRQHandler                          0x0800015f   Thumb Code     0  startup_stm32f10x_hd.o(.text)
    TAMPER_IRQHandler                        0x0800015f   Thumb Code     0  startup_stm32f10x_hd.o(.text)
    TIM1_BRK_IRQHandler                      0x0800015f   Thumb Code     0  startup_stm32f10x_hd.o(.text)
    TIM1_CC_IRQHandler                       0x0800015f   Thumb Code     0  startup_stm32f10x_hd.o(.text)
    TIM1_TRG_COM_IRQHandler                  0x0800015f   Thumb Code     0  startup_stm32f10x_hd.o(.text)
    TIM1_UP_IRQHandler                       0x0800015f   Thumb Code     0  startup_stm32f10x_hd.o(.text)
    TIM2_IRQHandler                          0x0800015f   Thumb Code     0  startup_stm32f10x_hd.o(.text)
    TIM3_IRQHandler                          0x0800015f   Thumb Code     0  startup_stm32f10x_hd.o(.text)
    TIM4_IRQHandler                          0x0800015f   Thumb Code     0  startup_stm32f10x_hd.o(.text)
    TIM5_IRQHandler                          0x0800015f   Thumb Code     0  startup_stm32f10x_hd.o(.text)
    TIM6_IRQHandler                          0x0800015f   Thumb Code     0  startup_stm32f10x_hd.o(.text)
    TIM7_IRQHandler                          0x0800015f   Thumb Code     0  startup_stm32f10x_hd.o(.text)
    TIM8_BRK_IRQHandler                      0x0800015f   Thumb Code     0  startup_stm32f10x_hd.o(.text)
    TIM8_CC_IRQHandler                       0x0800015f   Thumb Code     0  startup_stm32f10x_hd.o(.text)
    TIM8_TRG_COM_IRQHandler                  0x0800015f   Thumb Code     0  startup_stm32f10x_hd.o(.text)
    TIM8_UP_IRQHandler                       0x0800015f   Thumb Code     0  startup_stm32f10x_hd.o(.text)
    UART4_IRQHandler                         0x0800015f   Thumb Code     0  startup_stm32f10x_hd.o(.text)
    UART5_IRQHandler                         0x0800015f   Thumb Code     0  startup_stm32f10x_hd.o(.text)
    USART1_IRQHandler                        0x0800015f   Thumb Code     0  startup_stm32f10x_hd.o(.text)
    USART2_IRQHandler                        0x0800015f   Thumb Code     0  startup_stm32f10x_hd.o(.text)
    USART3_IRQHandler                        0x0800015f   Thumb Code     0  startup_stm32f10x_hd.o(.text)
    USBWakeUp_IRQHandler                     0x0800015f   Thumb Code     0  startup_stm32f10x_hd.o(.text)
    WWDG_IRQHandler                          0x0800015f   Thumb Code     0  startup_stm32f10x_hd.o(.text)
    __aeabi_memcpy                           0x08000169   Thumb Code    36  memcpya.o(.text)
    __aeabi_memcpy4                          0x08000169   Thumb Code     0  memcpya.o(.text)
    __aeabi_memcpy8                          0x08000169   Thumb Code     0  memcpya.o(.text)
    __aeabi_uidiv                            0x0800018d   Thumb Code     0  uidiv.o(.text)
    __aeabi_uidivmod                         0x0800018d   Thumb Code    44  uidiv.o(.text)
    __scatterload                            0x080001b9   Thumb Code    28  init.o(.text)
    __scatterload_rt2                        0x080001b9   Thumb Code     0  init.o(.text)
    __decompress                             0x080001dd   Thumb Code     0  __dczerorl2.o(.text)
    __decompress1                            0x080001dd   Thumb Code    88  __dczerorl2.o(.text)
    Bot_Abort                                0x08000235   Thumb Code    50  usb_bot.o(i.Bot_Abort)
    BusFault_Handler                         0x08000267   Thumb Code     2  stm32f10x_it.o(i.BusFault_Handler)
    ByteSwap                                 0x08000269   Thumb Code    10  usb_regs.o(i.ByteSwap)
    CBW_Decode                               0x08000275   Thumb Code   388  usb_bot.o(i.CBW_Decode)
    CTR_HP                                   0x08000409   Thumb Code   110  usb_int.o(i.CTR_HP)
    CTR_LP                                   0x0800048d   Thumb Code   328  usb_int.o(i.CTR_LP)
    ClearDTOG_RX                             0x080005ed   Thumb Code    38  usb_regs.o(i.ClearDTOG_RX)
    ClearDTOG_TX                             0x08000619   Thumb Code    38  usb_regs.o(i.ClearDTOG_TX)
    Clear_Status_Out                         0x08000645   Thumb Code    30  usb_regs.o(i.Clear_Status_Out)
    DMA_ClearFlag                            0x080007f5   Thumb Code    16  stm32f10x_dma.o(i.DMA_ClearFlag)
    DMA_Cmd                                  0x08000809   Thumb Code    20  stm32f10x_dma.o(i.DMA_Cmd)
    DMA_GetFlagStatus                        0x0800081d   Thumb Code    26  stm32f10x_dma.o(i.DMA_GetFlagStatus)
    DMA_Init                                 0x0800083d   Thumb Code    58  stm32f10x_dma.o(i.DMA_Init)
    DebugMon_Handler                         0x08000c35   Thumb Code     2  stm32f10x_it.o(i.DebugMon_Handler)
    EP1_IN_Callback                          0x08000c37   Thumb Code     4  usb_endp.o(i.EP1_IN_Callback)
    EP2_OUT_Callback                         0x08000c3b   Thumb Code     4  usb_endp.o(i.EP2_OUT_Callback)
    FLASH_PrefetchBufferCmd                  0x08000c41   Thumb Code    18  stm32f10x_flash.o(i.FLASH_PrefetchBufferCmd)
    FLASH_SetLatency                         0x08000c59   Thumb Code    14  stm32f10x_flash.o(i.FLASH_SetLatency)
    FSMC_NANDCmd                             0x08000c6d   Thumb Code    52  stm32f10x_fsmc.o(i.FSMC_NANDCmd)
    FSMC_NANDInit                            0x08000ca5   Thumb Code   100  stm32f10x_fsmc.o(i.FSMC_NANDInit)
    FSMC_NAND_AddressIncrement               0x08000d09   Thumb Code    54  fsmc_nand.o(i.FSMC_NAND_AddressIncrement)
    FSMC_NAND_EraseBlock                     0x08000d41   Thumb Code    38  fsmc_nand.o(i.FSMC_NAND_EraseBlock)
    FSMC_NAND_GetStatus                      0x08000d71   Thumb Code    38  fsmc_nand.o(i.FSMC_NAND_GetStatus)
    FSMC_NAND_Init                           0x08000d99   Thumb Code   154  fsmc_nand.o(i.FSMC_NAND_Init)
    FSMC_NAND_ReadID                         0x08000e41   Thumb Code    34  fsmc_nand.o(i.FSMC_NAND_ReadID)
    FSMC_NAND_ReadSmallPage                  0x08000e6d   Thumb Code   122  fsmc_nand.o(i.FSMC_NAND_ReadSmallPage)
    FSMC_NAND_ReadSpareArea                  0x08000ef1   Thumb Code   122  fsmc_nand.o(i.FSMC_NAND_ReadSpareArea)
    FSMC_NAND_ReadStatus                     0x08000f75   Thumb Code    28  fsmc_nand.o(i.FSMC_NAND_ReadStatus)
    FSMC_NAND_WriteSmallPage                 0x08000f95   Thumb Code   146  fsmc_nand.o(i.FSMC_NAND_WriteSmallPage)
    FSMC_NAND_WriteSpareArea                 0x08001031   Thumb Code   144  fsmc_nand.o(i.FSMC_NAND_WriteSpareArea)
    GPIO_Init                                0x08001211   Thumb Code   158  stm32f10x_gpio.o(i.GPIO_Init)
    GPIO_ResetBits                           0x080012af   Thumb Code     4  stm32f10x_gpio.o(i.GPIO_ResetBits)
    GPIO_SetBits                             0x080012b3   Thumb Code     4  stm32f10x_gpio.o(i.GPIO_SetBits)
    GetEPRxAddr                              0x080012b9   Thumb Code    22  usb_regs.o(i.GetEPRxAddr)
    GetEPRxCount                             0x080012d9   Thumb Code    24  usb_regs.o(i.GetEPRxCount)
    GetEPTxAddr                              0x080012f9   Thumb Code    20  usb_regs.o(i.GetEPTxAddr)
    Get_Max_Lun                              0x08001315   Thumb Code    18  usb_prop.o(i.Get_Max_Lun)
    Get_Medium_Characteristics               0x08001331   Thumb Code    40  mass_mal.o(i.Get_Medium_Characteristics)
    Get_SerialNum                            0x08001385   Thumb Code    60  hw_config.o(i.Get_SerialNum)
    HardFault_Handler                        0x080013c9   Thumb Code     2  stm32f10x_it.o(i.HardFault_Handler)
    In0_Process                              0x080013cd   Thumb Code    78  usb_core.o(i.In0_Process)
    Led_Config                               0x08001541   Thumb Code    30  hw_config.o(i.Led_Config)
    Led_RW_OFF                               0x0800155f   Thumb Code     6  hw_config.o(i.Led_RW_OFF)
    Led_RW_ON                                0x08001565   Thumb Code     6  hw_config.o(i.Led_RW_ON)
    MAL_GetStatus                            0x0800156d   Thumb Code   208  mass_mal.o(i.MAL_GetStatus)
    MAL_Init                                 0x08001645   Thumb Code   114  mass_mal.o(i.MAL_Init)
    MAL_Read                                 0x080016ed   Thumb Code    44  mass_mal.o(i.MAL_Read)
    MAL_Write                                0x0800171d   Thumb Code    44  mass_mal.o(i.MAL_Write)
    MASS_Data_Setup                          0x0800174d   Thumb Code    54  usb_prop.o(i.MASS_Data_Setup)
    MASS_GetConfigDescriptor                 0x0800178d   Thumb Code     6  usb_prop.o(i.MASS_GetConfigDescriptor)
    MASS_GetDeviceDescriptor                 0x08001799   Thumb Code     6  usb_prop.o(i.MASS_GetDeviceDescriptor)
    MASS_GetStringDescriptor                 0x080017a5   Thumb Code    24  usb_prop.o(i.MASS_GetStringDescriptor)
    MASS_Get_Interface_Setting               0x080017c5   Thumb Code    10  usb_prop.o(i.MASS_Get_Interface_Setting)
    MASS_NoData_Setup                        0x080017d1   Thumb Code    62  usb_prop.o(i.MASS_NoData_Setup)
    MASS_Reset                               0x08001821   Thumb Code   198  usb_prop.o(i.MASS_Reset)
    MASS_Status_In                           0x08001909   Thumb Code     2  usb_prop.o(i.MASS_Status_In)
    MASS_Status_Out                          0x0800190b   Thumb Code     2  usb_prop.o(i.MASS_Status_Out)
    MASS_init                                0x0800190d   Thumb Code    28  usb_prop.o(i.MASS_init)
    Mass_Storage_ClearFeature                0x08001931   Thumb Code    18  usb_prop.o(i.Mass_Storage_ClearFeature)
    Mass_Storage_In                          0x0800194d   Thumb Code    76  usb_bot.o(i.Mass_Storage_In)
    Mass_Storage_Out                         0x080019a1   Thumb Code    86  usb_bot.o(i.Mass_Storage_Out)
    Mass_Storage_SetConfiguration            0x08001a01   Thumb Code    38  usb_prop.o(i.Mass_Storage_SetConfiguration)
    Mass_Storage_SetDeviceAddress            0x08001a35   Thumb Code     8  usb_prop.o(i.Mass_Storage_SetDeviceAddress)
    MemManage_Handler                        0x08001a41   Thumb Code     2  stm32f10x_it.o(i.MemManage_Handler)
    NAND_Format                              0x08001b9b   Thumb Code    64  nand_if.o(i.NAND_Format)
    NAND_Init                                0x08001c1d   Thumb Code    20  nand_if.o(i.NAND_Init)
    NAND_Read                                0x08001c35   Thumb Code    78  nand_if.o(i.NAND_Read)
    NAND_Write                               0x08001c8d   Thumb Code   364  nand_if.o(i.NAND_Write)
    NMI_Handler                              0x08001f11   Thumb Code     2  stm32f10x_it.o(i.NMI_Handler)
    NOP_Process                              0x08001f13   Thumb Code     2  usb_core.o(i.NOP_Process)
    NVIC_Init                                0x08001f15   Thumb Code    92  misc.o(i.NVIC_Init)
    NVIC_PriorityGroupConfig                 0x08001f71   Thumb Code    10  misc.o(i.NVIC_PriorityGroupConfig)
    Out0_Process                             0x0800205d   Thumb Code    60  usb_core.o(i.Out0_Process)
    PMAToUserBufferCopy                      0x080020a1   Thumb Code    26  usb_mem.o(i.PMAToUserBufferCopy)
    PendSV_Handler                           0x080020c1   Thumb Code     2  stm32f10x_it.o(i.PendSV_Handler)
    Post0_Process                            0x080020c5   Thumb Code    46  usb_core.o(i.Post0_Process)
    PowerOn                                  0x08002105   Thumb Code    34  usb_pwr.o(i.PowerOn)
    RCC_AHBPeriphClockCmd                    0x08002131   Thumb Code    18  stm32f10x_rcc.o(i.RCC_AHBPeriphClockCmd)
    RCC_APB1PeriphClockCmd                   0x08002149   Thumb Code    18  stm32f10x_rcc.o(i.RCC_APB1PeriphClockCmd)
    RCC_APB2PeriphClockCmd                   0x08002161   Thumb Code    18  stm32f10x_rcc.o(i.RCC_APB2PeriphClockCmd)
    RCC_APB2PeriphResetCmd                   0x08002179   Thumb Code    18  stm32f10x_rcc.o(i.RCC_APB2PeriphResetCmd)
    RCC_DeInit                               0x080021fd   Thumb Code    50  stm32f10x_rcc.o(i.RCC_DeInit)
    RCC_GetClocksFreq                        0x0800223d   Thumb Code   132  stm32f10x_rcc.o(i.RCC_GetClocksFreq)
    RCC_GetFlagStatus                        0x080022d1   Thumb Code    42  stm32f10x_rcc.o(i.RCC_GetFlagStatus)
    RCC_GetSYSCLKSource                      0x08002301   Thumb Code    10  stm32f10x_rcc.o(i.RCC_GetSYSCLKSource)
    RCC_HCLKConfig                           0x08002311   Thumb Code    14  stm32f10x_rcc.o(i.RCC_HCLKConfig)
    RCC_HSEConfig                            0x08002325   Thumb Code    48  stm32f10x_rcc.o(i.RCC_HSEConfig)
    RCC_PCLK1Config                          0x08002359   Thumb Code    14  stm32f10x_rcc.o(i.RCC_PCLK1Config)
    RCC_PCLK2Config                          0x0800236d   Thumb Code    16  stm32f10x_rcc.o(i.RCC_PCLK2Config)
    RCC_PLLCmd                               0x08002381   Thumb Code     6  stm32f10x_rcc.o(i.RCC_PLLCmd)
    RCC_PLLConfig                            0x0800238d   Thumb Code    16  stm32f10x_rcc.o(i.RCC_PLLConfig)
    RCC_SYSCLKConfig                         0x080023a1   Thumb Code    14  stm32f10x_rcc.o(i.RCC_SYSCLKConfig)
    RCC_USBCLKConfig                         0x080023b5   Thumb Code     6  stm32f10x_rcc.o(i.RCC_USBCLKConfig)
    RCC_WaitForHSEStartUp                    0x080023c1   Thumb Code    38  stm32f10x_rcc.o(i.RCC_WaitForHSEStartUp)
    ReadSpareArea                            0x080023e7   Thumb Code    46  nand_if.o(i.ReadSpareArea)
    Read_Memory                              0x08002415   Thumb Code   172  memory.o(i.Read_Memory)
    SCSI_Address_Management                  0x080024d5   Thumb Code    92  usb_scsi.o(i.SCSI_Address_Management)
    SCSI_Format_Cmd                          0x08002541   Thumb Code    52  usb_scsi.o(i.SCSI_Format_Cmd)
    SCSI_Inquiry_Cmd                         0x08002579   Thumb Code    34  usb_scsi.o(i.SCSI_Inquiry_Cmd)
    SCSI_Invalid_Cmd                         0x080025ad   Thumb Code    46  usb_scsi.o(i.SCSI_Invalid_Cmd)
    SCSI_ModeSense10_Cmd                     0x080025e5   Thumb Code     8  usb_scsi.o(i.SCSI_ModeSense10_Cmd)
    SCSI_ModeSense6_Cmd                      0x080025f1   Thumb Code     8  usb_scsi.o(i.SCSI_ModeSense6_Cmd)
    SCSI_Read10_Cmd                          0x080025fd   Thumb Code    96  usb_scsi.o(i.SCSI_Read10_Cmd)
    SCSI_ReadCapacity10_Cmd                  0x08002669   Thumb Code    92  usb_scsi.o(i.SCSI_ReadCapacity10_Cmd)
    SCSI_ReadFormatCapacity_Cmd              0x080026d5   Thumb Code    86  usb_scsi.o(i.SCSI_ReadFormatCapacity_Cmd)
    SCSI_RequestSense_Cmd                    0x0800273d   Thumb Code    16  usb_scsi.o(i.SCSI_RequestSense_Cmd)
    SCSI_Start_Stop_Unit_Cmd                 0x08002755   Thumb Code     8  usb_scsi.o(i.SCSI_Start_Stop_Unit_Cmd)
    SCSI_TestUnitReady_Cmd                   0x0800275d   Thumb Code    48  usb_scsi.o(i.SCSI_TestUnitReady_Cmd)
    SCSI_Verify10_Cmd                        0x08002791   Thumb Code    48  usb_scsi.o(i.SCSI_Verify10_Cmd)
    SCSI_Write10_Cmd                         0x080027c9   Thumb Code    92  usb_scsi.o(i.SCSI_Write10_Cmd)
    SDIO_ClearFlag                           0x080028e9   Thumb Code     6  stm32f10x_sdio.o(i.SDIO_ClearFlag)
    SDIO_ClearITPendingBit                   0x080028f5   Thumb Code     6  stm32f10x_sdio.o(i.SDIO_ClearITPendingBit)
    SDIO_ClockCmd                            0x08002901   Thumb Code     6  stm32f10x_sdio.o(i.SDIO_ClockCmd)
    SDIO_DMACmd                              0x0800290d   Thumb Code     6  stm32f10x_sdio.o(i.SDIO_DMACmd)
    SDIO_DataConfig                          0x08002919   Thumb Code    38  stm32f10x_sdio.o(i.SDIO_DataConfig)
    SDIO_DeInit                              0x08002945   Thumb Code    26  stm32f10x_sdio.o(i.SDIO_DeInit)
    SDIO_GetCommandResponse                  0x08002969   Thumb Code     8  stm32f10x_sdio.o(i.SDIO_GetCommandResponse)
    SDIO_GetFlagStatus                       0x08002975   Thumb Code    16  stm32f10x_sdio.o(i.SDIO_GetFlagStatus)
    SDIO_GetITStatus                         0x08002989   Thumb Code    16  stm32f10x_sdio.o(i.SDIO_GetITStatus)
    SDIO_GetPowerState                       0x0800299d   Thumb Code    10  stm32f10x_sdio.o(i.SDIO_GetPowerState)
    SDIO_GetResponse                         0x080029ad   Thumb Code     6  stm32f10x_sdio.o(i.SDIO_GetResponse)
    SDIO_IRQHandler                          0x080029b9   Thumb Code     4  stm32f10x_it.o(i.SDIO_IRQHandler)
    SDIO_ITConfig                            0x080029bd   Thumb Code    18  stm32f10x_sdio.o(i.SDIO_ITConfig)
    SDIO_Init                                0x080029d5   Thumb Code    38  stm32f10x_sdio.o(i.SDIO_Init)
    SDIO_ReadData                            0x08002a01   Thumb Code     6  stm32f10x_sdio.o(i.SDIO_ReadData)
    SDIO_SendCommand                         0x08002a0d   Thumb Code    34  stm32f10x_sdio.o(i.SDIO_SendCommand)
    SDIO_SetPowerState                       0x08002a35   Thumb Code    18  stm32f10x_sdio.o(i.SDIO_SetPowerState)
    SDIO_WriteData                           0x08002a4d   Thumb Code     6  stm32f10x_sdio.o(i.SDIO_WriteData)
    SD_EnableWideBusOperation                0x08002a59   Thumb Code   110  sdcard.o(i.SD_EnableWideBusOperation)
    SD_GetCardInfo                           0x08002ad1   Thumb Code   570  sdcard.o(i.SD_GetCardInfo)
    SD_Init                                  0x08002d15   Thumb Code   116  sdcard.o(i.SD_Init)
    SD_InitializeCards                       0x08002d95   Thumb Code   250  sdcard.o(i.SD_InitializeCards)
    SD_PowerON                               0x08002e99   Thumb Code   448  sdcard.o(i.SD_PowerON)
    SD_ProcessIRQSrc                         0x08003069   Thumb Code   408  sdcard.o(i.SD_ProcessIRQSrc)
    SD_ReadBlock                             0x08003205   Thumb Code   480  sdcard.o(i.SD_ReadBlock)
    SD_SelectDeselect                        0x080033f9   Thumb Code    40  sdcard.o(i.SD_SelectDeselect)
    SD_SetDeviceMode                         0x08003425   Thumb Code    24  sdcard.o(i.SD_SetDeviceMode)
    SD_StopTransfer                          0x08003441   Thumb Code    36  sdcard.o(i.SD_StopTransfer)
    SD_WriteBlock                            0x08003469   Thumb Code   670  sdcard.o(i.SD_WriteBlock)
    STM_EVAL_LEDInit                         0x0800371d   Thumb Code    54  stm32_eval.o(i.STM_EVAL_LEDInit)
    STM_EVAL_LEDOff                          0x0800375d   Thumb Code    16  stm32_eval.o(i.STM_EVAL_LEDOff)
    STM_EVAL_LEDOn                           0x08003775   Thumb Code    16  stm32_eval.o(i.STM_EVAL_LEDOn)
    SVC_Handler                              0x0800378d   Thumb Code     2  stm32f10x_it.o(i.SVC_Handler)
    Serial_Init                              0x08003791   Thumb Code   252  main.o(i.Serial_Init)
    SetBTABLE                                0x080038a5   Thumb Code    10  usb_regs.o(i.SetBTABLE)
    SetDeviceAddress                         0x080038b5   Thumb Code    60  usb_core.o(i.SetDeviceAddress)
    SetEPRxAddr                              0x080038f9   Thumb Code    24  usb_regs.o(i.SetEPRxAddr)
    SetEPRxCount                             0x08003919   Thumb Code    56  usb_regs.o(i.SetEPRxCount)
    SetEPRxStatus                            0x08003959   Thumb Code    50  usb_regs.o(i.SetEPRxStatus)
    SetEPRxValid                             0x08003991   Thumb Code    34  usb_regs.o(i.SetEPRxValid)
    SetEPTxAddr                              0x080039b9   Thumb Code    22  usb_regs.o(i.SetEPTxAddr)
    SetEPTxCount                             0x080039d9   Thumb Code    20  usb_regs.o(i.SetEPTxCount)
    SetEPTxStatus                            0x080039f5   Thumb Code    50  usb_regs.o(i.SetEPTxStatus)
    SetEPType                                0x08003a2d   Thumb Code    26  usb_regs.o(i.SetEPType)
    Set_CSW                                  0x08003add   Thumb Code    48  usb_bot.o(i.Set_CSW)
    Set_Scsi_Sense_Data                      0x08003b19   Thumb Code     8  usb_scsi.o(i.Set_Scsi_Sense_Data)
    Set_System                               0x08003b25   Thumb Code    24  hw_config.o(i.Set_System)
    Set_USBClock                             0x08003b3d   Thumb Code    20  hw_config.o(i.Set_USBClock)
    Setup0_Process                           0x08003b51   Thumb Code    96  usb_core.o(i.Setup0_Process)
    Standard_ClearFeature                    0x08003bbd   Thumb Code   232  usb_core.o(i.Standard_ClearFeature)
    Standard_GetConfiguration                0x08003cb9   Thumb Code    30  usb_core.o(i.Standard_GetConfiguration)
    Standard_GetDescriptorData               0x08003ce1   Thumb Code    26  usb_core.o(i.Standard_GetDescriptorData)
    Standard_GetInterface                    0x08003d01   Thumb Code    30  usb_core.o(i.Standard_GetInterface)
    Standard_GetStatus                       0x08003d29   Thumb Code   132  usb_core.o(i.Standard_GetStatus)
    Standard_SetConfiguration                0x08003dbd   Thumb Code    42  usb_core.o(i.Standard_SetConfiguration)
    Standard_SetDeviceFeature                0x08003df5   Thumb Code    26  usb_core.o(i.Standard_SetDeviceFeature)
    Standard_SetEndPointFeature              0x08003e19   Thumb Code   122  usb_core.o(i.Standard_SetEndPointFeature)
    Standard_SetInterface                    0x08003ea5   Thumb Code    60  usb_core.o(i.Standard_SetInterface)
    SysTick_Handler                          0x08003eed   Thumb Code     2  stm32f10x_it.o(i.SysTick_Handler)
    SystemInit                               0x08003ef1   Thumb Code    52  system_stm32f10x.o(i.SystemInit)
    Transfer_Data_Request                    0x08003f31   Thumb Code    42  usb_bot.o(i.Transfer_Data_Request)
    USART_Cmd                                0x08003f65   Thumb Code    20  stm32f10x_usart.o(i.USART_Cmd)
    USART_GetFlagStatus                      0x08003f79   Thumb Code    14  stm32f10x_usart.o(i.USART_GetFlagStatus)
    USART_ITConfig                           0x08003f87   Thumb Code    48  stm32f10x_usart.o(i.USART_ITConfig)
    USART_Init                               0x08003fb9   Thumb Code   174  stm32f10x_usart.o(i.USART_Init)
    USART_SendData                           0x0800406d   Thumb Code     8  stm32f10x_usart.o(i.USART_SendData)
    USB_Cable_Config                         0x08004075   Thumb Code    20  hw_config.o(i.USB_Cable_Config)
    USB_Configured_LED                       0x0800408d   Thumb Code     6  hw_config.o(i.USB_Configured_LED)
    USB_Disconnect_Config                    0x08004095   Thumb Code    40  hw_config.o(i.USB_Disconnect_Config)
    USB_HP_CAN1_TX_IRQHandler                0x080040c1   Thumb Code     4  stm32f10x_it.o(i.USB_HP_CAN1_TX_IRQHandler)
    USB_Init                                 0x080040c5   Thumb Code    22  usb_init.o(i.USB_Init)
    USB_Interrupts_Config                    0x080040ed   Thumb Code    84  hw_config.o(i.USB_Interrupts_Config)
    USB_Istr                                 0x08004141   Thumb Code    58  usb_istr.o(i.USB_Istr)
    USB_LP_CAN1_RX0_IRQHandler               0x0800418d   Thumb Code     4  stm32f10x_it.o(i.USB_LP_CAN1_RX0_IRQHandler)
    USB_NotConfigured_LED                    0x08004191   Thumb Code     6  hw_config.o(i.USB_NotConfigured_LED)
    USB_SIL_Init                             0x08004199   Thumb Code    20  usb_sil.o(i.USB_SIL_Init)
    USB_SIL_Read                             0x080041b5   Thumb Code    36  usb_sil.o(i.USB_SIL_Read)
    USB_SIL_Write                            0x080041d9   Thumb Code    42  usb_sil.o(i.USB_SIL_Write)
    UsageFault_Handler                       0x08004203   Thumb Code     2  stm32f10x_it.o(i.UsageFault_Handler)
    UserToPMABufferCopy                      0x08004205   Thumb Code    36  usb_mem.o(i.UserToPMABufferCopy)
    Write_Memory                             0x0800422d   Thumb Code   190  memory.o(i.Write_Memory)
    __0printf$1                              0x08004309   Thumb Code    22  printf1.o(i.__0printf$1)
    __1printf$1                              0x08004309   Thumb Code     0  printf1.o(i.__0printf$1)
    __2printf                                0x08004309   Thumb Code     0  printf1.o(i.__0printf$1)
    __scatterload_copy                       0x08004329   Thumb Code    14  handlers.o(i.__scatterload_copy)
    __scatterload_null                       0x08004337   Thumb Code     2  handlers.o(i.__scatterload_null)
    __scatterload_zeroinit                   0x08004339   Thumb Code    14  handlers.o(i.__scatterload_zeroinit)
    fputc                                    0x080044a9   Thumb Code    30  main.o(i.fputc)
    main                                     0x080044cd   Thumb Code    36  main.o(i.main)
    MASS_DeviceDescriptor                    0x080044f4   Data          18  usb_desc.o(.constdata)
    MASS_ConfigDescriptor                    0x08004506   Data          32  usb_desc.o(.constdata)
    MASS_StringLangID                        0x08004526   Data           4  usb_desc.o(.constdata)
    MASS_StringVendor                        0x0800452a   Data          38  usb_desc.o(.constdata)
    MASS_StringProduct                       0x08004550   Data          38  usb_desc.o(.constdata)
    MASS_StringInterface                     0x08004576   Data          16  usb_desc.o(.constdata)
    COM_TX_PIN                               0x08004588   Data           4  stm32_eval.o(.constdata)
    COM_RX_PIN                               0x0800458c   Data           4  stm32_eval.o(.constdata)
    GPIO_PIN                                 0x08004590   Data           8  stm32_eval.o(.constdata)
    COM_USART_CLK                            0x08004598   Data           8  stm32_eval.o(.constdata)
    COM_POR_CLK                              0x080045a0   Data           8  stm32_eval.o(.constdata)
    GPIO_CLK                                 0x080045a8   Data          16  stm32_eval.o(.constdata)
    BUTTON_PIN                               0x080045b8   Data          16  stm32_eval.o(.constdata)
    BUTTON_CLK                               0x080045c8   Data          32  stm32_eval.o(.constdata)
    BUTTON_EXTI_LINE                         0x080045e8   Data          16  stm32_eval.o(.constdata)
    BUTTON_PORT_SOURCE                       0x080045f8   Data          16  stm32_eval.o(.constdata)
    BUTTON_PIN_SOURCE                        0x08004608   Data          16  stm32_eval.o(.constdata)
    BUTTON_IRQn                              0x08004618   Data          16  stm32_eval.o(.constdata)
    Region$$Table$$Base                      0x08004628   Number         0  anon$$obj.o(Region$$Table)
    Region$$Table$$Limit                     0x08004648   Number         0  anon$$obj.o(Region$$Table)
    HSEStartUpStatus                         0x20000000   Data           1  hw_config.o(.data)
    Status                                   0x20000004   Data           4  mass_mal.o(.data)
    Mass_Memory_Size1                        0x20000008   Data           4  mass_mal.o(.data)
    Mass_Block_Size1                         0x2000000c   Data           4  mass_mal.o(.data)
    Mass_Block_Count1                        0x20000010   Data           4  mass_mal.o(.data)
    Mass_Memory_Size                         0x20000014   Data           8  mass_mal.o(.data)
    Mass_Block_Size                          0x2000001c   Data           8  mass_mal.o(.data)
    Mass_Block_Count                         0x20000024   Data           8  mass_mal.o(.data)
    TransferState                            0x2000002c   Data           1  memory.o(.data)
    Block_Read_count                         0x20000030   Data           4  memory.o(.data)
    Counter                                  0x20000034   Data           4  memory.o(.data)
    Block_offset                             0x20000048   Data           4  memory.o(.data)
    Idx                                      0x2000004c   Data           4  memory.o(.data)
    Write_State                              0x20000050   Data           1  nand_if.o(.data)
    Block_State                              0x20000051   Data           1  nand_if.o(.data)
    CurrentZone                              0x20000052   Data           2  nand_if.o(.data)
    Written_Pages                            0x20000054   Data           2  nand_if.o(.data)
    phBlock                                  0x20000056   Data           2  nand_if.o(.data)
    LogAddress                               0x20000058   Data           2  nand_if.o(.data)
    Initial_Page                             0x2000005a   Data           2  nand_if.o(.data)
    wAddress                                 0x2000005c   Data           6  nand_if.o(.data)
    fAddress                                 0x20000062   Data           6  nand_if.o(.data)
    Page00_Inquiry_Data                      0x20000068   Data           5  scsi_data.o(.data)
    Standard_Inquiry_Data                    0x2000006d   Data          36  scsi_data.o(.data)
    Standard_Inquiry_Data2                   0x20000091   Data          36  scsi_data.o(.data)
    Mode_Sense6_data                         0x200000b5   Data           4  scsi_data.o(.data)
    Mode_Sense10_data                        0x200000b9   Data           8  scsi_data.o(.data)
    Scsi_Sense_Data                          0x200000c1   Data          18  scsi_data.o(.data)
    ReadCapacity10_Data                      0x200000d3   Data           8  scsi_data.o(.data)
    ReadFormatCapacity_Data                  0x200000db   Data          12  scsi_data.o(.data)
    TransferError                            0x200000e8   Data           1  sdcard.o(.data)
    TransferEnd                              0x20000100   Data           4  sdcard.o(.data)
    NumberOfBytes                            0x20000104   Data           4  sdcard.o(.data)
    SrcBuffer                                0x20000108   Data           4  sdcard.o(.data)
    DestBuffer                               0x2000010c   Data           4  sdcard.o(.data)
    Bot_State                                0x20000110   Data           1  usb_bot.o(.data)
    Data_Len                                 0x20000112   Data           2  usb_bot.o(.data)
    SCSI_LBA                                 0x20000114   Data           4  usb_bot.o(.data)
    SCSI_BlkLen                              0x20000118   Data           4  usb_bot.o(.data)
    MASS_StringSerial                        0x2000011c   Data          26  usb_desc.o(.data)
    pEpInt_IN                                0x20000138   Data          28  usb_istr.o(.data)
    pEpInt_OUT                               0x20000154   Data          28  usb_istr.o(.data)
    wIstr                                    0x20000170   Data           2  usb_istr.o(.data)
    Max_Lun                                  0x20000174   Data           4  usb_prop.o(.data)
    Device_Descriptor                        0x20000178   Data           8  usb_prop.o(.data)
    Config_Descriptor                        0x20000180   Data           8  usb_prop.o(.data)
    Device_Property                          0x20000188   Data          48  usb_prop.o(.data)
    String_Descriptor                        0x200001b8   Data          40  usb_prop.o(.data)
    Device_Table                             0x200001e0   Data           2  usb_prop.o(.data)
    User_Standard_Requests                   0x200001e4   Data          36  usb_prop.o(.data)
    bDeviceState                             0x20000208   Data           4  usb_pwr.o(.data)
    Data_Mul_MaxPacketSize                   0x2000020c   Data           1  usb_core.o(.data)
    StatusInfo                               0x2000020e   Data           2  usb_core.o(.data)
    EPindex                                  0x20000210   Data           1  usb_init.o(.data)
    pInformation                             0x20000214   Data           4  usb_init.o(.data)
    pProperty                                0x20000218   Data           4  usb_init.o(.data)
    pUser_Standard_Requests                  0x2000021c   Data           4  usb_init.o(.data)
    wInterrupt_Mask                          0x20000220   Data           2  usb_init.o(.data)
    SaveRState                               0x20000222   Data           2  usb_int.o(.data)
    SaveTState                               0x20000224   Data           2  usb_int.o(.data)
    COM_USART                                0x2000023c   Data           8  stm32_eval.o(.data)
    COM_PORT                                 0x20000244   Data           8  stm32_eval.o(.data)
    GPIO_PORT                                0x2000024c   Data          16  stm32_eval.o(.data)
    BUTTON_PORT                              0x2000025c   Data          32  stm32_eval.o(.data)
    __stdout                                 0x2000027c   Data           4  stdout.o(.data)
    SDCardInfo                               0x20000280   Data          80  mass_mal.o(.bss)
    Buffer_Block_Rx                          0x200002d0   Data         512  mass_mal.o(.bss)
    Data_Buffer                              0x200004d0   Data         512  memory.o(.bss)
    LUT                                      0x200006d0   Data        2048  nand_if.o(.bss)
    SDIO_InitStructure                       0x20000ef0   Data          24  sdcard.o(.bss)
    SDIO_CmdInitStructure                    0x20000f08   Data          20  sdcard.o(.bss)
    SDIO_DataInitStructure                   0x20000f1c   Data          24  sdcard.o(.bss)
    Bulk_Data_Buff                           0x20000f34   Data          64  usb_bot.o(.bss)
    CBW                                      0x20000f74   Data          32  usb_bot.o(.bss)
    CSW                                      0x20000f94   Data          16  usb_bot.o(.bss)
    Device_Info                              0x20000fa4   Data          28  usb_init.o(.bss)
    __initial_sp                             0x200013c0   Data           0  startup_stm32f10x_hd.o(STACK)



==============================================================================

Memory Map of the image

  Image Entry point : 0x08000131

  Load Region LR_IROM1 (Base: 0x08000000, Size: 0x000048c8, Max: 0x00080000, ABSOLUTE, COMPRESSED[0x0000472c])

    Execution Region ER_IROM1 (Base: 0x08000000, Size: 0x00004648, Max: 0x00080000, ABSOLUTE)

    Base Addr    Size         Type   Attr      Idx    E Section Name        Object

    0x08000000   0x00000130   Data   RO         3048    RESET               startup_stm32f10x_hd.o
    0x08000130   0x00000000   Code   RO         3145  * .ARM.Collect$$$$00000000  entry.o(mc_w.l)
    0x08000130   0x00000004   Code   RO         3413    .ARM.Collect$$$$00000001  entry2.o(mc_w.l)
    0x08000134   0x00000004   Code   RO         3416    .ARM.Collect$$$$00000004  entry5.o(mc_w.l)
    0x08000138   0x00000008   Code   RO         3417    .ARM.Collect$$$$00000007  entry7.o(mc_w.l)
    0x08000140   0x00000004   Code   RO         3414    .ARM.Collect$$$$00002712  entry2.o(mc_w.l)
    0x08000144   0x00000024   Code   RO         3049    .text               startup_stm32f10x_hd.o
    0x08000168   0x00000024   Code   RO         3148    .text               memcpya.o(mc_w.l)
    0x0800018c   0x0000002c   Code   RO         3419    .text               uidiv.o(mc_w.l)
    0x080001b8   0x00000024   Code   RO         3434    .text               init.o(mc_w.l)
    0x080001dc   0x00000058   Code   RO         3450    .text               __dczerorl2.o(mc_w.l)
    0x08000234   0x00000032   Code   RO          828    i.Bot_Abort         usb_bot.o
    0x08000266   0x00000002   Code   RO          747    i.BusFault_Handler  stm32f10x_it.o
    0x08000268   0x0000000a   Code   RO         1378    i.ByteSwap          usb_regs.o
    0x08000272   0x00000002   PAD
    0x08000274   0x00000194   Code   RO          829    i.CBW_Decode        usb_bot.o
    0x08000408   0x00000084   Code   RO         1330    i.CTR_HP            usb_int.o
    0x0800048c   0x00000160   Code   RO         1331    i.CTR_LP            usb_int.o
    0x080005ec   0x0000002c   Code   RO         1379    i.ClearDTOG_RX      usb_regs.o
    0x08000618   0x0000002c   Code   RO         1380    i.ClearDTOG_TX      usb_regs.o
    0x08000644   0x00000024   Code   RO         1385    i.Clear_Status_Out  usb_regs.o
    0x08000668   0x000000e8   Code   RO          584    i.CmdResp1Error     sdcard.o
    0x08000750   0x00000034   Code   RO          585    i.CmdResp2Error     sdcard.o
    0x08000784   0x00000070   Code   RO          586    i.CmdResp6Error     sdcard.o
    0x080007f4   0x00000014   Code   RO         1828    i.DMA_ClearFlag     stm32f10x_dma.o
    0x08000808   0x00000014   Code   RO         1830    i.DMA_Cmd           stm32f10x_dma.o
    0x0800081c   0x00000020   Code   RO         1833    i.DMA_GetFlagStatus  stm32f10x_dma.o
    0x0800083c   0x0000003a   Code   RO         1836    i.DMA_Init          stm32f10x_dma.o
    0x08000876   0x00000002   PAD
    0x08000878   0x0000005c   Code   RO          587    i.DMA_RxConfiguration  sdcard.o
    0x080008d4   0x00000060   Code   RO          588    i.DMA_TxConfiguration  sdcard.o
    0x08000934   0x000000b8   Code   RO         1185    i.DataStageIn       usb_core.o
    0x080009ec   0x000000a8   Code   RO         1186    i.DataStageOut      usb_core.o
    0x08000a94   0x000001a0   Code   RO         1187    i.Data_Setup0       usb_core.o
    0x08000c34   0x00000002   Code   RO          748    i.DebugMon_Handler  stm32f10x_it.o
    0x08000c36   0x00000004   Code   RO          893    i.EP1_IN_Callback   usb_endp.o
    0x08000c3a   0x00000004   Code   RO          894    i.EP2_OUT_Callback  usb_endp.o
    0x08000c3e   0x00000002   PAD
    0x08000c40   0x00000018   Code   RO         2711    i.FLASH_PrefetchBufferCmd  stm32f10x_flash.o
    0x08000c58   0x00000014   Code   RO         2716    i.FLASH_SetLatency  stm32f10x_flash.o
    0x08000c6c   0x00000038   Code   RO         2080    i.FSMC_NANDCmd      stm32f10x_fsmc.o
    0x08000ca4   0x00000064   Code   RO         2083    i.FSMC_NANDInit     stm32f10x_fsmc.o
    0x08000d08   0x00000036   Code   RO            1    i.FSMC_NAND_AddressIncrement  fsmc_nand.o
    0x08000d3e   0x00000002   PAD
    0x08000d40   0x00000030   Code   RO            2    i.FSMC_NAND_EraseBlock  fsmc_nand.o
    0x08000d70   0x00000026   Code   RO            3    i.FSMC_NAND_GetStatus  fsmc_nand.o
    0x08000d96   0x00000002   PAD
    0x08000d98   0x000000a8   Code   RO            4    i.FSMC_NAND_Init    fsmc_nand.o
    0x08000e40   0x0000002c   Code   RO            5    i.FSMC_NAND_ReadID  fsmc_nand.o
    0x08000e6c   0x00000084   Code   RO            6    i.FSMC_NAND_ReadSmallPage  fsmc_nand.o
    0x08000ef0   0x00000084   Code   RO            7    i.FSMC_NAND_ReadSpareArea  fsmc_nand.o
    0x08000f74   0x00000020   Code   RO            8    i.FSMC_NAND_ReadStatus  fsmc_nand.o
    0x08000f94   0x0000009c   Code   RO           10    i.FSMC_NAND_WriteSmallPage  fsmc_nand.o
    0x08001030   0x00000098   Code   RO           11    i.FSMC_NAND_WriteSpareArea  fsmc_nand.o
    0x080010c8   0x00000148   Code   RO          589    i.FindSCR           sdcard.o
    0x08001210   0x0000009e   Code   RO         2200    i.GPIO_Init         stm32f10x_gpio.o
    0x080012ae   0x00000004   Code   RO         2207    i.GPIO_ResetBits    stm32f10x_gpio.o
    0x080012b2   0x00000004   Code   RO         2208    i.GPIO_SetBits      stm32f10x_gpio.o
    0x080012b6   0x00000002   PAD
    0x080012b8   0x00000020   Code   RO         1397    i.GetEPRxAddr       usb_regs.o
    0x080012d8   0x00000020   Code   RO         1398    i.GetEPRxCount      usb_regs.o
    0x080012f8   0x0000001c   Code   RO         1400    i.GetEPTxAddr       usb_regs.o
    0x08001314   0x0000001c   Code   RO          932    i.Get_Max_Lun       usb_prop.o
    0x08001330   0x00000054   Code   RO          323    i.Get_Medium_Characteristics  mass_mal.o
    0x08001384   0x00000044   Code   RO          125    i.Get_SerialNum     hw_config.o
    0x080013c8   0x00000002   Code   RO          749    i.HardFault_Handler  stm32f10x_it.o
    0x080013ca   0x00000002   PAD
    0x080013cc   0x0000005c   Code   RO         1188    i.In0_Process       usb_core.o
    0x08001428   0x00000118   Code   RO          590    i.IsCardProgramming  sdcard.o
    0x08001540   0x0000001e   Code   RO          127    i.Led_Config        hw_config.o
    0x0800155e   0x00000006   Code   RO          128    i.Led_RW_OFF        hw_config.o
    0x08001564   0x00000006   Code   RO          129    i.Led_RW_ON         hw_config.o
    0x0800156a   0x00000002   PAD
    0x0800156c   0x000000d8   Code   RO          324    i.MAL_GetStatus     mass_mal.o
    0x08001644   0x000000a8   Code   RO          325    i.MAL_Init          mass_mal.o
    0x080016ec   0x00000030   Code   RO          326    i.MAL_Read          mass_mal.o
    0x0800171c   0x00000030   Code   RO          327    i.MAL_Write         mass_mal.o
    0x0800174c   0x00000040   Code   RO          933    i.MASS_Data_Setup   usb_prop.o
    0x0800178c   0x0000000c   Code   RO          934    i.MASS_GetConfigDescriptor  usb_prop.o
    0x08001798   0x0000000c   Code   RO          935    i.MASS_GetDeviceDescriptor  usb_prop.o
    0x080017a4   0x00000020   Code   RO          936    i.MASS_GetStringDescriptor  usb_prop.o
    0x080017c4   0x0000000a   Code   RO          937    i.MASS_Get_Interface_Setting  usb_prop.o
    0x080017ce   0x00000002   PAD
    0x080017d0   0x00000050   Code   RO          938    i.MASS_NoData_Setup  usb_prop.o
    0x08001820   0x000000e8   Code   RO          939    i.MASS_Reset        usb_prop.o
    0x08001908   0x00000002   Code   RO          940    i.MASS_Status_In    usb_prop.o
    0x0800190a   0x00000002   Code   RO          941    i.MASS_Status_Out   usb_prop.o
    0x0800190c   0x00000024   Code   RO          942    i.MASS_init         usb_prop.o
    0x08001930   0x0000001c   Code   RO          943    i.Mass_Storage_ClearFeature  usb_prop.o
    0x0800194c   0x00000054   Code   RO          830    i.Mass_Storage_In   usb_bot.o
    0x080019a0   0x00000060   Code   RO          831    i.Mass_Storage_Out  usb_bot.o
    0x08001a00   0x00000034   Code   RO          944    i.Mass_Storage_SetConfiguration  usb_prop.o
    0x08001a34   0x0000000c   Code   RO          945    i.Mass_Storage_SetDeviceAddress  usb_prop.o
    0x08001a40   0x00000002   Code   RO          750    i.MemManage_Handler  stm32f10x_it.o
    0x08001a42   0x00000002   PAD
    0x08001a44   0x000000d8   Code   RO          499    i.NAND_BuildLUT     nand_if.o
    0x08001b1c   0x00000040   Code   RO          500    i.NAND_ConvertPhyAddress  nand_if.o
    0x08001b5c   0x0000003e   Code   RO          501    i.NAND_Copy         nand_if.o
    0x08001b9a   0x00000040   Code   RO          502    i.NAND_Format       nand_if.o
    0x08001bda   0x00000040   Code   RO          503    i.NAND_GetAddress   nand_if.o
    0x08001c1a   0x00000002   PAD
    0x08001c1c   0x00000018   Code   RO          504    i.NAND_Init         nand_if.o
    0x08001c34   0x00000058   Code   RO          505    i.NAND_Read         nand_if.o
    0x08001c8c   0x00000178   Code   RO          506    i.NAND_Write        nand_if.o
    0x08001e04   0x0000010c   Code   RO          507    i.NAND_Write_Cleanup  nand_if.o
    0x08001f10   0x00000002   Code   RO          751    i.NMI_Handler       stm32f10x_it.o
    0x08001f12   0x00000002   Code   RO         1189    i.NOP_Process       usb_core.o
    0x08001f14   0x0000005c   Code   RO         1894    i.NVIC_Init         misc.o
    0x08001f70   0x00000014   Code   RO         1895    i.NVIC_PriorityGroupConfig  misc.o
    0x08001f84   0x000000d8   Code   RO         1190    i.NoData_Setup0     usb_core.o
    0x0800205c   0x00000044   Code   RO         1191    i.Out0_Process      usb_core.o
    0x080020a0   0x00000020   Code   RO         1360    i.PMAToUserBufferCopy  usb_mem.o
    0x080020c0   0x00000002   Code   RO          752    i.PendSV_Handler    stm32f10x_it.o
    0x080020c2   0x00000002   PAD
    0x080020c4   0x00000040   Code   RO         1192    i.Post0_Process     usb_core.o
    0x08002104   0x0000002c   Code   RO         1040    i.PowerOn           usb_pwr.o
    0x08002130   0x00000018   Code   RO         2309    i.RCC_AHBPeriphClockCmd  stm32f10x_rcc.o
    0x08002148   0x00000018   Code   RO         2310    i.RCC_APB1PeriphClockCmd  stm32f10x_rcc.o
    0x08002160   0x00000018   Code   RO         2312    i.RCC_APB2PeriphClockCmd  stm32f10x_rcc.o
    0x08002178   0x00000018   Code   RO         2313    i.RCC_APB2PeriphResetCmd  stm32f10x_rcc.o
    0x08002190   0x0000006c   Code   RO          131    i.RCC_Config        hw_config.o
    0x080021fc   0x00000040   Code   RO         2319    i.RCC_DeInit        stm32f10x_rcc.o
    0x0800223c   0x00000094   Code   RO         2320    i.RCC_GetClocksFreq  stm32f10x_rcc.o
    0x080022d0   0x00000030   Code   RO         2321    i.RCC_GetFlagStatus  stm32f10x_rcc.o
    0x08002300   0x00000010   Code   RO         2323    i.RCC_GetSYSCLKSource  stm32f10x_rcc.o
    0x08002310   0x00000014   Code   RO         2324    i.RCC_HCLKConfig    stm32f10x_rcc.o
    0x08002324   0x00000034   Code   RO         2325    i.RCC_HSEConfig     stm32f10x_rcc.o
    0x08002358   0x00000014   Code   RO         2331    i.RCC_PCLK1Config   stm32f10x_rcc.o
    0x0800236c   0x00000014   Code   RO         2332    i.RCC_PCLK2Config   stm32f10x_rcc.o
    0x08002380   0x0000000c   Code   RO         2333    i.RCC_PLLCmd        stm32f10x_rcc.o
    0x0800238c   0x00000014   Code   RO         2334    i.RCC_PLLConfig     stm32f10x_rcc.o
    0x080023a0   0x00000014   Code   RO         2337    i.RCC_SYSCLKConfig  stm32f10x_rcc.o
    0x080023b4   0x0000000c   Code   RO         2338    i.RCC_USBCLKConfig  stm32f10x_rcc.o
    0x080023c0   0x00000026   Code   RO         2339    i.RCC_WaitForHSEStartUp  stm32f10x_rcc.o
    0x080023e6   0x0000002e   Code   RO          508    i.ReadSpareArea     nand_if.o
    0x08002414   0x000000c0   Code   RO          369    i.Read_Memory       memory.o
    0x080024d4   0x0000006c   Code   RO         1083    i.SCSI_Address_Management  usb_scsi.o
    0x08002540   0x00000038   Code   RO         1084    i.SCSI_Format_Cmd   usb_scsi.o
    0x08002578   0x00000034   Code   RO         1085    i.SCSI_Inquiry_Cmd  usb_scsi.o
    0x080025ac   0x00000038   Code   RO         1086    i.SCSI_Invalid_Cmd  usb_scsi.o
    0x080025e4   0x0000000c   Code   RO         1087    i.SCSI_ModeSense10_Cmd  usb_scsi.o
    0x080025f0   0x0000000c   Code   RO         1088    i.SCSI_ModeSense6_Cmd  usb_scsi.o
    0x080025fc   0x0000006c   Code   RO         1089    i.SCSI_Read10_Cmd   usb_scsi.o
    0x08002668   0x0000006c   Code   RO         1090    i.SCSI_ReadCapacity10_Cmd  usb_scsi.o
    0x080026d4   0x00000068   Code   RO         1091    i.SCSI_ReadFormatCapacity_Cmd  usb_scsi.o
    0x0800273c   0x00000018   Code   RO         1092    i.SCSI_RequestSense_Cmd  usb_scsi.o
    0x08002754   0x00000008   Code   RO         1093    i.SCSI_Start_Stop_Unit_Cmd  usb_scsi.o
    0x0800275c   0x00000034   Code   RO         1094    i.SCSI_TestUnitReady_Cmd  usb_scsi.o
    0x08002790   0x00000038   Code   RO         1096    i.SCSI_Verify10_Cmd  usb_scsi.o
    0x080027c8   0x00000068   Code   RO         1097    i.SCSI_Write10_Cmd  usb_scsi.o
    0x08002830   0x000000b8   Code   RO          591    i.SDEnWideBus       sdcard.o
    0x080028e8   0x0000000c   Code   RO         2509    i.SDIO_ClearFlag    stm32f10x_sdio.o
    0x080028f4   0x0000000c   Code   RO         2510    i.SDIO_ClearITPendingBit  stm32f10x_sdio.o
    0x08002900   0x0000000c   Code   RO         2511    i.SDIO_ClockCmd     stm32f10x_sdio.o
    0x0800290c   0x0000000c   Code   RO         2514    i.SDIO_DMACmd       stm32f10x_sdio.o
    0x08002918   0x0000002c   Code   RO         2515    i.SDIO_DataConfig   stm32f10x_sdio.o
    0x08002944   0x00000024   Code   RO         2517    i.SDIO_DeInit       stm32f10x_sdio.o
    0x08002968   0x0000000c   Code   RO         2518    i.SDIO_GetCommandResponse  stm32f10x_sdio.o
    0x08002974   0x00000014   Code   RO         2521    i.SDIO_GetFlagStatus  stm32f10x_sdio.o
    0x08002988   0x00000014   Code   RO         2522    i.SDIO_GetITStatus  stm32f10x_sdio.o
    0x0800299c   0x00000010   Code   RO         2523    i.SDIO_GetPowerState  stm32f10x_sdio.o
    0x080029ac   0x0000000c   Code   RO         2524    i.SDIO_GetResponse  stm32f10x_sdio.o
    0x080029b8   0x00000004   Code   RO          753    i.SDIO_IRQHandler   stm32f10x_it.o
    0x080029bc   0x00000018   Code   RO         2525    i.SDIO_ITConfig     stm32f10x_sdio.o
    0x080029d4   0x0000002c   Code   RO         2526    i.SDIO_Init         stm32f10x_sdio.o
    0x08002a00   0x0000000c   Code   RO         2527    i.SDIO_ReadData     stm32f10x_sdio.o
    0x08002a0c   0x00000028   Code   RO         2529    i.SDIO_SendCommand  stm32f10x_sdio.o
    0x08002a34   0x00000018   Code   RO         2531    i.SDIO_SetPowerState  stm32f10x_sdio.o
    0x08002a4c   0x0000000c   Code   RO         2537    i.SDIO_WriteData    stm32f10x_sdio.o
    0x08002a58   0x00000078   Code   RO          592    i.SD_EnableWideBusOperation  sdcard.o
    0x08002ad0   0x00000244   Code   RO          594    i.SD_GetCardInfo    sdcard.o
    0x08002d14   0x00000080   Code   RO          596    i.SD_Init           sdcard.o
    0x08002d94   0x00000104   Code   RO          597    i.SD_InitializeCards  sdcard.o
    0x08002e98   0x000001d0   Code   RO          599    i.SD_PowerON        sdcard.o
    0x08003068   0x0000019c   Code   RO          600    i.SD_ProcessIRQSrc  sdcard.o
    0x08003204   0x000001f4   Code   RO          601    i.SD_ReadBlock      sdcard.o
    0x080033f8   0x0000002c   Code   RO          603    i.SD_SelectDeselect  sdcard.o
    0x08003424   0x0000001c   Code   RO          606    i.SD_SetDeviceMode  sdcard.o
    0x08003440   0x00000028   Code   RO          607    i.SD_StopTransfer   sdcard.o
    0x08003468   0x000002b4   Code   RO          608    i.SD_WriteBlock     sdcard.o
    0x0800371c   0x00000040   Code   RO         3094    i.STM_EVAL_LEDInit  stm32_eval.o
    0x0800375c   0x00000018   Code   RO         3095    i.STM_EVAL_LEDOff   stm32_eval.o
    0x08003774   0x00000018   Code   RO         3096    i.STM_EVAL_LEDOn    stm32_eval.o
    0x0800378c   0x00000002   Code   RO          754    i.SVC_Handler       stm32f10x_it.o
    0x0800378e   0x00000002   PAD
    0x08003790   0x00000114   Code   RO          285    i.Serial_Init       main.o
    0x080038a4   0x00000010   Code   RO         1408    i.SetBTABLE         usb_regs.o
    0x080038b4   0x00000044   Code   RO         1193    i.SetDeviceAddress  usb_core.o
    0x080038f8   0x00000020   Code   RO         1422    i.SetEPRxAddr       usb_regs.o
    0x08003918   0x00000040   Code   RO         1423    i.SetEPRxCount      usb_regs.o
    0x08003958   0x00000038   Code   RO         1424    i.SetEPRxStatus     usb_regs.o
    0x08003990   0x00000028   Code   RO         1425    i.SetEPRxValid      usb_regs.o
    0x080039b8   0x00000020   Code   RO         1426    i.SetEPTxAddr       usb_regs.o
    0x080039d8   0x0000001c   Code   RO         1427    i.SetEPTxCount      usb_regs.o
    0x080039f4   0x00000038   Code   RO         1428    i.SetEPTxStatus     usb_regs.o
    0x08003a2c   0x00000020   Code   RO         1430    i.SetEPType         usb_regs.o
    0x08003a4c   0x00000090   Code   RO         3054    i.SetSysClockTo72   system_stm32f10x.o
    0x08003adc   0x0000003c   Code   RO          832    i.Set_CSW           usb_bot.o
    0x08003b18   0x0000000c   Code   RO         1098    i.Set_Scsi_Sense_Data  usb_scsi.o
    0x08003b24   0x00000018   Code   RO          132    i.Set_System        hw_config.o
    0x08003b3c   0x00000014   Code   RO          133    i.Set_USBClock      hw_config.o
    0x08003b50   0x0000006c   Code   RO         1194    i.Setup0_Process    usb_core.o
    0x08003bbc   0x000000fc   Code   RO         1195    i.Standard_ClearFeature  usb_core.o
    0x08003cb8   0x00000028   Code   RO         1196    i.Standard_GetConfiguration  usb_core.o
    0x08003ce0   0x00000020   Code   RO         1197    i.Standard_GetDescriptorData  usb_core.o
    0x08003d00   0x00000028   Code   RO         1198    i.Standard_GetInterface  usb_core.o
    0x08003d28   0x00000094   Code   RO         1199    i.Standard_GetStatus  usb_core.o
    0x08003dbc   0x00000038   Code   RO         1200    i.Standard_SetConfiguration  usb_core.o
    0x08003df4   0x00000024   Code   RO         1201    i.Standard_SetDeviceFeature  usb_core.o
    0x08003e18   0x0000008c   Code   RO         1202    i.Standard_SetEndPointFeature  usb_core.o
    0x08003ea4   0x00000048   Code   RO         1203    i.Standard_SetInterface  usb_core.o
    0x08003eec   0x00000002   Code   RO          755    i.SysTick_Handler   stm32f10x_it.o
    0x08003eee   0x00000002   PAD
    0x08003ef0   0x00000040   Code   RO         3056    i.SystemInit        system_stm32f10x.o
    0x08003f30   0x00000034   Code   RO          833    i.Transfer_Data_Request  usb_bot.o
    0x08003f64   0x00000014   Code   RO         2870    i.USART_Cmd         stm32f10x_usart.o
    0x08003f78   0x0000000e   Code   RO         2873    i.USART_GetFlagStatus  stm32f10x_usart.o
    0x08003f86   0x00000030   Code   RO         2876    i.USART_ITConfig    stm32f10x_usart.o
    0x08003fb6   0x00000002   PAD
    0x08003fb8   0x000000b4   Code   RO         2877    i.USART_Init        stm32f10x_usart.o
    0x0800406c   0x00000008   Code   RO         2887    i.USART_SendData    stm32f10x_usart.o
    0x08004074   0x00000018   Code   RO          134    i.USB_Cable_Config  hw_config.o
    0x0800408c   0x00000006   Code   RO          135    i.USB_Configured_LED  hw_config.o
    0x08004092   0x00000002   PAD
    0x08004094   0x0000002c   Code   RO          136    i.USB_Disconnect_Config  hw_config.o
    0x080040c0   0x00000004   Code   RO          756    i.USB_HP_CAN1_TX_IRQHandler  stm32f10x_it.o
    0x080040c4   0x00000028   Code   RO         1304    i.USB_Init          usb_init.o
    0x080040ec   0x00000054   Code   RO          137    i.USB_Interrupts_Config  hw_config.o
    0x08004140   0x0000004c   Code   RO          911    i.USB_Istr          usb_istr.o
    0x0800418c   0x00000004   Code   RO          757    i.USB_LP_CAN1_RX0_IRQHandler  stm32f10x_it.o
    0x08004190   0x00000006   Code   RO          138    i.USB_NotConfigured_LED  hw_config.o
    0x08004196   0x00000002   PAD
    0x08004198   0x0000001c   Code   RO         1750    i.USB_SIL_Init      usb_sil.o
    0x080041b4   0x00000024   Code   RO         1751    i.USB_SIL_Read      usb_sil.o
    0x080041d8   0x0000002a   Code   RO         1752    i.USB_SIL_Write     usb_sil.o
    0x08004202   0x00000002   Code   RO          758    i.UsageFault_Handler  stm32f10x_it.o
    0x08004204   0x00000028   Code   RO         1361    i.UserToPMABufferCopy  usb_mem.o
    0x0800422c   0x000000dc   Code   RO          370    i.Write_Memory      memory.o
    0x08004308   0x00000020   Code   RO         3197    i.__0printf$1       printf1.o(mc_w.l)
    0x08004328   0x0000000e   Code   RO         3444    i.__scatterload_copy  handlers.o(mc_w.l)
    0x08004336   0x00000002   Code   RO         3445    i.__scatterload_null  handlers.o(mc_w.l)
    0x08004338   0x0000000e   Code   RO         3446    i.__scatterload_zeroinit  handlers.o(mc_w.l)
    0x08004346   0x00000002   PAD
    0x08004348   0x0000014c   Code   RO         3204    i._printf_core      printf1.o(mc_w.l)
    0x08004494   0x00000012   Code   RO          610    i.convert_from_bytes_to_power_of_two  sdcard.o
    0x080044a6   0x00000002   PAD
    0x080044a8   0x00000024   Code   RO          286    i.fputc             main.o
    0x080044cc   0x00000028   Code   RO          287    i.main              main.o
    0x080044f4   0x00000012   Data   RO          875    .constdata          usb_desc.o
    0x08004506   0x00000020   Data   RO          876    .constdata          usb_desc.o
    0x08004526   0x00000004   Data   RO          877    .constdata          usb_desc.o
    0x0800452a   0x00000026   Data   RO          878    .constdata          usb_desc.o
    0x08004550   0x00000026   Data   RO          879    .constdata          usb_desc.o
    0x08004576   0x00000010   Data   RO          880    .constdata          usb_desc.o
    0x08004586   0x00000002   PAD
    0x08004588   0x000000a0   Data   RO         3100    .constdata          stm32_eval.o
    0x08004628   0x00000020   Data   RO         3442    Region$$Table       anon$$obj.o


    Execution Region RW_IRAM1 (Base: 0x20000000, Size: 0x000013c0, Max: 0x00010000, ABSOLUTE, COMPRESSED[0x000000e4])

    Base Addr    Size         Type   Attr      Idx    E Section Name        Object

    0x20000000   0x00000001   Data   RW          139    .data               hw_config.o
    0x20000001   0x00000003   PAD
    0x20000004   0x00000028   Data   RW          332    .data               mass_mal.o
    0x2000002c   0x00000024   Data   RW          372    .data               memory.o
    0x20000050   0x00000018   Data   RW          510    .data               nand_if.o
    0x20000068   0x00000005   Data   RW          565    .data               scsi_data.o
    0x2000006d   0x00000024   Data   RW          566    .data               scsi_data.o
    0x20000091   0x00000024   Data   RW          567    .data               scsi_data.o
    0x200000b5   0x00000004   Data   RW          568    .data               scsi_data.o
    0x200000b9   0x00000008   Data   RW          569    .data               scsi_data.o
    0x200000c1   0x00000012   Data   RW          570    .data               scsi_data.o
    0x200000d3   0x00000008   Data   RW          571    .data               scsi_data.o
    0x200000db   0x0000000c   Data   RW          572    .data               scsi_data.o
    0x200000e7   0x00000001   PAD
    0x200000e8   0x00000028   Data   RW          612    .data               sdcard.o
    0x20000110   0x0000000c   Data   RW          835    .data               usb_bot.o
    0x2000011c   0x0000001a   Data   RW          881    .data               usb_desc.o
    0x20000136   0x00000002   PAD
    0x20000138   0x0000001c   Data   RW          913    .data               usb_istr.o
    0x20000154   0x0000001c   Data   RW          914    .data               usb_istr.o
    0x20000170   0x00000002   Data   RW          915    .data               usb_istr.o
    0x20000172   0x00000002   PAD
    0x20000174   0x0000006c   Data   RW          946    .data               usb_prop.o
    0x200001e0   0x00000002   Data   RW          947    .data               usb_prop.o
    0x200001e2   0x00000002   PAD
    0x200001e4   0x00000024   Data   RW          948    .data               usb_prop.o
    0x20000208   0x00000004   Data   RW         1044    .data               usb_pwr.o
    0x2000020c   0x00000004   Data   RW         1204    .data               usb_core.o
    0x20000210   0x00000001   Data   RW         1306    .data               usb_init.o
    0x20000211   0x00000003   PAD
    0x20000214   0x0000000c   Data   RW         1307    .data               usb_init.o
    0x20000220   0x00000002   Data   RW         1309    .data               usb_init.o
    0x20000222   0x00000004   Data   RW         1332    .data               usb_int.o
    0x20000226   0x00000014   Data   RW         2340    .data               stm32f10x_rcc.o
    0x2000023a   0x00000002   PAD
    0x2000023c   0x00000040   Data   RW         3101    .data               stm32_eval.o
    0x2000027c   0x00000004   Data   RW         3418    .data               stdout.o(mc_w.l)
    0x20000280   0x00000250   Zero   RW          328    .bss                mass_mal.o
    0x200004d0   0x00000200   Zero   RW          371    .bss                memory.o
    0x200006d0   0x00000800   Zero   RW          509    .bss                nand_if.o
    0x20000ed0   0x00000064   Zero   RW          611    .bss                sdcard.o
    0x20000f34   0x00000070   Zero   RW          834    .bss                usb_bot.o
    0x20000fa4   0x0000001c   Zero   RW         1305    .bss                usb_init.o
    0x20000fc0   0x00000400   Zero   RW         3046    STACK               startup_stm32f10x_hd.o


==============================================================================

Image component sizes


      Code (inc. data)   RO Data    RW Data    ZI Data      Debug   Object Name

       956         76          0          0          0     268865   fsmc_nand.o
       426         20          0          1          0      15940   hw_config.o
       352         34          0          0          0       2937   main.o
       564        114          0         40        592       5920   mass_mal.o
       412         50          0         36        512       3804   memory.o
       112         10          0          0          0       1847   misc.o
      1272         36          0         24       2048       8376   nand_if.o
         0          0          0        127          0       1090   scsi_data.o
      4662        202          0         40        100      22371   sdcard.o
        36          8        304          0       1024        628   startup_stm32f10x_hd.o
       112         26        160         64          0       3175   stm32_eval.o
       130         10          0          0          0       3885   stm32f10x_dma.o
        44         12          0          0          0       1249   stm32f10x_flash.o
       156          4          0          0          0       2283   stm32f10x_fsmc.o
       166          0          0          0          0       3428   stm32f10x_gpio.o
        30          0          0          0          0       5553   stm32f10x_it.o
       586        108          0         20          0      13846   stm32f10x_rcc.o
       364        100          0          0          0      12439   stm32f10x_sdio.o
       270          6          0          0          0       5505   stm32f10x_usart.o
       208         20          0          0          0       1733   system_stm32f10x.o
       746         66          0         12        112       5343   usb_bot.o
      2202        280          0          4          0      16415   usb_core.o
         0          0        146         26          0        992   usb_desc.o
         8          0          0          0          0        905   usb_endp.o
        40         18          0         15         28       4374   usb_init.o
       484         46          0          4          0       2557   usb_int.o
        76         18          0         58          0       1464   usb_istr.o
        72         10          0          0          0       2024   usb_mem.o
       602        128          0        146          0      11466   usb_prop.o
        44         10          0          4          0       2083   usb_pwr.o
       582        108          0          0          0      10462   usb_regs.o
       872        138          0          0          0      10417   usb_scsi.o
       106          8          0          0          0       2466   usb_sil.o

    ----------------------------------------------------------------------
     16728       1666        644        636       4416     455842   Object Totals
         0          0         32          0          0          0   (incl. Generated)
        36          0          2         15          0          0   (incl. Padding)

    ----------------------------------------------------------------------

      Code (inc. data)   RO Data    RW Data    ZI Data      Debug   Library Member Name

        88          0          0          0          0          0   __dczerorl2.o
         0          0          0          0          0          0   entry.o
         8          4          0          0          0          0   entry2.o
         4          0          0          0          0          0   entry5.o
         8          4          0          0          0          0   entry7.o
        30          0          0          0          0          0   handlers.o
        36          8          0          0          0         68   init.o
        36          0          0          0          0         68   memcpya.o
       364         14          0          0          0        180   printf1.o
         0          0          0          4          0          0   stdout.o
        44          0          0          0          0         76   uidiv.o

    ----------------------------------------------------------------------
       620         30          0          4          0        392   Library Totals
         2          0          0          0          0          0   (incl. Padding)

    ----------------------------------------------------------------------

      Code (inc. data)   RO Data    RW Data    ZI Data      Debug   Library Name

       618         30          0          4          0        392   mc_w.l

    ----------------------------------------------------------------------
       620         30          0          4          0        392   Library Totals

    ----------------------------------------------------------------------

==============================================================================


      Code (inc. data)   RO Data    RW Data    ZI Data      Debug   

     17348       1696        644        640       4416     445684   Grand Totals
     17348       1696        644        228       4416     445684   ELF Image Totals (compressed)
     17348       1696        644        228          0          0   ROM Totals

==============================================================================

    Total RO  Size (Code + RO Data)                17992 (  17.57kB)
    Total RW  Size (RW Data + ZI Data)              5056 (   4.94kB)
    Total ROM Size (Code + RO Data + RW Data)      18220 (  17.79kB)

==============================================================================

