Archive member included to satisfy reference by file (symbol)

/usr/lib/gcc/arm-none-eabi/6.3.1/../../../arm-none-eabi/lib/libc_nano.a(lib_a-atexit.o)
                              /usr/lib/gcc/arm-none-eabi/6.3.1/../../../arm-none-eabi/lib/crt0.o (atexit)
/usr/lib/gcc/arm-none-eabi/6.3.1/../../../arm-none-eabi/lib/libc_nano.a(lib_a-exit.o)
                              /usr/lib/gcc/arm-none-eabi/6.3.1/../../../arm-none-eabi/lib/crt0.o (exit)
/usr/lib/gcc/arm-none-eabi/6.3.1/../../../arm-none-eabi/lib/libc_nano.a(lib_a-fini.o)
                              /usr/lib/gcc/arm-none-eabi/6.3.1/../../../arm-none-eabi/lib/crt0.o (__libc_fini_array)
/usr/lib/gcc/arm-none-eabi/6.3.1/../../../arm-none-eabi/lib/libc_nano.a(lib_a-impure.o)
                              /usr/lib/gcc/arm-none-eabi/6.3.1/../../../arm-none-eabi/lib/libc_nano.a(lib_a-exit.o) (_global_impure_ptr)
/usr/lib/gcc/arm-none-eabi/6.3.1/../../../arm-none-eabi/lib/libc_nano.a(lib_a-init.o)
                              /usr/lib/gcc/arm-none-eabi/6.3.1/../../../arm-none-eabi/lib/crt0.o (__libc_init_array)
/usr/lib/gcc/arm-none-eabi/6.3.1/../../../arm-none-eabi/lib/libc_nano.a(lib_a-memcpy-stub.o)
                              build/queue.o (memcpy)
/usr/lib/gcc/arm-none-eabi/6.3.1/../../../arm-none-eabi/lib/libc_nano.a(lib_a-memset.o)
                              /usr/lib/gcc/arm-none-eabi/6.3.1/../../../arm-none-eabi/lib/crt0.o (memset)
/usr/lib/gcc/arm-none-eabi/6.3.1/../../../arm-none-eabi/lib/libc_nano.a(lib_a-__atexit.o)
                              /usr/lib/gcc/arm-none-eabi/6.3.1/../../../arm-none-eabi/lib/libc_nano.a(lib_a-atexit.o) (__register_exitproc)
/usr/lib/gcc/arm-none-eabi/6.3.1/../../../arm-none-eabi/lib/libc_nano.a(lib_a-__call_atexit.o)
                              /usr/lib/gcc/arm-none-eabi/6.3.1/../../../arm-none-eabi/lib/libc_nano.a(lib_a-__atexit.o) (__call_exitprocs)
/usr/lib/gcc/arm-none-eabi/6.3.1/../../../arm-none-eabi/lib/libnosys.a(_exit.o)
                              /usr/lib/gcc/arm-none-eabi/6.3.1/../../../arm-none-eabi/lib/libc_nano.a(lib_a-exit.o) (_exit)

Allocating common symbols
Common symbol       size              file

defaultTaskHandle   0x4               build/freertos.o
uwTick              0x4               build/stm32f1xx_hal.o
xQueueRegistry      0x40              build/queue.o
pFlash              0x20              build/stm32f1xx_hal_flash.o
huart1              0x40              build/usart.o
htim1               0x40              build/stm32f1xx_hal_timebase_TIM.o
hsd                 0x84              build/sdio.o
hspi1               0x58              build/spi.o

Discarded input sections

 .text          0x0000000000000000        0x0 /usr/lib/gcc/arm-none-eabi/6.3.1/thumb/v7-m/crti.o
 .data          0x0000000000000000        0x0 /usr/lib/gcc/arm-none-eabi/6.3.1/thumb/v7-m/crti.o
 .bss           0x0000000000000000        0x0 /usr/lib/gcc/arm-none-eabi/6.3.1/thumb/v7-m/crti.o
 .data          0x0000000000000000        0x4 /usr/lib/gcc/arm-none-eabi/6.3.1/thumb/v7-m/crtbegin.o
 .text          0x0000000000000000      0x104 /usr/lib/gcc/arm-none-eabi/6.3.1/../../../arm-none-eabi/lib/crt0.o
 .data          0x0000000000000000        0x0 /usr/lib/gcc/arm-none-eabi/6.3.1/../../../arm-none-eabi/lib/crt0.o
 .bss           0x0000000000000000        0x0 /usr/lib/gcc/arm-none-eabi/6.3.1/../../../arm-none-eabi/lib/crt0.o
 .ARM.extab     0x0000000000000000        0x0 /usr/lib/gcc/arm-none-eabi/6.3.1/../../../arm-none-eabi/lib/crt0.o
 .ARM.exidx     0x0000000000000000        0x8 /usr/lib/gcc/arm-none-eabi/6.3.1/../../../arm-none-eabi/lib/crt0.o
 .debug_line    0x0000000000000000       0x92 /usr/lib/gcc/arm-none-eabi/6.3.1/../../../arm-none-eabi/lib/crt0.o
 .debug_info    0x0000000000000000       0x92 /usr/lib/gcc/arm-none-eabi/6.3.1/../../../arm-none-eabi/lib/crt0.o
 .debug_abbrev  0x0000000000000000       0x14 /usr/lib/gcc/arm-none-eabi/6.3.1/../../../arm-none-eabi/lib/crt0.o
 .debug_aranges
                0x0000000000000000       0x20 /usr/lib/gcc/arm-none-eabi/6.3.1/../../../arm-none-eabi/lib/crt0.o
 .ARM.attributes
                0x0000000000000000       0x14 /usr/lib/gcc/arm-none-eabi/6.3.1/../../../arm-none-eabi/lib/crt0.o
 .text          0x0000000000000000        0x0 build/main.o
 .data          0x0000000000000000        0x0 build/main.o
 .bss           0x0000000000000000        0x0 build/main.o
 .text          0x0000000000000000        0x0 build/gpio.o
 .data          0x0000000000000000        0x0 build/gpio.o
 .bss           0x0000000000000000        0x0 build/gpio.o
 .text          0x0000000000000000        0x0 build/freertos.o
 .data          0x0000000000000000        0x0 build/freertos.o
 .bss           0x0000000000000000        0x0 build/freertos.o
 .text          0x0000000000000000        0x0 build/sdio.o
 .data          0x0000000000000000        0x0 build/sdio.o
 .bss           0x0000000000000000        0x0 build/sdio.o
 .text.HAL_SD_MspDeInit
[...]
Memory Configuration

Name             Origin             Length             Attributes
RAM              0x0000000020000000 0x0000000000010000 xrw
FLASH            0x0000000008004000 0x000000000007c000 xr
*default*        0x0000000000000000 0xffffffffffffffff

Linker script and memory map

LOAD /usr/lib/gcc/arm-none-eabi/6.3.1/thumb/v7-m/crti.o
LOAD /usr/lib/gcc/arm-none-eabi/6.3.1/thumb/v7-m/crtbegin.o
LOAD /usr/lib/gcc/arm-none-eabi/6.3.1/../../../arm-none-eabi/lib/crt0.o
LOAD build/main.o
LOAD build/gpio.o
LOAD build/freertos.o
LOAD build/sdio.o
LOAD build/spi.o
LOAD build/usart.o
LOAD build/stm32f1xx_it.o
LOAD build/stm32f1xx_hal_msp.o
LOAD build/stm32f1xx_hal_timebase_TIM.o
LOAD build/stm32f1xx_hal_gpio_ex.o
LOAD build/stm32f1xx_ll_sdmmc.o
LOAD build/stm32f1xx_hal_sd.o
LOAD build/stm32f1xx_hal_spi.o
LOAD build/stm32f1xx_hal_spi_ex.o
LOAD build/stm32f1xx_hal_tim.o
LOAD build/stm32f1xx_hal_tim_ex.o
LOAD build/stm32f1xx_hal_uart.o
LOAD build/stm32f1xx_hal.o
LOAD build/stm32f1xx_hal_rcc.o
LOAD build/stm32f1xx_hal_rcc_ex.o
LOAD build/stm32f1xx_hal_gpio.o
LOAD build/stm32f1xx_hal_dma.o
LOAD build/stm32f1xx_hal_cortex.o
LOAD build/stm32f1xx_hal_pwr.o
LOAD build/stm32f1xx_hal_flash.o
LOAD build/stm32f1xx_hal_flash_ex.o
LOAD build/system_stm32f1xx.o
LOAD build/heap_4.o
LOAD build/port.o
LOAD build/croutine.o
LOAD build/event_groups.o
LOAD build/list.o
LOAD build/queue.o
LOAD build/tasks.o
LOAD build/timers.o
LOAD build/cmsis_os.o
LOAD build/startup_stm32f103xe.o
LOAD /usr/lib/gcc/arm-none-eabi/6.3.1/../../../arm-none-eabi/lib/libc_nano.a
LOAD /usr/lib/gcc/arm-none-eabi/6.3.1/../../../arm-none-eabi/lib/libm.a
LOAD /usr/lib/gcc/arm-none-eabi/6.3.1/../../../arm-none-eabi/lib/libnosys.a
START GROUP
LOAD /usr/lib/gcc/arm-none-eabi/6.3.1/thumb/v7-m/libgcc.a
LOAD /usr/lib/gcc/arm-none-eabi/6.3.1/../../../arm-none-eabi/lib/libc_nano.a
END GROUP
START GROUP
LOAD /usr/lib/gcc/arm-none-eabi/6.3.1/thumb/v7-m/libgcc.a
LOAD /usr/lib/gcc/arm-none-eabi/6.3.1/../../../arm-none-eabi/lib/libc_nano.a
END GROUP
LOAD /usr/lib/gcc/arm-none-eabi/6.3.1/thumb/v7-m/crtend.o
LOAD /usr/lib/gcc/arm-none-eabi/6.3.1/thumb/v7-m/crtn.o
                0x0000000020010000                _estack = 0x20010000
                0x0000000000000200                _Min_Heap_Size = 0x200
                0x0000000000000400                _Min_Stack_Size = 0x400

.isr_vector     0x0000000008004000      0x1e4
                0x0000000008004000                . = ALIGN (0x4)
 *(.isr_vector)
 .isr_vector    0x0000000008004000      0x1e4 build/startup_stm32f103xe.o
                0x0000000008004000                g_pfnVectors
                0x00000000080041e4                . = ALIGN (0x4)

.text           0x00000000080041f0     0x2f30
                0x00000000080041f0                . = ALIGN (0x4)
 *(.text)
 .text          0x00000000080041f0       0xa4 /usr/lib/gcc/arm-none-eabi/6.3.1/thumb/v7-m/crtbegin.o
 .text          0x0000000008004294       0x80 /usr/lib/gcc/arm-none-eabi/6.3.1/../../../arm-none-eabi/lib/libc_nano.a(lib_a-init.o)
                0x0000000008004294                __libc_init_array
 *(.text*)
 .text.HAL_TIM_PeriodElapsedCallback
                0x0000000008004314       0x18 build/main.o
                0x0000000008004314                HAL_TIM_PeriodElapsedCallback
 .text._Error_Handler
                0x000000000800432c        0x2 build/main.o
                0x000000000800432c                _Error_Handler
 *fill*         0x000000000800432e        0x2 
 .text.SystemClock_Config
                0x0000000008004330       0x84 build/main.o
                0x0000000008004330                SystemClock_Config
 .text.main     0x00000000080043b4       0x24 build/main.o
                0x00000000080043b4                main
 .text.MX_GPIO_Init
                0x00000000080043d8      0x104 build/gpio.o
                0x00000000080043d8                MX_GPIO_Init
 .text.MX_GPIO_Toggle
                0x00000000080044dc       0x10 build/gpio.o
                0x00000000080044dc                MX_GPIO_Toggle
 .text.StartDefaultTask
                0x00000000080044ec       0x10 build/freertos.o
                0x00000000080044ec                StartDefaultTask
 .text.MX_FREERTOS_Init
                0x00000000080044fc       0x28 build/freertos.o
                0x00000000080044fc                MX_FREERTOS_Init
 .text.MX_SDIO_SD_Init
                0x0000000008004524       0x4c build/sdio.o
                0x0000000008004524                MX_SDIO_SD_Init
 .text.HAL_SD_MspInit
                0x0000000008004570       0x5c build/sdio.o
                0x0000000008004570                HAL_SD_MspInit
 .text.MX_SPI1_Init
                0x00000000080045cc       0x4c build/spi.o
                0x00000000080045cc                MX_SPI1_Init
 .text.HAL_SPI_MspInit
                0x0000000008004618       0x58 build/spi.o
                0x0000000008004618                HAL_SPI_MspInit
 .text.MX_USART1_UART_Init
                0x0000000008004670       0x3c build/usart.o
                0x0000000008004670                MX_USART1_UART_Init
 .text.HAL_UART_MspInit
                0x00000000080046ac       0x5c build/usart.o
                0x00000000080046ac                HAL_UART_MspInit
 .text.NMI_Handler
                0x0000000008004708        0x2 build/stm32f1xx_it.o
                0x0000000008004708                NMI_Handler
 .text.HardFault_Handler
                0x000000000800470a        0x2 build/stm32f1xx_it.o
                0x000000000800470a                HardFault_Handler
 .text.MemManage_Handler
                0x000000000800470c        0x2 build/stm32f1xx_it.o
                0x000000000800470c                MemManage_Handler
 .text.BusFault_Handler
                0x000000000800470e        0x2 build/stm32f1xx_it.o
                0x000000000800470e                BusFault_Handler
 .text.UsageFault_Handler
                0x0000000008004710        0x2 build/stm32f1xx_it.o
                0x0000000008004710                UsageFault_Handler
 .text.DebugMon_Handler
                0x0000000008004712        0x2 build/stm32f1xx_it.o
                0x0000000008004712                DebugMon_Handler
 .text.SysTick_Handler
                0x0000000008004714        0x8 build/stm32f1xx_it.o
                0x0000000008004714                SysTick_Handler
 .text.TIM1_UP_IRQHandler
                0x000000000800471c       0x10 build/stm32f1xx_it.o
                0x000000000800471c                TIM1_UP_IRQHandler
 .text.HAL_MspInit
                0x000000000800472c       0xa0 build/stm32f1xx_hal_msp.o
                0x000000000800472c                HAL_MspInit
 .text.HAL_InitTick
                0x00000000080047cc       0x78 build/stm32f1xx_hal_timebase_TIM.o
                0x00000000080047cc                HAL_InitTick
 .text.SDMMC_GetCmdError
                0x0000000008004844       0x3c build/stm32f1xx_ll_sdmmc.o
 .text.SDMMC_GetCmdResp2
                0x0000000008004880       0x5c build/stm32f1xx_ll_sdmmc.o
 .text.SDMMC_GetCmdResp3
                0x00000000080048dc       0x4c build/stm32f1xx_ll_sdmmc.o
 .text.SDMMC_GetCmdResp7
                0x0000000008004928       0x54 build/stm32f1xx_ll_sdmmc.o
 .text.SDIO_Init
                0x000000000800497c       0x36 build/stm32f1xx_ll_sdmmc.o
                0x000000000800497c                SDIO_Init
 .text.SDIO_ReadFIFO
                0x00000000080049b2        0x6 build/stm32f1xx_ll_sdmmc.o
                0x00000000080049b2                SDIO_ReadFIFO
 .text.SDIO_PowerState_ON
                0x00000000080049b8        0x8 build/stm32f1xx_ll_sdmmc.o
                0x00000000080049b8                SDIO_PowerState_ON
 .text.SDIO_GetPowerState
                0x00000000080049c0        0x8 build/stm32f1xx_ll_sdmmc.o
                0x00000000080049c0                SDIO_GetPowerState
 .text.SDIO_SendCommand
                0x00000000080049c8       0x24 build/stm32f1xx_ll_sdmmc.o
                0x00000000080049c8                SDIO_SendCommand
 .text.SDIO_GetCommandResponse
                0x00000000080049ec        0x6 build/stm32f1xx_ll_sdmmc.o
                0x00000000080049ec                SDIO_GetCommandResponse
 .text.SDIO_GetResponse
                0x00000000080049f2       0x14 build/stm32f1xx_ll_sdmmc.o
                0x00000000080049f2                SDIO_GetResponse
 *fill*         0x0000000008004a06        0x2 
 .text.SDMMC_GetCmdResp1
                0x0000000008004a08      0x158 build/stm32f1xx_ll_sdmmc.o
 .text.SDMMC_GetCmdResp6
                0x0000000008004b60       0xa0 build/stm32f1xx_ll_sdmmc.o
 .text.SDIO_ConfigData
                0x0000000008004c00       0x24 build/stm32f1xx_ll_sdmmc.o
                0x0000000008004c00                SDIO_ConfigData
 .text.SDMMC_CmdBlockLength
                0x0000000008004c24       0x30 build/stm32f1xx_ll_sdmmc.o
                0x0000000008004c24                SDMMC_CmdBlockLength
 .text.SDMMC_CmdSelDesel
                0x0000000008004c54       0x30 build/stm32f1xx_ll_sdmmc.o
                0x0000000008004c54                SDMMC_CmdSelDesel
 .text.SDMMC_CmdGoIdleState
                0x0000000008004c84       0x26 build/stm32f1xx_ll_sdmmc.o
                0x0000000008004c84                SDMMC_CmdGoIdleState
 .text.SDMMC_CmdOperCond
                0x0000000008004caa       0x2e build/stm32f1xx_ll_sdmmc.o
                0x0000000008004caa                SDMMC_CmdOperCond
 .text.SDMMC_CmdAppCommand
                0x0000000008004cd8       0x30 build/stm32f1xx_ll_sdmmc.o
                0x0000000008004cd8                SDMMC_CmdAppCommand
 .text.SDMMC_CmdAppOperCommand
                0x0000000008004d08       0x32 build/stm32f1xx_ll_sdmmc.o
                0x0000000008004d08                SDMMC_CmdAppOperCommand
 .text.SDMMC_CmdBusWidth
                0x0000000008004d3a       0x30 build/stm32f1xx_ll_sdmmc.o
                0x0000000008004d3a                SDMMC_CmdBusWidth
 .text.SDMMC_CmdSendSCR
                0x0000000008004d6a       0x30 build/stm32f1xx_ll_sdmmc.o
                0x0000000008004d6a                SDMMC_CmdSendSCR
 .text.SDMMC_CmdSendCID
                0x0000000008004d9a       0x2a build/stm32f1xx_ll_sdmmc.o
                0x0000000008004d9a                SDMMC_CmdSendCID
 .text.SDMMC_CmdSendCSD
                0x0000000008004dc4       0x2a build/stm32f1xx_ll_sdmmc.o
                0x0000000008004dc4                SDMMC_CmdSendCSD
 .text.SDMMC_CmdSetRelAdd
                0x0000000008004dee       0x30 build/stm32f1xx_ll_sdmmc.o
                0x0000000008004dee                SDMMC_CmdSetRelAdd
 .text.SD_PowerON
                0x0000000008004e1e       0xdc build/stm32f1xx_hal_sd.o
 .text.SD_FindSCR
                0x0000000008004efa      0x106 build/stm32f1xx_hal_sd.o
 .text.SD_WideBus_Enable
                0x0000000008005000       0x5a build/stm32f1xx_hal_sd.o
 .text.SD_WideBus_Disable
                0x000000000800505a       0x5a build/stm32f1xx_hal_sd.o
 .text.HAL_SD_GetCardCSD
                0x00000000080050b4      0x1e4 build/stm32f1xx_hal_sd.o
                0x00000000080050b4                HAL_SD_GetCardCSD
 .text.SD_InitCard
                0x0000000008005298       0xf4 build/stm32f1xx_hal_sd.o
 .text.HAL_SD_InitCard
                0x000000000800538c       0x78 build/stm32f1xx_hal_sd.o
                0x000000000800538c                HAL_SD_InitCard
 .text.HAL_SD_Init
                0x0000000008005404       0x32 build/stm32f1xx_hal_sd.o
                0x0000000008005404                HAL_SD_Init
 .text.HAL_SD_ConfigWideBusOperation
                0x0000000008005436       0xa0 build/stm32f1xx_hal_sd.o
                0x0000000008005436                HAL_SD_ConfigWideBusOperation
 .text.HAL_SPI_Init
                0x00000000080054d6       0x82 build/stm32f1xx_hal_spi_ex.o
                0x00000000080054d6                HAL_SPI_Init
 .text.HAL_TIM_Base_MspInit
                0x0000000008005558        0x2 build/stm32f1xx_hal_tim.o
                0x0000000008005558                HAL_TIM_Base_MspInit
 .text.HAL_TIM_Base_Start_IT
                0x000000000800555a       0x18 build/stm32f1xx_hal_tim.o
                0x000000000800555a                HAL_TIM_Base_Start_IT
 .text.HAL_TIM_OC_DelayElapsedCallback
                0x0000000008005572        0x2 build/stm32f1xx_hal_tim.o
                0x0000000008005572                HAL_TIM_OC_DelayElapsedCallback
 .text.HAL_TIM_IC_CaptureCallback
                0x0000000008005574        0x2 build/stm32f1xx_hal_tim.o
                0x0000000008005574                HAL_TIM_IC_CaptureCallback
 .text.HAL_TIM_PWM_PulseFinishedCallback
                0x0000000008005576        0x2 build/stm32f1xx_hal_tim.o
                0x0000000008005576                HAL_TIM_PWM_PulseFinishedCallback
 .text.HAL_TIM_TriggerCallback
                0x0000000008005578        0x2 build/stm32f1xx_hal_tim.o
                0x0000000008005578                HAL_TIM_TriggerCallback
 .text.HAL_TIM_IRQHandler
                0x000000000800557a      0x17a build/stm32f1xx_hal_tim.o
                0x000000000800557a                HAL_TIM_IRQHandler
 .text.TIM_Base_SetConfig
                0x00000000080056f4       0x9c build/stm32f1xx_hal_tim.o
                0x00000000080056f4                TIM_Base_SetConfig
 .text.HAL_TIM_Base_Init
                0x0000000008005790       0x32 build/stm32f1xx_hal_tim.o
                0x0000000008005790                HAL_TIM_Base_Init
 .text.HAL_TIMEx_CommutationCallback
                0x00000000080057c2        0x2 build/stm32f1xx_hal_tim_ex.o
                0x00000000080057c2                HAL_TIMEx_CommutationCallback
 .text.HAL_TIMEx_BreakCallback
                0x00000000080057c4        0x2 build/stm32f1xx_hal_tim_ex.o
                0x00000000080057c4                HAL_TIMEx_BreakCallback
 *fill*         0x00000000080057c6        0x2 
 .text.UART_SetConfig
                0x00000000080057c8      0x1b0 build/stm32f1xx_hal_uart.o
 .text.HAL_UART_Init
                0x0000000008005978       0x5e build/stm32f1xx_hal_uart.o
                0x0000000008005978                HAL_UART_Init
 *fill*         0x00000000080059d6        0x2 
 .text.HAL_Init
                0x00000000080059d8       0x24 build/stm32f1xx_hal.o
                0x00000000080059d8                HAL_Init
 .text.HAL_IncTick
                0x00000000080059fc       0x18 build/stm32f1xx_hal.o
                0x00000000080059fc                HAL_IncTick
 .text.HAL_GetTick
                0x0000000008005a14        0xc build/stm32f1xx_hal.o
                0x0000000008005a14                HAL_GetTick
 .text.HAL_Delay
                0x0000000008005a20       0x28 build/stm32f1xx_hal.o
                0x0000000008005a20                HAL_Delay
 .text.RCC_Delay
                0x0000000008005a48       0x2c build/stm32f1xx_hal_rcc.o
 .text.HAL_RCC_OscConfig
                0x0000000008005a74      0x3e0 build/stm32f1xx_hal_rcc.o
                0x0000000008005a74                HAL_RCC_OscConfig
 .text.HAL_RCC_GetSysClockFreq
                0x0000000008005e54       0x6c build/stm32f1xx_hal_rcc.o
                0x0000000008005e54                HAL_RCC_GetSysClockFreq
 .text.HAL_RCC_ClockConfig
                0x0000000008005ec0      0x178 build/stm32f1xx_hal_rcc.o
                0x0000000008005ec0                HAL_RCC_ClockConfig
 .text.HAL_RCC_GetHCLKFreq
                0x0000000008006038        0xc build/stm32f1xx_hal_rcc.o
                0x0000000008006038                HAL_RCC_GetHCLKFreq
 .text.HAL_RCC_GetPCLK1Freq
                0x0000000008006044       0x20 build/stm32f1xx_hal_rcc.o
                0x0000000008006044                HAL_RCC_GetPCLK1Freq
 .text.HAL_RCC_GetPCLK2Freq
                0x0000000008006064       0x20 build/stm32f1xx_hal_rcc.o
                0x0000000008006064                HAL_RCC_GetPCLK2Freq
 .text.HAL_RCC_GetClockConfig
                0x0000000008006084       0x3c build/stm32f1xx_hal_rcc.o
                0x0000000008006084                HAL_RCC_GetClockConfig
 .text.HAL_GPIO_Init
                0x00000000080060c0      0x1fc build/stm32f1xx_hal_gpio.o
                0x00000000080060c0                HAL_GPIO_Init
 .text.HAL_GPIO_WritePin
                0x00000000080062bc        0xc build/stm32f1xx_hal_gpio.o
                0x00000000080062bc                HAL_GPIO_WritePin
 .text.HAL_GPIO_TogglePin
                0x00000000080062c8        0x8 build/stm32f1xx_hal_gpio.o
                0x00000000080062c8                HAL_GPIO_TogglePin
 .text.HAL_NVIC_SetPriorityGrouping
                0x00000000080062d0       0x24 build/stm32f1xx_hal_cortex.o
                0x00000000080062d0                HAL_NVIC_SetPriorityGrouping
 .text.HAL_NVIC_SetPriority
                0x00000000080062f4       0x64 build/stm32f1xx_hal_cortex.o
                0x00000000080062f4                HAL_NVIC_SetPriority
 .text.HAL_NVIC_EnableIRQ
                0x0000000008006358       0x18 build/stm32f1xx_hal_cortex.o
                0x0000000008006358                HAL_NVIC_EnableIRQ
 .text.HAL_SYSTICK_Config
                0x0000000008006370       0x2c build/stm32f1xx_hal_cortex.o
                0x0000000008006370                HAL_SYSTICK_Config
 .text.HAL_SYSTICK_CLKSourceConfig
                0x000000000800639c       0x20 build/stm32f1xx_hal_cortex.o
                0x000000000800639c                HAL_SYSTICK_CLKSourceConfig
 .text.SystemInit
                0x00000000080063bc       0x4c build/system_stm32f1xx.o
                0x00000000080063bc                SystemInit
 .text.prvHeapInit
                0x0000000008006408       0x64 build/heap_4.o
 .text.prvInsertBlockIntoFreeList
                0x000000000800646c       0x54 build/heap_4.o
 .text.pvPortMalloc
                0x00000000080064c0      0x108 build/heap_4.o
                0x00000000080064c0                pvPortMalloc
 .text.vPortFree
                0x00000000080065c8       0x70 build/heap_4.o
                0x00000000080065c8                vPortFree
 .text.prvTaskExitError
                0x0000000008006638       0x40 build/port.o
 .text.prvPortStartFirstTask
                0x0000000008006678       0x20 build/port.o
 .text.pxPortInitialiseStack
                0x0000000008006698       0x24 build/port.o
                0x0000000008006698                pxPortInitialiseStack
 *fill*         0x00000000080066bc        0x4 
 .text.SVC_Handler
                0x00000000080066c0       0x24 build/port.o
                0x00000000080066c0                SVC_Handler
 .text.vPortEnterCritical
                0x00000000080066e4       0x44 build/port.o
                0x00000000080066e4                vPortEnterCritical
 .text.vPortExitCritical
                0x0000000008006728       0x2c build/port.o
                0x0000000008006728                vPortExitCritical
 *fill*         0x0000000008006754        0xc 
 .text.PendSV_Handler
                0x0000000008006760       0x44 build/port.o
                0x0000000008006760                PendSV_Handler
 .text.xPortSysTickHandler
                0x00000000080067a4       0x2c build/port.o
                0x00000000080067a4                xPortSysTickHandler
 .text.vPortSetupTimerInterrupt
                0x00000000080067d0       0x38 build/port.o
                0x00000000080067d0                vPortSetupTimerInterrupt
 .text.xPortStartScheduler
                0x0000000008006808       0xb8 build/port.o
                0x0000000008006808                xPortStartScheduler
 .text.vListInitialise
                0x00000000080068c0       0x16 build/list.o
                0x00000000080068c0                vListInitialise
 .text.vListInitialiseItem
                0x00000000080068d6        0x6 build/list.o
                0x00000000080068d6                vListInitialiseItem
 .text.vListInsertEnd
                0x00000000080068dc       0x18 build/list.o
                0x00000000080068dc                vListInsertEnd
 .text.vListInsert
                0x00000000080068f4       0x34 build/list.o
                0x00000000080068f4                vListInsert
 .text.uxListRemove
                0x0000000008006928       0x28 build/list.o
                0x0000000008006928                uxListRemove
 .text.prvResetNextTaskUnblockTime
                0x0000000008006950       0x2c build/tasks.o
 .text.prvDeleteTCB
                0x000000000800697c       0x12 build/tasks.o
 .text.prvInitialiseNewTask
                0x000000000800698e       0x9a build/tasks.o
 .text.prvInitialiseTaskLists
                0x0000000008006a28       0x68 build/tasks.o
 .text.prvAddNewTaskToReadyList
                0x0000000008006a90       0xa8 build/tasks.o
 .text.prvCheckTasksWaitingTermination
                0x0000000008006b38       0x4c build/tasks.o
 .text.prvIdleTask
                0x0000000008006b84       0x28 build/tasks.o
 .text.prvAddCurrentTaskToDelayedList
                0x0000000008006bac       0x98 build/tasks.o
 .text.xTaskCreate
                0x0000000008006c44       0x62 build/tasks.o
                0x0000000008006c44                xTaskCreate
 *fill*         0x0000000008006ca6        0x2 
 .text.vTaskStartScheduler
                0x0000000008006ca8       0x7c build/tasks.o
                0x0000000008006ca8                vTaskStartScheduler
 .text.vTaskSuspendAll
                0x0000000008006d24       0x10 build/tasks.o
                0x0000000008006d24                vTaskSuspendAll
 .text.xTaskIncrementTick
                0x0000000008006d34      0x118 build/tasks.o
                0x0000000008006d34                xTaskIncrementTick
 .text.xTaskResumeAll
                0x0000000008006e4c       0xfc build/tasks.o
                0x0000000008006e4c                xTaskResumeAll
 .text.vTaskDelay
                0x0000000008006f48       0x50 build/tasks.o
                0x0000000008006f48                vTaskDelay
 .text.vTaskSwitchContext
                0x0000000008006f98       0x98 build/tasks.o
                0x0000000008006f98                vTaskSwitchContext
 .text.xTaskGetSchedulerState
                0x0000000008007030       0x20 build/tasks.o
                0x0000000008007030                xTaskGetSchedulerState
 .text.makeFreeRtosPriority
                0x0000000008007050        0xc build/cmsis_os.o
 .text.osKernelStart
                0x000000000800705c        0xa build/cmsis_os.o
                0x000000000800705c                osKernelStart
 .text.osThreadCreate
                0x0000000008007066       0x34 build/cmsis_os.o
                0x0000000008007066                osThreadCreate
 .text.osDelay  0x000000000800709a       0x12 build/cmsis_os.o
                0x000000000800709a                osDelay
 .text.osSystickHandler
                0x00000000080070ac       0x10 build/cmsis_os.o
                0x00000000080070ac                osSystickHandler
 .text.Reset_Handler
                0x00000000080070bc       0x48 build/startup_stm32f103xe.o
                0x00000000080070bc                Reset_Handler
 .text.Default_Handler
                0x0000000008007104        0x2 build/startup_stm32f103xe.o
                0x0000000008007104                RTC_Alarm_IRQHandler
                0x0000000008007104                EXTI2_IRQHandler
                0x0000000008007104                TIM8_TRG_COM_IRQHandler
                0x0000000008007104                TIM8_CC_IRQHandler
                0x0000000008007104                TIM1_CC_IRQHandler
                0x0000000008007104                TIM6_IRQHandler
                0x0000000008007104                PVD_IRQHandler
                0x0000000008007104                SDIO_IRQHandler
                0x0000000008007104                EXTI3_IRQHandler
                0x0000000008007104                EXTI0_IRQHandler
                0x0000000008007104                I2C2_EV_IRQHandler
                0x0000000008007104                ADC1_2_IRQHandler
                0x0000000008007104                SPI1_IRQHandler
                0x0000000008007104                TAMPER_IRQHandler
                0x0000000008007104                TIM8_UP_IRQHandler
                0x0000000008007104                DMA2_Channel2_IRQHandler
                0x0000000008007104                DMA1_Channel4_IRQHandler
                0x0000000008007104                USART3_IRQHandler
                0x0000000008007104                RTC_IRQHandler
                0x0000000008007104                DMA1_Channel7_IRQHandler
                0x0000000008007104                CAN1_RX1_IRQHandler
                0x0000000008007104                UART5_IRQHandler
                0x0000000008007104                ADC3_IRQHandler
                0x0000000008007104                TIM4_IRQHandler
                0x0000000008007104                DMA2_Channel1_IRQHandler
                0x0000000008007104                I2C1_EV_IRQHandler
                0x0000000008007104                DMA1_Channel6_IRQHandler
                0x0000000008007104                UART4_IRQHandler
                0x0000000008007104                TIM3_IRQHandler
                0x0000000008007104                RCC_IRQHandler
                0x0000000008007104                TIM1_TRG_COM_IRQHandler
                0x0000000008007104                DMA1_Channel1_IRQHandler
                0x0000000008007104                Default_Handler
                0x0000000008007104                EXTI15_10_IRQHandler
                0x0000000008007104                TIM7_IRQHandler
                0x0000000008007104                TIM5_IRQHandler
                0x0000000008007104                EXTI9_5_IRQHandler
                0x0000000008007104                SPI2_IRQHandler
                0x0000000008007104                DMA1_Channel5_IRQHandler
                0x0000000008007104                EXTI4_IRQHandler
                0x0000000008007104                USB_LP_CAN1_RX0_IRQHandler
                0x0000000008007104                USB_HP_CAN1_TX_IRQHandler
                0x0000000008007104                DMA1_Channel3_IRQHandler
                0x0000000008007104                FSMC_IRQHandler
                0x0000000008007104                WWDG_IRQHandler
                0x0000000008007104                TIM2_IRQHandler
                0x0000000008007104                TIM1_BRK_IRQHandler
                0x0000000008007104                EXTI1_IRQHandler
                0x0000000008007104                DMA2_Channel4_5_IRQHandler
                0x0000000008007104                USART2_IRQHandler
                0x0000000008007104                I2C2_ER_IRQHandler
                0x0000000008007104                DMA1_Channel2_IRQHandler
                0x0000000008007104                TIM8_BRK_IRQHandler
                0x0000000008007104                CAN1_SCE_IRQHandler
                0x0000000008007104                FLASH_IRQHandler
                0x0000000008007104                USART1_IRQHandler
                0x0000000008007104                SPI3_IRQHandler
                0x0000000008007104                I2C1_ER_IRQHandler
                0x0000000008007104                USBWakeUp_IRQHandler
                0x0000000008007104                DMA2_Channel3_IRQHandler
 *(.glue_7)
 .glue_7        0x0000000008007106        0x0 linker stubs
 *(.glue_7t)
 .glue_7t       0x0000000008007106        0x0 linker stubs
 *(.eh_frame)
 *fill*         0x0000000008007106        0x2 
 .eh_frame      0x0000000008007108        0x0 /usr/lib/gcc/arm-none-eabi/6.3.1/thumb/v7-m/crtbegin.o
 *(.init)
 .init          0x0000000008007108        0x4 /usr/lib/gcc/arm-none-eabi/6.3.1/thumb/v7-m/crti.o
                0x0000000008007108                _init
 .init          0x000000000800710c        0x8 /usr/lib/gcc/arm-none-eabi/6.3.1/thumb/v7-m/crtn.o
 *(.fini)
 .fini          0x0000000008007114        0x4 /usr/lib/gcc/arm-none-eabi/6.3.1/thumb/v7-m/crti.o
                0x0000000008007114                _fini
 .fini          0x0000000008007118        0x8 /usr/lib/gcc/arm-none-eabi/6.3.1/thumb/v7-m/crtn.o
                0x0000000008007120                . = ALIGN (0x4)
                0x0000000008007120                _etext = .

.vfp11_veneer   0x0000000008007120        0x0
 .vfp11_veneer  0x0000000008007120        0x0 linker stubs

.v4_bx          0x0000000008007120        0x0
 .v4_bx         0x0000000008007120        0x0 linker stubs

.iplt           0x0000000008007120        0x0
 .iplt          0x0000000008007120        0x0 /usr/lib/gcc/arm-none-eabi/6.3.1/thumb/v7-m/crtbegin.o

.rodata         0x0000000008007120       0x98
                0x0000000008007120                . = ALIGN (0x4)
 *(.rodata)
 .rodata        0x0000000008007120       0x14 build/freertos.o
 .rodata        0x0000000008007134       0x12 build/stm32f1xx_hal_rcc.o
 *(.rodata*)
 *fill*         0x0000000008007146        0x2 
 .rodata.SystemClock_Config.str1.4
                0x0000000008007148       0x10 build/main.o
 .rodata.str1.4
                0x0000000008007158        0xc build/freertos.o
 .rodata.MX_SDIO_SD_Init.str1.4
                0x0000000008007164       0x10 build/sdio.o
 .rodata.MX_SPI1_Init.str1.4
                0x0000000008007174        0xf build/spi.o
 *fill*         0x0000000008007183        0x1 
 .rodata.MX_USART1_UART_Init.str1.4
                0x0000000008007184       0x11 build/usart.o
 *fill*         0x0000000008007195        0x3 
 .rodata.AHBPrescTable
                0x0000000008007198       0x10 build/system_stm32f1xx.o
                0x0000000008007198                AHBPrescTable
 .rodata.APBPrescTable
                0x00000000080071a8        0x8 build/system_stm32f1xx.o
                0x00000000080071a8                APBPrescTable
 .rodata.vTaskStartScheduler.str1.4
                0x00000000080071b0        0x8 build/tasks.o
                                          0x5 (size before relaxing)
                0x00000000080071b8                . = ALIGN (0x4)

.rel.dyn        0x00000000080071b8        0x0
 .rel.iplt      0x00000000080071b8        0x0 /usr/lib/gcc/arm-none-eabi/6.3.1/thumb/v7-m/crtbegin.o

.ARM.extab
 *(.ARM.extab* .gnu.linkonce.armextab.*)

.ARM            0x00000000080071b8        0x0
                0x00000000080071b8                __exidx_start = .
 *(.ARM.exidx*)
                0x00000000080071b8                __exidx_end = .

.preinit_array  0x00000000080071b8        0x0
                0x00000000080071b8                PROVIDE (__preinit_array_start, .)
 *(.preinit_array*)
                0x00000000080071b8                PROVIDE (__preinit_array_end, .)

.init_array     0x00000000080071b8        0x4
                0x00000000080071b8                PROVIDE (__init_array_start, .)
 *(SORT(.init_array.*))
 *(.init_array*)
 .init_array    0x00000000080071b8        0x4 /usr/lib/gcc/arm-none-eabi/6.3.1/thumb/v7-m/crtbegin.o
                0x00000000080071bc                PROVIDE (__init_array_end, .)

.fini_array     0x00000000080071bc        0x4
                0x00000000080071bc                PROVIDE (__fini_array_start, .)
 *(SORT(.fini_array.*))
 *(.fini_array*)
 .fini_array    0x00000000080071bc        0x4 /usr/lib/gcc/arm-none-eabi/6.3.1/thumb/v7-m/crtbegin.o
                0x00000000080071c0                PROVIDE (__fini_array_end, .)
                0x00000000080071c0                _sidata = LOADADDR (.data)

.data           0x0000000020000000        0xc load address 0x00000000080071c0
                0x0000000020000000                . = ALIGN (0x4)
                0x0000000020000000                _sdata = .
 *(.data)
 *(.data*)
 .data.uwTickFreq
                0x0000000020000000        0x1 build/stm32f1xx_hal.o
                0x0000000020000000                uwTickFreq
 *fill*         0x0000000020000001        0x3 
 .data.SystemCoreClock
                0x0000000020000004        0x4 build/system_stm32f1xx.o
                0x0000000020000004                SystemCoreClock
 .data.uxCriticalNesting
                0x0000000020000008        0x4 build/port.o
                0x000000002000000c                . = ALIGN (0x4)
                0x000000002000000c                _edata = .

.jcr            0x000000002000000c        0x0 load address 0x00000000080071cc
 .jcr           0x000000002000000c        0x0 /usr/lib/gcc/arm-none-eabi/6.3.1/thumb/v7-m/crtbegin.o

.tm_clone_table
                0x000000002000000c        0x0 load address 0x00000000080071cc
 .tm_clone_table
                0x000000002000000c        0x0 /usr/lib/gcc/arm-none-eabi/6.3.1/thumb/v7-m/crtbegin.o
 .tm_clone_table
                0x000000002000000c        0x0 /usr/lib/gcc/arm-none-eabi/6.3.1/thumb/v7-m/crtend.o

.igot.plt       0x000000002000000c        0x0 load address 0x00000000080071cc
 .igot.plt      0x000000002000000c        0x0 /usr/lib/gcc/arm-none-eabi/6.3.1/thumb/v7-m/crtbegin.o
                0x000000002000000c                . = ALIGN (0x4)

.bss            0x000000002000000c      0xecc load address 0x00000000080071cc
                0x000000002000000c                _sbss = .
                0x000000002000000c                __bss_start__ = _sbss
 *(.bss)
 .bss           0x000000002000000c       0x1c /usr/lib/gcc/arm-none-eabi/6.3.1/thumb/v7-m/crtbegin.o
 *(.bss*)
 .bss.pxEnd     0x0000000020000028        0x4 build/heap_4.o
 .bss.ucHeap    0x000000002000002c      0xc00 build/heap_4.o
 .bss.xBlockAllocatedBit
                0x0000000020000c2c        0x4 build/heap_4.o
 .bss.xFreeBytesRemaining
                0x0000000020000c30        0x4 build/heap_4.o
 .bss.xMinimumEverFreeBytesRemaining
                0x0000000020000c34        0x4 build/heap_4.o
 .bss.xStart    0x0000000020000c38        0x8 build/heap_4.o
 .bss.ucMaxSysCallPriority
                0x0000000020000c40        0x1 build/port.o
 *fill*         0x0000000020000c41        0x3 
 .bss.ulMaxPRIGROUPValue
                0x0000000020000c44        0x4 build/port.o
 .bss.pxCurrentTCB
                0x0000000020000c48        0x4 build/tasks.o
                0x0000000020000c48                pxCurrentTCB
 .bss.pxDelayedTaskList
                0x0000000020000c4c        0x4 build/tasks.o
 .bss.pxOverflowDelayedTaskList
                0x0000000020000c50        0x4 build/tasks.o
 .bss.pxReadyTasksLists
                0x0000000020000c54       0x8c build/tasks.o
 .bss.uxCurrentNumberOfTasks
                0x0000000020000ce0        0x4 build/tasks.o
 .bss.uxDeletedTasksWaitingCleanUp
                0x0000000020000ce4        0x4 build/tasks.o
 .bss.uxPendedTicks
                0x0000000020000ce8        0x4 build/tasks.o
 .bss.uxSchedulerSuspended
                0x0000000020000cec        0x4 build/tasks.o
 .bss.uxTaskNumber
                0x0000000020000cf0        0x4 build/tasks.o
 .bss.uxTopReadyPriority
                0x0000000020000cf4        0x4 build/tasks.o
 .bss.xDelayedTaskList1.5558
                0x0000000020000cf8       0x14 build/tasks.o
 .bss.xDelayedTaskList2.5559
                0x0000000020000d0c       0x14 build/tasks.o
 .bss.xIdleTaskHandle
                0x0000000020000d20        0x4 build/tasks.o
 .bss.xNextTaskUnblockTime
                0x0000000020000d24        0x4 build/tasks.o
 .bss.xNumOfOverflows
                0x0000000020000d28        0x4 build/tasks.o
 .bss.xPendingReadyList
                0x0000000020000d2c       0x14 build/tasks.o
 .bss.xSchedulerRunning
                0x0000000020000d40        0x4 build/tasks.o
 .bss.xSuspendedTaskList
                0x0000000020000d44       0x14 build/tasks.o
 .bss.xTasksWaitingTermination
                0x0000000020000d58       0x14 build/tasks.o
 .bss.xTickCount
                0x0000000020000d6c        0x4 build/tasks.o
 .bss.xYieldPending
                0x0000000020000d70        0x4 build/tasks.o
 *(COMMON)
 COMMON         0x0000000020000d74        0x4 build/freertos.o
                0x0000000020000d74                defaultTaskHandle
 COMMON         0x0000000020000d78       0x84 build/sdio.o
                0x0000000020000d78                hsd
 COMMON         0x0000000020000dfc       0x58 build/spi.o
                0x0000000020000dfc                hspi1
 COMMON         0x0000000020000e54       0x40 build/usart.o
                0x0000000020000e54                huart1
 COMMON         0x0000000020000e94       0x40 build/stm32f1xx_hal_timebase_TIM.o
                0x0000000020000e94                htim1
 COMMON         0x0000000020000ed4        0x4 build/stm32f1xx_hal.o
                0x0000000020000ed4                uwTick
                0x0000000020000ed8                . = ALIGN (0x4)
                0x0000000020000ed8                _ebss = .
                0x0000000020000ed8                __bss_end__ = _ebss

._user_heap_stack
                0x0000000020000ed8      0x600 load address 0x00000000080071cc
                0x0000000020000ed8                . = ALIGN (0x8)
                [!provide]                        PROVIDE (end, .)
                [!provide]                        PROVIDE (_end, .)
                0x00000000200010d8                . = (. + _Min_Heap_Size)
 *fill*         0x0000000020000ed8      0x200 
                0x00000000200014d8                . = (. + _Min_Stack_Size)
 *fill*         0x00000000200010d8      0x400 
                0x00000000200014d8                . = ALIGN (0x8)

/DISCARD/
 libc.a(*)
 libm.a(*)
 libgcc.a(*)

.ARM.attributes
                0x0000000000000000       0x2b
 *(.ARM.attributes)
 .ARM.attributes
                0x0000000000000000       0x1d /usr/lib/gcc/arm-none-eabi/6.3.1/thumb/v7-m/crti.o
 .ARM.attributes
                0x000000000000001d       0x2d /usr/lib/gcc/arm-none-eabi/6.3.1/thumb/v7-m/crtbegin.o
 .ARM.attributes
                0x000000000000004a       0x33 build/main.o
 .ARM.attributes
                0x000000000000007d       0x33 build/gpio.o
 .ARM.attributes
                0x00000000000000b0       0x33 build/freertos.o
 .ARM.attributes
                0x00000000000000e3       0x33 build/sdio.o
 .ARM.attributes
                0x0000000000000116       0x33 build/spi.o
 .ARM.attributes
                0x0000000000000149       0x33 build/usart.o
 .ARM.attributes
                0x000000000000017c       0x33 build/stm32f1xx_it.o
 .ARM.attributes
                0x00000000000001af       0x33 build/stm32f1xx_hal_msp.o
 .ARM.attributes
                0x00000000000001e2       0x33 build/stm32f1xx_hal_timebase_TIM.o
 .ARM.attributes
                0x0000000000000215       0x33 build/stm32f1xx_ll_sdmmc.o
 .ARM.attributes
                0x0000000000000248       0x33 build/stm32f1xx_hal_sd.o
 .ARM.attributes
                0x000000000000027b       0x33 build/stm32f1xx_hal_spi_ex.o
 .ARM.attributes
                0x00000000000002ae       0x33 build/stm32f1xx_hal_tim.o
 .ARM.attributes
                0x00000000000002e1       0x33 build/stm32f1xx_hal_tim_ex.o
 .ARM.attributes
                0x0000000000000314       0x33 build/stm32f1xx_hal_uart.o
 .ARM.attributes
                0x0000000000000347       0x33 build/stm32f1xx_hal.o
 .ARM.attributes
                0x000000000000037a       0x33 build/stm32f1xx_hal_rcc.o
 .ARM.attributes
                0x00000000000003ad       0x33 build/stm32f1xx_hal_gpio.o
 .ARM.attributes
                0x00000000000003e0       0x33 build/stm32f1xx_hal_cortex.o
 .ARM.attributes
                0x0000000000000413       0x33 build/system_stm32f1xx.o
 .ARM.attributes
                0x0000000000000446       0x33 build/heap_4.o
 .ARM.attributes
                0x0000000000000479       0x33 build/port.o
 .ARM.attributes
                0x00000000000004ac       0x33 build/list.o
 .ARM.attributes
                0x00000000000004df       0x33 build/tasks.o
 .ARM.attributes
                0x0000000000000512       0x33 build/cmsis_os.o
 .ARM.attributes
                0x0000000000000545       0x21 build/startup_stm32f103xe.o
 .ARM.attributes
                0x0000000000000566       0x30 /usr/lib/gcc/arm-none-eabi/6.3.1/../../../arm-none-eabi/lib/libc_nano.a(lib_a-init.o)
 .ARM.attributes
                0x0000000000000596       0x2d /usr/lib/gcc/arm-none-eabi/6.3.1/thumb/v7-m/crtend.o
 .ARM.attributes
                0x00000000000005c3       0x1d /usr/lib/gcc/arm-none-eabi/6.3.1/thumb/v7-m/crtn.o
OUTPUT(build/STM32_FreeRTOS_MF.elf elf32-littlearm)

.comment        0x0000000000000000       0x5c
 .comment       0x0000000000000000       0x31 /usr/lib/gcc/arm-none-eabi/6.3.1/thumb/v7-m/crtbegin.o
                                         0x32 (size before relaxing)
 .comment       0x0000000000000031       0x32 build/main.o
 .comment       0x0000000000000031       0x32 build/gpio.o
 .comment       0x0000000000000031       0x32 build/freertos.o
 .comment       0x0000000000000031       0x32 build/sdio.o
 .comment       0x0000000000000031       0x32 build/spi.o
 .comment       0x0000000000000031       0x32 build/usart.o
 .comment       0x0000000000000031       0x32 build/stm32f1xx_it.o
 .comment       0x0000000000000031       0x32 build/stm32f1xx_hal_msp.o
 .comment       0x0000000000000031       0x32 build/stm32f1xx_hal_timebase_TIM.o
 .comment       0x0000000000000031       0x32 build/stm32f1xx_ll_sdmmc.o
 .comment       0x0000000000000031       0x32 build/stm32f1xx_hal_sd.o
 .comment       0x0000000000000031       0x32 build/stm32f1xx_hal_spi_ex.o
 .comment       0x0000000000000031       0x32 build/stm32f1xx_hal_tim.o
 .comment       0x0000000000000031       0x32 build/stm32f1xx_hal_tim_ex.o
 .comment       0x0000000000000031       0x32 build/stm32f1xx_hal_uart.o
 .comment       0x0000000000000031       0x32 build/stm32f1xx_hal.o
 .comment       0x0000000000000031       0x32 build/stm32f1xx_hal_rcc.o
 .comment       0x0000000000000031       0x32 build/stm32f1xx_hal_gpio.o
 .comment       0x0000000000000031       0x32 build/stm32f1xx_hal_cortex.o
 .comment       0x0000000000000031       0x32 build/system_stm32f1xx.o
 .comment       0x0000000000000031       0x32 build/heap_4.o
 .comment       0x0000000000000031       0x32 build/port.o
 .comment       0x0000000000000031       0x32 build/list.o
 .comment       0x0000000000000031       0x32 build/tasks.o
 .comment       0x0000000000000031       0x32 build/cmsis_os.o
 .comment       0x0000000000000031       0x2b /usr/lib/gcc/arm-none-eabi/6.3.1/../../../arm-none-eabi/lib/libc_nano.a(lib_a-init.o)
                                         0x2c (size before relaxing)
 .comment       0x000000000000005c       0x32 /usr/lib/gcc/arm-none-eabi/6.3.1/thumb/v7-m/crtend.o

.debug_info     0x0000000000000000    0x23df0
 .debug_info    0x0000000000000000     0x1d0a build/main.o
 .debug_info    0x0000000000001d0a      0xdaa build/gpio.o
 .debug_info    0x0000000000002ab4      0xbce build/freertos.o
 .debug_info    0x0000000000003682     0x1379 build/sdio.o
 .debug_info    0x00000000000049fb     0x120d build/spi.o
 .debug_info    0x0000000000005c08     0x1194 build/usart.o
 .debug_info    0x0000000000006d9c      0xff3 build/stm32f1xx_it.o
 .debug_info    0x0000000000007d8f      0xe4f build/stm32f1xx_hal_msp.o
 .debug_info    0x0000000000008bde     0x1389 build/stm32f1xx_hal_timebase_TIM.o
 .debug_info    0x0000000000009f67     0x2043 build/stm32f1xx_ll_sdmmc.o
 .debug_info    0x000000000000bfaa     0x2d01 build/stm32f1xx_hal_sd.o
 .debug_info    0x000000000000ecab      0xf86 build/stm32f1xx_hal_spi_ex.o
 .debug_info    0x000000000000fc31     0x39db build/stm32f1xx_hal_tim.o
 .debug_info    0x000000000001360c     0x1ccd build/stm32f1xx_hal_tim_ex.o
 .debug_info    0x00000000000152d9     0x20b0 build/stm32f1xx_hal_uart.o
 .debug_info    0x0000000000017389     0x117c build/stm32f1xx_hal.o
 .debug_info    0x0000000000018505     0x136e build/stm32f1xx_hal_rcc.o
 .debug_info    0x0000000000019873      0xfbf build/stm32f1xx_hal_gpio.o
 .debug_info    0x000000000001a832     0x164f build/stm32f1xx_hal_cortex.o
 .debug_info    0x000000000001be81      0xd32 build/system_stm32f1xx.o
 .debug_info    0x000000000001cbb3      0xd6a build/heap_4.o
 .debug_info    0x000000000001d91d      0x54c build/port.o
 .debug_info    0x000000000001de69      0xbd6 build/list.o
 .debug_info    0x000000000001ea3f     0x2ca3 build/tasks.o
 .debug_info    0x00000000000216e2     0x258d build/cmsis_os.o
 .debug_info    0x0000000000023c6f       0x71 build/startup_stm32f103xe.o
 .debug_info    0x0000000000023ce0      0x110 /usr/lib/gcc/arm-none-eabi/6.3.1/../../../arm-none-eabi/lib/libc_nano.a(lib_a-init.o)

.debug_abbrev   0x0000000000000000     0x4328
 .debug_abbrev  0x0000000000000000      0x291 build/main.o
 .debug_abbrev  0x0000000000000291      0x202 build/gpio.o
 .debug_abbrev  0x0000000000000493      0x23c build/freertos.o
 .debug_abbrev  0x00000000000006cf      0x241 build/sdio.o
 .debug_abbrev  0x0000000000000910      0x230 build/spi.o
 .debug_abbrev  0x0000000000000b40      0x230 build/usart.o
 .debug_abbrev  0x0000000000000d70      0x1f6 build/stm32f1xx_it.o
 .debug_abbrev  0x0000000000000f66      0x20b build/stm32f1xx_hal_msp.o
 .debug_abbrev  0x0000000000001171      0x26e build/stm32f1xx_hal_timebase_TIM.o
 .debug_abbrev  0x00000000000013df      0x2c3 build/stm32f1xx_ll_sdmmc.o
 .debug_abbrev  0x00000000000016a2      0x310 build/stm32f1xx_hal_sd.o
 .debug_abbrev  0x00000000000019b2      0x1e0 build/stm32f1xx_hal_spi_ex.o
 .debug_abbrev  0x0000000000001b92      0x312 build/stm32f1xx_hal_tim.o
 .debug_abbrev  0x0000000000001ea4      0x2eb build/stm32f1xx_hal_tim_ex.o
 .debug_abbrev  0x000000000000218f      0x32d build/stm32f1xx_hal_uart.o
 .debug_abbrev  0x00000000000024bc      0x2e5 build/stm32f1xx_hal.o
 .debug_abbrev  0x00000000000027a1      0x327 build/stm32f1xx_hal_rcc.o
 .debug_abbrev  0x0000000000002ac8      0x2b3 build/stm32f1xx_hal_gpio.o
 .debug_abbrev  0x0000000000002d7b      0x3c8 build/stm32f1xx_hal_cortex.o
 .debug_abbrev  0x0000000000003143      0x1fe build/system_stm32f1xx.o
 .debug_abbrev  0x0000000000003341      0x309 build/heap_4.o
 .debug_abbrev  0x000000000000364a      0x257 build/port.o
 .debug_abbrev  0x00000000000038a1      0x215 build/list.o
 .debug_abbrev  0x0000000000003ab6      0x3d7 build/tasks.o
 .debug_abbrev  0x0000000000003e8d      0x3cf build/cmsis_os.o
 .debug_abbrev  0x000000000000425c       0x12 build/startup_stm32f103xe.o
 .debug_abbrev  0x000000000000426e       0xba /usr/lib/gcc/arm-none-eabi/6.3.1/../../../arm-none-eabi/lib/libc_nano.a(lib_a-init.o)

.debug_loc      0x0000000000000000     0xfa5c
 .debug_loc     0x0000000000000000       0xc0 build/main.o
 .debug_loc     0x00000000000000c0       0x58 build/gpio.o
 .debug_loc     0x0000000000000118       0x79 build/freertos.o
 .debug_loc     0x0000000000000191       0xd3 build/sdio.o
 .debug_loc     0x0000000000000264       0xd3 build/spi.o
 .debug_loc     0x0000000000000337       0xd3 build/usart.o
 .debug_loc     0x000000000000040a       0x40 build/stm32f1xx_it.o
 .debug_loc     0x000000000000044a       0x38 build/stm32f1xx_hal_msp.o
 .debug_loc     0x0000000000000482       0xbd build/stm32f1xx_hal_timebase_TIM.o
 .debug_loc     0x000000000000053f     0x1731 build/stm32f1xx_ll_sdmmc.o
 .debug_loc     0x0000000000001c70     0x23c2 build/stm32f1xx_hal_sd.o
 .debug_loc     0x0000000000004032       0x79 build/stm32f1xx_hal_spi_ex.o
 .debug_loc     0x00000000000040ab     0x3f3b build/stm32f1xx_hal_tim.o
 .debug_loc     0x0000000000007fe6     0x135a build/stm32f1xx_hal_tim_ex.o
 .debug_loc     0x0000000000009340     0x19c9 build/stm32f1xx_hal_uart.o
 .debug_loc     0x000000000000ad09      0x1a8 build/stm32f1xx_hal.o
 .debug_loc     0x000000000000aeb1      0x651 build/stm32f1xx_hal_rcc.o
 .debug_loc     0x000000000000b502      0x4df build/stm32f1xx_hal_gpio.o
 .debug_loc     0x000000000000b9e1      0x63d build/stm32f1xx_hal_cortex.o
 .debug_loc     0x000000000000c01e       0xdf build/system_stm32f1xx.o
 .debug_loc     0x000000000000c0fd      0x324 build/heap_4.o
 .debug_loc     0x000000000000c421      0x152 build/port.o
 .debug_loc     0x000000000000c573       0x9c build/list.o
 .debug_loc     0x000000000000c60f     0x1cbd build/tasks.o
 .debug_loc     0x000000000000e2cc     0x16ee build/cmsis_os.o
 .debug_loc     0x000000000000f9ba       0xa2 /usr/lib/gcc/arm-none-eabi/6.3.1/../../../arm-none-eabi/lib/libc_nano.a(lib_a-init.o)

.debug_aranges  0x0000000000000000     0x1268
 .debug_aranges
                0x0000000000000000       0x38 build/main.o
 .debug_aranges
                0x0000000000000038       0x28 build/gpio.o
 .debug_aranges
                0x0000000000000060       0x28 build/freertos.o
 .debug_aranges
                0x0000000000000088       0x30 build/sdio.o
 .debug_aranges
                0x00000000000000b8       0x30 build/spi.o
 .debug_aranges
                0x00000000000000e8       0x30 build/usart.o
 .debug_aranges
                0x0000000000000118       0x58 build/stm32f1xx_it.o
 .debug_aranges
                0x0000000000000170       0x20 build/stm32f1xx_hal_msp.o
 .debug_aranges
                0x0000000000000190       0x30 build/stm32f1xx_hal_timebase_TIM.o
 .debug_aranges
                0x00000000000001c0      0x178 build/stm32f1xx_ll_sdmmc.o
 .debug_aranges
                0x0000000000000338      0x168 build/stm32f1xx_hal_sd.o
 .debug_aranges
                0x00000000000004a0       0x20 build/stm32f1xx_hal_spi_ex.o
 .debug_aranges
                0x00000000000004c0      0x368 build/stm32f1xx_hal_tim.o
 .debug_aranges
                0x0000000000000828      0x138 build/stm32f1xx_hal_tim_ex.o
 .debug_aranges
                0x0000000000000960      0x1d0 build/stm32f1xx_hal_uart.o
 .debug_aranges
                0x0000000000000b30       0xd0 build/stm32f1xx_hal.o
 .debug_aranges
                0x0000000000000c00       0x90 build/stm32f1xx_hal_rcc.o
 .debug_aranges
                0x0000000000000c90       0x58 build/stm32f1xx_hal_gpio.o
 .debug_aranges
                0x0000000000000ce8       0x90 build/stm32f1xx_hal_cortex.o
 .debug_aranges
                0x0000000000000d78       0x28 build/system_stm32f1xx.o
 .debug_aranges
                0x0000000000000da0       0x50 build/heap_4.o
 .debug_aranges
                0x0000000000000df0       0x78 build/port.o
 .debug_aranges
                0x0000000000000e68       0x40 build/list.o
 .debug_aranges
                0x0000000000000ea8      0x1a0 build/tasks.o
 .debug_aranges
                0x0000000000001048      0x1d8 build/cmsis_os.o
 .debug_aranges
                0x0000000000001220       0x28 build/startup_stm32f103xe.o
 .debug_aranges
                0x0000000000001248       0x20 /usr/lib/gcc/arm-none-eabi/6.3.1/../../../arm-none-eabi/lib/libc_nano.a(lib_a-init.o)

.debug_ranges   0x0000000000000000     0x11c8
 .debug_ranges  0x0000000000000000       0x28 build/main.o
 .debug_ranges  0x0000000000000028       0x18 build/gpio.o
 .debug_ranges  0x0000000000000040       0x18 build/freertos.o
 .debug_ranges  0x0000000000000058       0x20 build/sdio.o
 .debug_ranges  0x0000000000000078       0x20 build/spi.o
 .debug_ranges  0x0000000000000098       0x20 build/usart.o
 .debug_ranges  0x00000000000000b8       0x48 build/stm32f1xx_it.o
 .debug_ranges  0x0000000000000100       0x10 build/stm32f1xx_hal_msp.o
 .debug_ranges  0x0000000000000110       0x20 build/stm32f1xx_hal_timebase_TIM.o
 .debug_ranges  0x0000000000000130      0x168 build/stm32f1xx_ll_sdmmc.o
 .debug_ranges  0x0000000000000298      0x158 build/stm32f1xx_hal_sd.o
 .debug_ranges  0x00000000000003f0       0x10 build/stm32f1xx_hal_spi_ex.o
 .debug_ranges  0x0000000000000400      0x358 build/stm32f1xx_hal_tim.o
 .debug_ranges  0x0000000000000758      0x128 build/stm32f1xx_hal_tim_ex.o
 .debug_ranges  0x0000000000000880      0x1c0 build/stm32f1xx_hal_uart.o
 .debug_ranges  0x0000000000000a40       0xc0 build/stm32f1xx_hal.o
 .debug_ranges  0x0000000000000b00       0xa0 build/stm32f1xx_hal_rcc.o
 .debug_ranges  0x0000000000000ba0       0x48 build/stm32f1xx_hal_gpio.o
 .debug_ranges  0x0000000000000be8       0xe0 build/stm32f1xx_hal_cortex.o
 .debug_ranges  0x0000000000000cc8       0x18 build/system_stm32f1xx.o
 .debug_ranges  0x0000000000000ce0       0x40 build/heap_4.o
 .debug_ranges  0x0000000000000d20       0x68 build/port.o
 .debug_ranges  0x0000000000000d88       0x30 build/list.o
 .debug_ranges  0x0000000000000db8      0x228 build/tasks.o
 .debug_ranges  0x0000000000000fe0      0x1c8 build/cmsis_os.o
 .debug_ranges  0x00000000000011a8       0x20 build/startup_stm32f103xe.o

.debug_line     0x0000000000000000     0x7918
 .debug_line    0x0000000000000000      0x347 build/main.o
 .debug_line    0x0000000000000347      0x1c9 build/gpio.o
 .debug_line    0x0000000000000510      0x216 build/freertos.o
 .debug_line    0x0000000000000726      0x24a build/sdio.o
 .debug_line    0x0000000000000970      0x22f build/spi.o
 .debug_line    0x0000000000000b9f      0x230 build/usart.o
 .debug_line    0x0000000000000dcf      0x281 build/stm32f1xx_it.o
 .debug_line    0x0000000000001050      0x1b3 build/stm32f1xx_hal_msp.o
 .debug_line    0x0000000000001203      0x23e build/stm32f1xx_hal_timebase_TIM.o
 .debug_line    0x0000000000001441      0x640 build/stm32f1xx_ll_sdmmc.o
 .debug_line    0x0000000000001a81      0xa2d build/stm32f1xx_hal_sd.o
 .debug_line    0x00000000000024ae      0x206 build/stm32f1xx_hal_spi_ex.o
 .debug_line    0x00000000000026b4     0x12f9 build/stm32f1xx_hal_tim.o
 .debug_line    0x00000000000039ad      0x77e build/stm32f1xx_hal_tim_ex.o
 .debug_line    0x000000000000412b      0xaf3 build/stm32f1xx_hal_uart.o
 .debug_line    0x0000000000004c1e      0x387 build/stm32f1xx_hal.o
 .debug_line    0x0000000000004fa5      0x4e7 build/stm32f1xx_hal_rcc.o
 .debug_line    0x000000000000548c      0x398 build/stm32f1xx_hal_gpio.o
 .debug_line    0x0000000000005824      0x330 build/stm32f1xx_hal_cortex.o
 .debug_line    0x0000000000005b54      0x1ba build/system_stm32f1xx.o
 .debug_line    0x0000000000005d0e      0x2ea build/heap_4.o
 .debug_line    0x0000000000005ff8      0x296 build/port.o
 .debug_line    0x000000000000628e      0x242 build/list.o
 .debug_line    0x00000000000064d0      0xae2 build/tasks.o
 .debug_line    0x0000000000006fb2      0x841 build/cmsis_os.o
 .debug_line    0x00000000000077f3       0x72 build/startup_stm32f103xe.o
 .debug_line    0x0000000000007865       0xb3 /usr/lib/gcc/arm-none-eabi/6.3.1/../../../arm-none-eabi/lib/libc_nano.a(lib_a-init.o)

.debug_str      0x0000000000000000     0x5dc9
 .debug_str     0x0000000000000000     0x13d0 build/main.o
                                       0x14be (size before relaxing)
 .debug_str     0x00000000000013d0       0xf2 build/gpio.o
                                        0x69e (size before relaxing)
 .debug_str     0x00000000000014c2      0x172 build/freertos.o
                                        0x726 (size before relaxing)
 .debug_str     0x0000000000001634       0x73 build/sdio.o
                                        0xb0b (size before relaxing)
 .debug_str     0x00000000000016a7       0x48 build/spi.o
                                        0xa6b (size before relaxing)
 .debug_str     0x00000000000016ef       0x4e build/usart.o
                                        0xa4c (size before relaxing)
 .debug_str     0x000000000000173d       0xca build/stm32f1xx_it.o
                                        0x9fd (size before relaxing)
 .debug_str     0x0000000000001807       0x6a build/stm32f1xx_hal_msp.o
                                        0xa09 (size before relaxing)
 .debug_str     0x0000000000001871      0x119 build/stm32f1xx_hal_timebase_TIM.o
                                        0xee2 (size before relaxing)
 .debug_str     0x000000000000198a      0x4a5 build/stm32f1xx_ll_sdmmc.o
                                        0xba7 (size before relaxing)
 .debug_str     0x0000000000001e2f      0x79c build/stm32f1xx_hal_sd.o
                                       0x14c0 (size before relaxing)
 .debug_str     0x00000000000025cb       0x3d build/stm32f1xx_hal_spi_ex.o
                                        0x9c6 (size before relaxing)
 .debug_str     0x0000000000002608      0xce8 build/stm32f1xx_hal_tim.o
                                       0x1734 (size before relaxing)
 .debug_str     0x00000000000032f0      0x4ee build/stm32f1xx_hal_tim_ex.o
                                        0xfd6 (size before relaxing)
 .debug_str     0x00000000000037de      0x521 build/stm32f1xx_hal_uart.o
                                        0xf4d (size before relaxing)
 .debug_str     0x0000000000003cff      0x242 build/stm32f1xx_hal.o
                                        0xcce (size before relaxing)
 .debug_str     0x0000000000003f41      0x173 build/stm32f1xx_hal_rcc.o
                                        0x9dc (size before relaxing)
 .debug_str     0x00000000000040b4      0x104 build/stm32f1xx_hal_gpio.o
                                        0x805 (size before relaxing)
 .debug_str     0x00000000000041b8      0x296 build/stm32f1xx_hal_cortex.o
                                        0xd7c (size before relaxing)
 .debug_str     0x000000000000444e       0x4f build/system_stm32f1xx.o
                                        0x673 (size before relaxing)
 .debug_str     0x000000000000449d      0x24f build/heap_4.o
                                        0x795 (size before relaxing)
 .debug_str     0x00000000000046ec      0x292 build/port.o
                                        0x42d (size before relaxing)
 .debug_str     0x000000000000497e      0x141 build/list.o
                                        0x6ac (size before relaxing)
 .debug_str     0x0000000000004abf      0xa38 build/tasks.o
                                       0x1238 (size before relaxing)
 .debug_str     0x00000000000054f7      0x7c5 build/cmsis_os.o
                                       0x11a0 (size before relaxing)
 .debug_str     0x0000000000005cbc      0x10d /usr/lib/gcc/arm-none-eabi/6.3.1/../../../arm-none-eabi/lib/libc_nano.a(lib_a-init.o)
                                        0x1b8 (size before relaxing)

.debug_frame    0x0000000000000000     0x3674
 .debug_frame   0x0000000000000000       0x78 build/main.o
 .debug_frame   0x0000000000000078       0x54 build/gpio.o
 .debug_frame   0x00000000000000cc       0x50 build/freertos.o
 .debug_frame   0x000000000000011c       0x6c build/sdio.o
 .debug_frame   0x0000000000000188       0x68 build/spi.o
 .debug_frame   0x00000000000001f0       0x68 build/usart.o
 .debug_frame   0x0000000000000258       0xa8 build/stm32f1xx_it.o
 .debug_frame   0x0000000000000300       0x30 build/stm32f1xx_hal_msp.o
 .debug_frame   0x0000000000000330       0x50 build/stm32f1xx_hal_timebase_TIM.o
 .debug_frame   0x0000000000000380      0x4ec build/stm32f1xx_ll_sdmmc.o
 .debug_frame   0x000000000000086c      0x54c build/stm32f1xx_hal_sd.o
 .debug_frame   0x0000000000000db8       0x30 build/stm32f1xx_hal_spi_ex.o
 .debug_frame   0x0000000000000de8      0xb18 build/stm32f1xx_hal_tim.o
 .debug_frame   0x0000000000001900      0x3e4 build/stm32f1xx_hal_tim_ex.o
 .debug_frame   0x0000000000001ce4      0x57c build/stm32f1xx_hal_uart.o
 .debug_frame   0x0000000000002260      0x1c0 build/stm32f1xx_hal.o
 .debug_frame   0x0000000000002420      0x18c build/stm32f1xx_hal_rcc.o
 .debug_frame   0x00000000000025ac      0x104 build/stm32f1xx_hal_gpio.o
 .debug_frame   0x00000000000026b0      0x13c build/stm32f1xx_hal_cortex.o
 .debug_frame   0x00000000000027ec       0x30 build/system_stm32f1xx.o
 .debug_frame   0x000000000000281c       0xbc build/heap_4.o
 .debug_frame   0x00000000000028d8       0xf4 build/port.o
 .debug_frame   0x00000000000029cc       0x70 build/list.o
 .debug_frame   0x0000000000002a3c      0x5d8 build/tasks.o
 .debug_frame   0x0000000000003014      0x62c build/cmsis_os.o
 .debug_frame   0x0000000000003640       0x34 /usr/lib/gcc/arm-none-eabi/6.3.1/../../../arm-none-eabi/lib/libc_nano.a(lib_a-init.o)

Cross Reference Table

Symbol                                            File
ADC1_2_IRQHandler                                 build/startup_stm32f103xe.o
ADC3_IRQHandler                                   build/startup_stm32f103xe.o
AHBPrescTable                                     build/system_stm32f1xx.o
                                                  build/stm32f1xx_hal_rcc.o
APBPrescTable                                     build/system_stm32f1xx.o
                                                  build/stm32f1xx_hal_rcc.o
BusFault_Handler                                  build/stm32f1xx_it.o
CAN1_RX1_IRQHandler                               build/startup_stm32f103xe.o
CAN1_SCE_IRQHandler                               build/startup_stm32f103xe.o
DMA1_Channel1_IRQHandler                          build/startup_stm32f103xe.o
DMA1_Channel2_IRQHandler                          build/startup_stm32f103xe.o
DMA1_Channel3_IRQHandler                          build/startup_stm32f103xe.o
DMA1_Channel4_IRQHandler                          build/startup_stm32f103xe.o
DMA1_Channel5_IRQHandler                          build/startup_stm32f103xe.o
DMA1_Channel6_IRQHandler                          build/startup_stm32f103xe.o
DMA1_Channel7_IRQHandler                          build/startup_stm32f103xe.o
DMA2_Channel1_IRQHandler                          build/startup_stm32f103xe.o
DMA2_Channel2_IRQHandler                          build/startup_stm32f103xe.o
DMA2_Channel3_IRQHandler                          build/startup_stm32f103xe.o
DMA2_Channel4_5_IRQHandler                        build/startup_stm32f103xe.o
DebugMon_Handler                                  build/stm32f1xx_it.o
Default_Handler                                   build/startup_stm32f103xe.o
EXTI0_IRQHandler                                  build/startup_stm32f103xe.o
EXTI15_10_IRQHandler                              build/startup_stm32f103xe.o
EXTI1_IRQHandler                                  build/startup_stm32f103xe.o
EXTI2_IRQHandler                                  build/startup_stm32f103xe.o
EXTI3_IRQHandler                                  build/startup_stm32f103xe.o
EXTI4_IRQHandler                                  build/startup_stm32f103xe.o
EXTI9_5_IRQHandler                                build/startup_stm32f103xe.o
FLASH_IRQHandler                                  build/startup_stm32f103xe.o
FLASH_PageErase                                   build/stm32f1xx_hal_flash_ex.o
                                                  build/stm32f1xx_hal_flash.o
FLASH_WaitForLastOperation                        build/stm32f1xx_hal_flash.o
                                                  build/stm32f1xx_hal_flash_ex.o
FSMC_IRQHandler                                   build/startup_stm32f103xe.o
HAL_DBGMCU_DisableDBGSleepMode                    build/stm32f1xx_hal.o
HAL_DBGMCU_DisableDBGStandbyMode                  build/stm32f1xx_hal.o
HAL_DBGMCU_DisableDBGStopMode                     build/stm32f1xx_hal.o
HAL_DBGMCU_EnableDBGSleepMode                     build/stm32f1xx_hal.o
HAL_DBGMCU_EnableDBGStandbyMode                   build/stm32f1xx_hal.o
HAL_DBGMCU_EnableDBGStopMode                      build/stm32f1xx_hal.o
HAL_DMA_Abort                                     build/stm32f1xx_hal_dma.o
                                                  build/stm32f1xx_hal_uart.o
                                                  build/stm32f1xx_hal_tim.o
                                                  build/stm32f1xx_hal_spi.o
                                                  build/stm32f1xx_hal_sd.o
HAL_DMA_Abort_IT                                  build/stm32f1xx_hal_dma.o
                                                  build/stm32f1xx_hal_uart.o
                                                  build/stm32f1xx_hal_spi.o
                                                  build/stm32f1xx_hal_sd.o
HAL_DMA_DeInit                                    build/stm32f1xx_hal_dma.o
HAL_DMA_GetError                                  build/stm32f1xx_hal_dma.o
HAL_DMA_GetState                                  build/stm32f1xx_hal_dma.o
HAL_DMA_IRQHandler                                build/stm32f1xx_hal_dma.o
HAL_DMA_Init                                      build/stm32f1xx_hal_dma.o
HAL_DMA_PollForTransfer                           build/stm32f1xx_hal_dma.o
HAL_DMA_RegisterCallback                          build/stm32f1xx_hal_dma.o
HAL_DMA_Start                                     build/stm32f1xx_hal_dma.o
HAL_DMA_Start_IT                                  build/stm32f1xx_hal_dma.o
                                                  build/stm32f1xx_hal_uart.o
                                                  build/stm32f1xx_hal_tim_ex.o
                                                  build/stm32f1xx_hal_tim.o
                                                  build/stm32f1xx_hal_spi.o
                                                  build/stm32f1xx_hal_sd.o
HAL_DMA_UnRegisterCallback                        build/stm32f1xx_hal_dma.o
HAL_DeInit                                        build/stm32f1xx_hal.o
HAL_Delay                                         build/stm32f1xx_hal.o
                                                  build/stm32f1xx_hal_sd.o
HAL_FLASHEx_Erase                                 build/stm32f1xx_hal_flash_ex.o
HAL_FLASHEx_Erase_IT                              build/stm32f1xx_hal_flash_ex.o
HAL_FLASHEx_OBErase                               build/stm32f1xx_hal_flash_ex.o
HAL_FLASHEx_OBGetConfig                           build/stm32f1xx_hal_flash_ex.o
HAL_FLASHEx_OBGetUserData                         build/stm32f1xx_hal_flash_ex.o
HAL_FLASHEx_OBProgram                             build/stm32f1xx_hal_flash_ex.o
HAL_FLASH_EndOfOperationCallback                  build/stm32f1xx_hal_flash.o
HAL_FLASH_GetError                                build/stm32f1xx_hal_flash.o
HAL_FLASH_IRQHandler                              build/stm32f1xx_hal_flash.o
HAL_FLASH_Lock                                    build/stm32f1xx_hal_flash.o
HAL_FLASH_OB_Launch                               build/stm32f1xx_hal_flash.o
HAL_FLASH_OB_Lock                                 build/stm32f1xx_hal_flash.o
HAL_FLASH_OB_Unlock                               build/stm32f1xx_hal_flash.o
HAL_FLASH_OperationErrorCallback                  build/stm32f1xx_hal_flash.o
HAL_FLASH_Program                                 build/stm32f1xx_hal_flash.o
HAL_FLASH_Program_IT                              build/stm32f1xx_hal_flash.o
HAL_FLASH_Unlock                                  build/stm32f1xx_hal_flash.o
HAL_GPIOEx_ConfigEventout                         build/stm32f1xx_hal_gpio_ex.o
HAL_GPIOEx_DisableEventout                        build/stm32f1xx_hal_gpio_ex.o
HAL_GPIOEx_EnableEventout                         build/stm32f1xx_hal_gpio_ex.o
HAL_GPIO_DeInit                                   build/stm32f1xx_hal_gpio.o
                                                  build/usart.o
                                                  build/spi.o
                                                  build/sdio.o
HAL_GPIO_EXTI_Callback                            build/stm32f1xx_hal_gpio.o
HAL_GPIO_EXTI_IRQHandler                          build/stm32f1xx_hal_gpio.o
HAL_GPIO_Init                                     build/stm32f1xx_hal_gpio.o
                                                  build/stm32f1xx_hal_rcc.o
                                                  build/usart.o
                                                  build/spi.o
                                                  build/sdio.o
                                                  build/gpio.o
HAL_GPIO_LockPin                                  build/stm32f1xx_hal_gpio.o
HAL_GPIO_ReadPin                                  build/stm32f1xx_hal_gpio.o
HAL_GPIO_TogglePin                                build/stm32f1xx_hal_gpio.o
                                                  build/gpio.o
HAL_GPIO_WritePin                                 build/stm32f1xx_hal_gpio.o
                                                  build/gpio.o
HAL_GetDEVID                                      build/stm32f1xx_hal.o
HAL_GetHalVersion                                 build/stm32f1xx_hal.o
HAL_GetREVID                                      build/stm32f1xx_hal.o
HAL_GetTick                                       build/stm32f1xx_hal.o
                                                  build/stm32f1xx_hal_flash.o
                                                  build/stm32f1xx_hal_dma.o
                                                  build/stm32f1xx_hal_rcc_ex.o
                                                  build/stm32f1xx_hal_rcc.o
                                                  build/stm32f1xx_hal_uart.o
                                                  build/stm32f1xx_hal_spi.o
                                                  build/stm32f1xx_hal_sd.o
HAL_GetTickFreq                                   build/stm32f1xx_hal.o
HAL_GetTickPrio                                   build/stm32f1xx_hal.o
HAL_GetUID                                        build/stm32f1xx_hal.o
HAL_HalfDuplex_EnableReceiver                     build/stm32f1xx_hal_uart.o
HAL_HalfDuplex_EnableTransmitter                  build/stm32f1xx_hal_uart.o
HAL_HalfDuplex_Init                               build/stm32f1xx_hal_uart.o
HAL_IncTick                                       build/stm32f1xx_hal.o
                                                  build/main.o
HAL_Init                                          build/stm32f1xx_hal.o
                                                  build/main.o
HAL_InitTick                                      build/stm32f1xx_hal_timebase_TIM.o
                                                  build/stm32f1xx_hal_rcc.o
HAL_LIN_Init                                      build/stm32f1xx_hal_uart.o
HAL_LIN_SendBreak                                 build/stm32f1xx_hal_uart.o
HAL_MspDeInit                                     build/stm32f1xx_hal.o
HAL_MspInit                                       build/stm32f1xx_hal_msp.o
HAL_MultiProcessor_EnterMuteMode                  build/stm32f1xx_hal_uart.o
HAL_MultiProcessor_ExitMuteMode                   build/stm32f1xx_hal_uart.o
HAL_MultiProcessor_Init                           build/stm32f1xx_hal_uart.o
HAL_NVIC_ClearPendingIRQ                          build/stm32f1xx_hal_cortex.o
HAL_NVIC_DisableIRQ                               build/stm32f1xx_hal_cortex.o
HAL_NVIC_EnableIRQ                                build/stm32f1xx_hal_cortex.o
                                                  build/stm32f1xx_hal_timebase_TIM.o
HAL_NVIC_GetActive                                build/stm32f1xx_hal_cortex.o
HAL_NVIC_GetPendingIRQ                            build/stm32f1xx_hal_cortex.o
HAL_NVIC_GetPriority                              build/stm32f1xx_hal_cortex.o
HAL_NVIC_GetPriorityGrouping                      build/stm32f1xx_hal_cortex.o
HAL_NVIC_SetPendingIRQ                            build/stm32f1xx_hal_cortex.o
HAL_NVIC_SetPriority                              build/stm32f1xx_hal_cortex.o
                                                  build/stm32f1xx_hal.o
                                                  build/stm32f1xx_hal_timebase_TIM.o
                                                  build/stm32f1xx_hal_msp.o
                                                  build/main.o
HAL_NVIC_SetPriorityGrouping                      build/stm32f1xx_hal_cortex.o
                                                  build/stm32f1xx_hal.o
                                                  build/stm32f1xx_hal_msp.o
HAL_NVIC_SystemReset                              build/stm32f1xx_hal_cortex.o
                                                  build/stm32f1xx_hal_flash.o
HAL_PWR_ConfigPVD                                 build/stm32f1xx_hal_pwr.o
HAL_PWR_DeInit                                    build/stm32f1xx_hal_pwr.o
HAL_PWR_DisableBkUpAccess                         build/stm32f1xx_hal_pwr.o
HAL_PWR_DisablePVD                                build/stm32f1xx_hal_pwr.o
HAL_PWR_DisableSEVOnPend                          build/stm32f1xx_hal_pwr.o
HAL_PWR_DisableSleepOnExit                        build/stm32f1xx_hal_pwr.o
HAL_PWR_DisableWakeUpPin                          build/stm32f1xx_hal_pwr.o
HAL_PWR_EnableBkUpAccess                          build/stm32f1xx_hal_pwr.o
HAL_PWR_EnablePVD                                 build/stm32f1xx_hal_pwr.o
HAL_PWR_EnableSEVOnPend                           build/stm32f1xx_hal_pwr.o
HAL_PWR_EnableSleepOnExit                         build/stm32f1xx_hal_pwr.o
HAL_PWR_EnableWakeUpPin                           build/stm32f1xx_hal_pwr.o
HAL_PWR_EnterSLEEPMode                            build/stm32f1xx_hal_pwr.o
HAL_PWR_EnterSTANDBYMode                          build/stm32f1xx_hal_pwr.o
HAL_PWR_EnterSTOPMode                             build/stm32f1xx_hal_pwr.o
HAL_PWR_PVDCallback                               build/stm32f1xx_hal_pwr.o
HAL_PWR_PVD_IRQHandler                            build/stm32f1xx_hal_pwr.o
HAL_RCCEx_GetPeriphCLKConfig                      build/stm32f1xx_hal_rcc_ex.o
HAL_RCCEx_GetPeriphCLKFreq                        build/stm32f1xx_hal_rcc_ex.o
HAL_RCCEx_PeriphCLKConfig                         build/stm32f1xx_hal_rcc_ex.o
HAL_RCC_CSSCallback                               build/stm32f1xx_hal_rcc.o
HAL_RCC_ClockConfig                               build/stm32f1xx_hal_rcc.o
                                                  build/main.o
HAL_RCC_DeInit                                    build/stm32f1xx_hal_rcc.o
HAL_RCC_DisableCSS                                build/stm32f1xx_hal_rcc.o
HAL_RCC_EnableCSS                                 build/stm32f1xx_hal_rcc.o
HAL_RCC_GetClockConfig                            build/stm32f1xx_hal_rcc.o
                                                  build/stm32f1xx_hal_timebase_TIM.o
HAL_RCC_GetHCLKFreq                               build/stm32f1xx_hal_rcc.o
                                                  build/main.o
HAL_RCC_GetOscConfig                              build/stm32f1xx_hal_rcc.o
HAL_RCC_GetPCLK1Freq                              build/stm32f1xx_hal_rcc.o
                                                  build/stm32f1xx_hal_uart.o
HAL_RCC_GetPCLK2Freq                              build/stm32f1xx_hal_rcc.o
                                                  build/stm32f1xx_hal_rcc_ex.o
                                                  build/stm32f1xx_hal_uart.o
                                                  build/stm32f1xx_hal_timebase_TIM.o
HAL_RCC_GetSysClockFreq                           build/stm32f1xx_hal_rcc.o
                                                  build/stm32f1xx_hal_rcc_ex.o
HAL_RCC_MCOConfig                                 build/stm32f1xx_hal_rcc.o
HAL_RCC_NMI_IRQHandler                            build/stm32f1xx_hal_rcc.o
HAL_RCC_OscConfig                                 build/stm32f1xx_hal_rcc.o
                                                  build/main.o
HAL_ResumeTick                                    build/stm32f1xx_hal_timebase_TIM.o
HAL_SD_Abort                                      build/stm32f1xx_hal_sd.o
HAL_SD_AbortCallback                              build/stm32f1xx_hal_sd.o
HAL_SD_Abort_IT                                   build/stm32f1xx_hal_sd.o
HAL_SD_ConfigWideBusOperation                     build/stm32f1xx_hal_sd.o
                                                  build/sdio.o
HAL_SD_DeInit                                     build/stm32f1xx_hal_sd.o
HAL_SD_Erase                                      build/stm32f1xx_hal_sd.o
HAL_SD_ErrorCallback                              build/stm32f1xx_hal_sd.o
HAL_SD_GetCardCID                                 build/stm32f1xx_hal_sd.o
HAL_SD_GetCardCSD                                 build/stm32f1xx_hal_sd.o
HAL_SD_GetCardInfo                                build/stm32f1xx_hal_sd.o
HAL_SD_GetCardState                               build/stm32f1xx_hal_sd.o
HAL_SD_GetCardStatus                              build/stm32f1xx_hal_sd.o
HAL_SD_GetError                                   build/stm32f1xx_hal_sd.o
HAL_SD_GetState                                   build/stm32f1xx_hal_sd.o
HAL_SD_IRQHandler                                 build/stm32f1xx_hal_sd.o
HAL_SD_Init                                       build/stm32f1xx_hal_sd.o
                                                  build/sdio.o
HAL_SD_InitCard                                   build/stm32f1xx_hal_sd.o
HAL_SD_MspDeInit                                  build/sdio.o
HAL_SD_MspInit                                    build/sdio.o
HAL_SD_ReadBlocks                                 build/stm32f1xx_hal_sd.o
HAL_SD_ReadBlocks_DMA                             build/stm32f1xx_hal_sd.o
HAL_SD_ReadBlocks_IT                              build/stm32f1xx_hal_sd.o
HAL_SD_RxCpltCallback                             build/stm32f1xx_hal_sd.o
HAL_SD_TxCpltCallback                             build/stm32f1xx_hal_sd.o
HAL_SD_WriteBlocks                                build/stm32f1xx_hal_sd.o
HAL_SD_WriteBlocks_DMA                            build/stm32f1xx_hal_sd.o
HAL_SD_WriteBlocks_IT                             build/stm32f1xx_hal_sd.o
HAL_SPI_Abort                                     build/stm32f1xx_hal_spi.o
HAL_SPI_AbortCpltCallback                         build/stm32f1xx_hal_spi.o
HAL_SPI_Abort_IT                                  build/stm32f1xx_hal_spi.o
HAL_SPI_DMAPause                                  build/stm32f1xx_hal_spi.o
HAL_SPI_DMAResume                                 build/stm32f1xx_hal_spi.o
HAL_SPI_DMAStop                                   build/stm32f1xx_hal_spi.o
HAL_SPI_DeInit                                    build/stm32f1xx_hal_spi.o
HAL_SPI_ErrorCallback                             build/stm32f1xx_hal_spi.o
HAL_SPI_GetError                                  build/stm32f1xx_hal_spi.o
HAL_SPI_GetState                                  build/stm32f1xx_hal_spi.o
HAL_SPI_IRQHandler                                build/stm32f1xx_hal_spi.o
HAL_SPI_Init                                      build/stm32f1xx_hal_spi_ex.o
                                                  build/stm32f1xx_hal_spi.o
                                                  build/spi.o
HAL_SPI_MspDeInit                                 build/spi.o
HAL_SPI_MspInit                                   build/spi.o
                                                  build/stm32f1xx_hal_spi_ex.o
HAL_SPI_Receive                                   build/stm32f1xx_hal_spi.o
HAL_SPI_Receive_DMA                               build/stm32f1xx_hal_spi.o
HAL_SPI_Receive_IT                                build/stm32f1xx_hal_spi.o
HAL_SPI_RxCpltCallback                            build/stm32f1xx_hal_spi.o
HAL_SPI_RxHalfCpltCallback                        build/stm32f1xx_hal_spi.o
HAL_SPI_Transmit                                  build/stm32f1xx_hal_spi.o
HAL_SPI_TransmitReceive                           build/stm32f1xx_hal_spi.o
HAL_SPI_TransmitReceive_DMA                       build/stm32f1xx_hal_spi.o
HAL_SPI_TransmitReceive_IT                        build/stm32f1xx_hal_spi.o
HAL_SPI_Transmit_DMA                              build/stm32f1xx_hal_spi.o
HAL_SPI_Transmit_IT                               build/stm32f1xx_hal_spi.o
HAL_SPI_TxCpltCallback                            build/stm32f1xx_hal_spi.o
HAL_SPI_TxHalfCpltCallback                        build/stm32f1xx_hal_spi.o
HAL_SPI_TxRxCpltCallback                          build/stm32f1xx_hal_spi.o
HAL_SPI_TxRxHalfCpltCallback                      build/stm32f1xx_hal_spi.o
HAL_SYSTICK_CLKSourceConfig                       build/stm32f1xx_hal_cortex.o
                                                  build/main.o
HAL_SYSTICK_Callback                              build/stm32f1xx_hal_cortex.o
HAL_SYSTICK_Config                                build/stm32f1xx_hal_cortex.o
                                                  build/stm32f1xx_hal.o
                                                  build/main.o
HAL_SYSTICK_IRQHandler                            build/stm32f1xx_hal_cortex.o
HAL_SetTickFreq                                   build/stm32f1xx_hal.o
HAL_SuspendTick                                   build/stm32f1xx_hal_timebase_TIM.o
HAL_TIMEx_BreakCallback                           build/stm32f1xx_hal_tim_ex.o
                                                  build/stm32f1xx_hal_tim.o
HAL_TIMEx_CommutationCallback                     build/stm32f1xx_hal_tim_ex.o
                                                  build/stm32f1xx_hal_tim.o
HAL_TIMEx_ConfigBreakDeadTime                     build/stm32f1xx_hal_tim_ex.o
HAL_TIMEx_ConfigCommutationEvent                  build/stm32f1xx_hal_tim_ex.o
HAL_TIMEx_ConfigCommutationEvent_DMA              build/stm32f1xx_hal_tim_ex.o
HAL_TIMEx_ConfigCommutationEvent_IT               build/stm32f1xx_hal_tim_ex.o
HAL_TIMEx_HallSensor_DeInit                       build/stm32f1xx_hal_tim_ex.o
HAL_TIMEx_HallSensor_GetState                     build/stm32f1xx_hal_tim_ex.o
HAL_TIMEx_HallSensor_Init                         build/stm32f1xx_hal_tim_ex.o
HAL_TIMEx_HallSensor_MspDeInit                    build/stm32f1xx_hal_tim_ex.o
HAL_TIMEx_HallSensor_MspInit                      build/stm32f1xx_hal_tim_ex.o
HAL_TIMEx_HallSensor_Start                        build/stm32f1xx_hal_tim_ex.o
HAL_TIMEx_HallSensor_Start_DMA                    build/stm32f1xx_hal_tim_ex.o
HAL_TIMEx_HallSensor_Start_IT                     build/stm32f1xx_hal_tim_ex.o
HAL_TIMEx_HallSensor_Stop                         build/stm32f1xx_hal_tim_ex.o
HAL_TIMEx_HallSensor_Stop_DMA                     build/stm32f1xx_hal_tim_ex.o
HAL_TIMEx_HallSensor_Stop_IT                      build/stm32f1xx_hal_tim_ex.o
HAL_TIMEx_MasterConfigSynchronization             build/stm32f1xx_hal_tim_ex.o
HAL_TIMEx_OCN_Start                               build/stm32f1xx_hal_tim_ex.o
HAL_TIMEx_OCN_Start_DMA                           build/stm32f1xx_hal_tim_ex.o
HAL_TIMEx_OCN_Start_IT                            build/stm32f1xx_hal_tim_ex.o
HAL_TIMEx_OCN_Stop                                build/stm32f1xx_hal_tim_ex.o
HAL_TIMEx_OCN_Stop_DMA                            build/stm32f1xx_hal_tim_ex.o
HAL_TIMEx_OCN_Stop_IT                             build/stm32f1xx_hal_tim_ex.o
HAL_TIMEx_OnePulseN_Start                         build/stm32f1xx_hal_tim_ex.o
HAL_TIMEx_OnePulseN_Start_IT                      build/stm32f1xx_hal_tim_ex.o
HAL_TIMEx_OnePulseN_Stop                          build/stm32f1xx_hal_tim_ex.o
HAL_TIMEx_OnePulseN_Stop_IT                       build/stm32f1xx_hal_tim_ex.o
HAL_TIMEx_PWMN_Start                              build/stm32f1xx_hal_tim_ex.o
HAL_TIMEx_PWMN_Start_DMA                          build/stm32f1xx_hal_tim_ex.o
HAL_TIMEx_PWMN_Start_IT                           build/stm32f1xx_hal_tim_ex.o
HAL_TIMEx_PWMN_Stop                               build/stm32f1xx_hal_tim_ex.o
HAL_TIMEx_PWMN_Stop_DMA                           build/stm32f1xx_hal_tim_ex.o
HAL_TIMEx_PWMN_Stop_IT                            build/stm32f1xx_hal_tim_ex.o
HAL_TIM_Base_DeInit                               build/stm32f1xx_hal_tim.o
HAL_TIM_Base_GetState                             build/stm32f1xx_hal_tim.o
HAL_TIM_Base_Init                                 build/stm32f1xx_hal_tim.o
                                                  build/stm32f1xx_hal_timebase_TIM.o
HAL_TIM_Base_MspDeInit                            build/stm32f1xx_hal_tim.o
HAL_TIM_Base_MspInit                              build/stm32f1xx_hal_tim.o
HAL_TIM_Base_Start                                build/stm32f1xx_hal_tim.o
HAL_TIM_Base_Start_DMA                            build/stm32f1xx_hal_tim.o
HAL_TIM_Base_Start_IT                             build/stm32f1xx_hal_tim.o
                                                  build/stm32f1xx_hal_timebase_TIM.o
HAL_TIM_Base_Stop                                 build/stm32f1xx_hal_tim.o
HAL_TIM_Base_Stop_DMA                             build/stm32f1xx_hal_tim.o
HAL_TIM_Base_Stop_IT                              build/stm32f1xx_hal_tim.o
HAL_TIM_ConfigClockSource                         build/stm32f1xx_hal_tim.o
HAL_TIM_ConfigOCrefClear                          build/stm32f1xx_hal_tim.o
HAL_TIM_ConfigTI1Input                            build/stm32f1xx_hal_tim.o
HAL_TIM_DMABurst_ReadStart                        build/stm32f1xx_hal_tim.o
HAL_TIM_DMABurst_ReadStop                         build/stm32f1xx_hal_tim.o
HAL_TIM_DMABurst_WriteStart                       build/stm32f1xx_hal_tim.o
HAL_TIM_DMABurst_WriteStop                        build/stm32f1xx_hal_tim.o
HAL_TIM_Encoder_DeInit                            build/stm32f1xx_hal_tim.o
HAL_TIM_Encoder_GetState                          build/stm32f1xx_hal_tim.o
HAL_TIM_Encoder_Init                              build/stm32f1xx_hal_tim.o
HAL_TIM_Encoder_MspDeInit                         build/stm32f1xx_hal_tim.o
HAL_TIM_Encoder_MspInit                           build/stm32f1xx_hal_tim.o
HAL_TIM_Encoder_Start                             build/stm32f1xx_hal_tim.o
HAL_TIM_Encoder_Start_DMA                         build/stm32f1xx_hal_tim.o
HAL_TIM_Encoder_Start_IT                          build/stm32f1xx_hal_tim.o
HAL_TIM_Encoder_Stop                              build/stm32f1xx_hal_tim.o
HAL_TIM_Encoder_Stop_DMA                          build/stm32f1xx_hal_tim.o
HAL_TIM_Encoder_Stop_IT                           build/stm32f1xx_hal_tim.o
HAL_TIM_ErrorCallback                             build/stm32f1xx_hal_tim.o
HAL_TIM_GenerateEvent                             build/stm32f1xx_hal_tim.o
HAL_TIM_IC_CaptureCallback                        build/stm32f1xx_hal_tim.o
HAL_TIM_IC_ConfigChannel                          build/stm32f1xx_hal_tim.o
HAL_TIM_IC_DeInit                                 build/stm32f1xx_hal_tim.o
HAL_TIM_IC_GetState                               build/stm32f1xx_hal_tim.o
HAL_TIM_IC_Init                                   build/stm32f1xx_hal_tim.o
HAL_TIM_IC_MspDeInit                              build/stm32f1xx_hal_tim.o
HAL_TIM_IC_MspInit                                build/stm32f1xx_hal_tim.o
HAL_TIM_IC_Start                                  build/stm32f1xx_hal_tim.o
HAL_TIM_IC_Start_DMA                              build/stm32f1xx_hal_tim.o
HAL_TIM_IC_Start_IT                               build/stm32f1xx_hal_tim.o
HAL_TIM_IC_Stop                                   build/stm32f1xx_hal_tim.o
HAL_TIM_IC_Stop_DMA                               build/stm32f1xx_hal_tim.o
HAL_TIM_IC_Stop_IT                                build/stm32f1xx_hal_tim.o
HAL_TIM_IRQHandler                                build/stm32f1xx_hal_tim.o
                                                  build/stm32f1xx_it.o
HAL_TIM_OC_ConfigChannel                          build/stm32f1xx_hal_tim.o
HAL_TIM_OC_DeInit                                 build/stm32f1xx_hal_tim.o
HAL_TIM_OC_DelayElapsedCallback                   build/stm32f1xx_hal_tim.o
HAL_TIM_OC_GetState                               build/stm32f1xx_hal_tim.o
HAL_TIM_OC_Init                                   build/stm32f1xx_hal_tim.o
HAL_TIM_OC_MspDeInit                              build/stm32f1xx_hal_tim.o
HAL_TIM_OC_MspInit                                build/stm32f1xx_hal_tim.o
HAL_TIM_OC_Start                                  build/stm32f1xx_hal_tim.o
HAL_TIM_OC_Start_DMA                              build/stm32f1xx_hal_tim.o
HAL_TIM_OC_Start_IT                               build/stm32f1xx_hal_tim.o
HAL_TIM_OC_Stop                                   build/stm32f1xx_hal_tim.o
HAL_TIM_OC_Stop_DMA                               build/stm32f1xx_hal_tim.o
HAL_TIM_OC_Stop_IT                                build/stm32f1xx_hal_tim.o
HAL_TIM_OnePulse_ConfigChannel                    build/stm32f1xx_hal_tim.o
HAL_TIM_OnePulse_DeInit                           build/stm32f1xx_hal_tim.o
HAL_TIM_OnePulse_GetState                         build/stm32f1xx_hal_tim.o
HAL_TIM_OnePulse_Init                             build/stm32f1xx_hal_tim.o
HAL_TIM_OnePulse_MspDeInit                        build/stm32f1xx_hal_tim.o
HAL_TIM_OnePulse_MspInit                          build/stm32f1xx_hal_tim.o
HAL_TIM_OnePulse_Start                            build/stm32f1xx_hal_tim.o
HAL_TIM_OnePulse_Start_IT                         build/stm32f1xx_hal_tim.o
HAL_TIM_OnePulse_Stop                             build/stm32f1xx_hal_tim.o
HAL_TIM_OnePulse_Stop_IT                          build/stm32f1xx_hal_tim.o
HAL_TIM_PWM_ConfigChannel                         build/stm32f1xx_hal_tim.o
HAL_TIM_PWM_DeInit                                build/stm32f1xx_hal_tim.o
HAL_TIM_PWM_GetState                              build/stm32f1xx_hal_tim.o
HAL_TIM_PWM_Init                                  build/stm32f1xx_hal_tim.o
HAL_TIM_PWM_MspDeInit                             build/stm32f1xx_hal_tim.o
HAL_TIM_PWM_MspInit                               build/stm32f1xx_hal_tim.o
HAL_TIM_PWM_PulseFinishedCallback                 build/stm32f1xx_hal_tim.o
HAL_TIM_PWM_Start                                 build/stm32f1xx_hal_tim.o
HAL_TIM_PWM_Start_DMA                             build/stm32f1xx_hal_tim.o
HAL_TIM_PWM_Start_IT                              build/stm32f1xx_hal_tim.o
HAL_TIM_PWM_Stop                                  build/stm32f1xx_hal_tim.o
HAL_TIM_PWM_Stop_DMA                              build/stm32f1xx_hal_tim.o
HAL_TIM_PWM_Stop_IT                               build/stm32f1xx_hal_tim.o
HAL_TIM_PeriodElapsedCallback                     build/main.o
HAL_TIM_ReadCapturedValue                         build/stm32f1xx_hal_tim.o
HAL_TIM_SlaveConfigSynchronization                build/stm32f1xx_hal_tim.o
HAL_TIM_SlaveConfigSynchronization_IT             build/stm32f1xx_hal_tim.o
HAL_TIM_TriggerCallback                           build/stm32f1xx_hal_tim.o
HAL_UART_Abort                                    build/stm32f1xx_hal_uart.o
HAL_UART_AbortCpltCallback                        build/stm32f1xx_hal_uart.o
HAL_UART_AbortReceive                             build/stm32f1xx_hal_uart.o
HAL_UART_AbortReceiveCpltCallback                 build/stm32f1xx_hal_uart.o
HAL_UART_AbortReceive_IT                          build/stm32f1xx_hal_uart.o
HAL_UART_AbortTransmit                            build/stm32f1xx_hal_uart.o
HAL_UART_AbortTransmitCpltCallback                build/stm32f1xx_hal_uart.o
HAL_UART_AbortTransmit_IT                         build/stm32f1xx_hal_uart.o
HAL_UART_Abort_IT                                 build/stm32f1xx_hal_uart.o
HAL_UART_DMAPause                                 build/stm32f1xx_hal_uart.o
HAL_UART_DMAResume                                build/stm32f1xx_hal_uart.o
HAL_UART_DMAStop                                  build/stm32f1xx_hal_uart.o
HAL_UART_DeInit                                   build/stm32f1xx_hal_uart.o
HAL_UART_ErrorCallback                            build/stm32f1xx_hal_uart.o
HAL_UART_GetError                                 build/stm32f1xx_hal_uart.o
HAL_UART_GetState                                 build/stm32f1xx_hal_uart.o
HAL_UART_IRQHandler                               build/stm32f1xx_hal_uart.o
HAL_UART_Init                                     build/stm32f1xx_hal_uart.o
                                                  build/usart.o
HAL_UART_MspDeInit                                build/usart.o
HAL_UART_MspInit                                  build/usart.o
HAL_UART_Receive                                  build/stm32f1xx_hal_uart.o
HAL_UART_Receive_DMA                              build/stm32f1xx_hal_uart.o
HAL_UART_Receive_IT                               build/stm32f1xx_hal_uart.o
HAL_UART_RxCpltCallback                           build/stm32f1xx_hal_uart.o
HAL_UART_RxHalfCpltCallback                       build/stm32f1xx_hal_uart.o
HAL_UART_Transmit                                 build/stm32f1xx_hal_uart.o
HAL_UART_Transmit_DMA                             build/stm32f1xx_hal_uart.o
HAL_UART_Transmit_IT                              build/stm32f1xx_hal_uart.o
HAL_UART_TxCpltCallback                           build/stm32f1xx_hal_uart.o
HAL_UART_TxHalfCpltCallback                       build/stm32f1xx_hal_uart.o
HardFault_Handler                                 build/stm32f1xx_it.o
I2C1_ER_IRQHandler                                build/startup_stm32f103xe.o
I2C1_EV_IRQHandler                                build/startup_stm32f103xe.o
I2C2_ER_IRQHandler                                build/startup_stm32f103xe.o
I2C2_EV_IRQHandler                                build/startup_stm32f103xe.o
MX_FREERTOS_Init                                  build/freertos.o
                                                  build/main.o
MX_GPIO_Init                                      build/gpio.o
                                                  build/main.o
MX_GPIO_Toggle                                    build/gpio.o
                                                  build/freertos.o
MX_SDIO_SD_Init                                   build/sdio.o
                                                  build/main.o
MX_SPI1_Init                                      build/spi.o
                                                  build/main.o
MX_USART1_UART_Init                               build/usart.o
                                                  build/main.o
MemManage_Handler                                 build/stm32f1xx_it.o
NMI_Handler                                       build/stm32f1xx_it.o
PVD_IRQHandler                                    build/startup_stm32f103xe.o
PendSV_Handler                                    build/port.o
RCC_IRQHandler                                    build/startup_stm32f103xe.o
RTC_Alarm_IRQHandler                              build/startup_stm32f103xe.o
RTC_IRQHandler                                    build/startup_stm32f103xe.o
Reset_Handler                                     build/startup_stm32f103xe.o
SDIO_ConfigData                                   build/stm32f1xx_ll_sdmmc.o
                                                  build/stm32f1xx_hal_sd.o
SDIO_GetCommandResponse                           build/stm32f1xx_ll_sdmmc.o
SDIO_GetDataCounter                               build/stm32f1xx_ll_sdmmc.o
SDIO_GetFIFOCount                                 build/stm32f1xx_ll_sdmmc.o
SDIO_GetPowerState                                build/stm32f1xx_ll_sdmmc.o
                                                  build/stm32f1xx_hal_sd.o
SDIO_GetResponse                                  build/stm32f1xx_ll_sdmmc.o
                                                  build/stm32f1xx_hal_sd.o
SDIO_IRQHandler                                   build/startup_stm32f103xe.o
SDIO_Init                                         build/stm32f1xx_ll_sdmmc.o
                                                  build/stm32f1xx_hal_sd.o