Archive member included to satisfy reference by file (symbol)

/usr/lib/gcc/arm-none-eabi/4.9.3/../../../arm-none-eabi/lib/armv7-m/libc_nano.a(lib_a-atexit.o)
                              /usr/lib/gcc/arm-none-eabi/4.9.3/../../../arm-none-eabi/lib/armv7-m/crt0.o (atexit)
/usr/lib/gcc/arm-none-eabi/4.9.3/../../../arm-none-eabi/lib/armv7-m/libc_nano.a(lib_a-exit.o)
                              /usr/lib/gcc/arm-none-eabi/4.9.3/../../../arm-none-eabi/lib/armv7-m/crt0.o (exit)
/usr/lib/gcc/arm-none-eabi/4.9.3/../../../arm-none-eabi/lib/armv7-m/libc_nano.a(lib_a-fini.o)
                              /usr/lib/gcc/arm-none-eabi/4.9.3/../../../arm-none-eabi/lib/armv7-m/crt0.o (__libc_fini_array)
/usr/lib/gcc/arm-none-eabi/4.9.3/../../../arm-none-eabi/lib/armv7-m/libc_nano.a(lib_a-impure.o)
                              /usr/lib/gcc/arm-none-eabi/4.9.3/../../../arm-none-eabi/lib/armv7-m/libc_nano.a(lib_a-exit.o) (_global_impure_ptr)
/usr/lib/gcc/arm-none-eabi/4.9.3/../../../arm-none-eabi/lib/armv7-m/libc_nano.a(lib_a-init.o)
                              /usr/lib/gcc/arm-none-eabi/4.9.3/../../../arm-none-eabi/lib/armv7-m/crt0.o (__libc_init_array)
/usr/lib/gcc/arm-none-eabi/4.9.3/../../../arm-none-eabi/lib/armv7-m/libc_nano.a(lib_a-memcpy.o)
                              build/queue.o (memcpy)
/usr/lib/gcc/arm-none-eabi/4.9.3/../../../arm-none-eabi/lib/armv7-m/libc_nano.a(lib_a-memset.o)
                              /usr/lib/gcc/arm-none-eabi/4.9.3/../../../arm-none-eabi/lib/armv7-m/crt0.o (memset)
/usr/lib/gcc/arm-none-eabi/4.9.3/../../../arm-none-eabi/lib/armv7-m/libc_nano.a(lib_a-__atexit.o)
                              /usr/lib/gcc/arm-none-eabi/4.9.3/../../../arm-none-eabi/lib/armv7-m/libc_nano.a(lib_a-atexit.o) (__register_exitproc)
/usr/lib/gcc/arm-none-eabi/4.9.3/../../../arm-none-eabi/lib/armv7-m/libc_nano.a(lib_a-__call_atexit.o)
                              /usr/lib/gcc/arm-none-eabi/4.9.3/../../../arm-none-eabi/lib/armv7-m/libc_nano.a(lib_a-__atexit.o) (__call_exitprocs)
/usr/lib/gcc/arm-none-eabi/4.9.3/../../../arm-none-eabi/lib/armv7-m/libnosys.a(_exit.o)
                              /usr/lib/gcc/arm-none-eabi/4.9.3/../../../arm-none-eabi/lib/armv7-m/libc_nano.a(lib_a-exit.o) (_exit)

Allocating common symbols
Common symbol       size              file

defaultTaskHandle   0x4               build/freertos.o
uwTick              0x4               build/stm32f1xx_hal.o
xQueueRegistry      0x40              build/queue.o
pFlash              0x20              build/stm32f1xx_hal_flash.o
huart1              0x40              build/usart.o
htim1               0x40              build/stm32f1xx_hal_timebase_TIM.o
hsd                 0x84              build/sdio.o
hspi1               0x58              build/spi.o

Discarded input sections

 .text          0x0000000000000000        0x0 /usr/lib/gcc/arm-none-eabi/4.9.3/armv7-m/crti.o
 .data          0x0000000000000000        0x0 /usr/lib/gcc/arm-none-eabi/4.9.3/armv7-m/crti.o
 .bss           0x0000000000000000        0x0 /usr/lib/gcc/arm-none-eabi/4.9.3/armv7-m/crti.o
 .data          0x0000000000000000        0x4 /usr/lib/gcc/arm-none-eabi/4.9.3/armv7-m/crtbegin.o
 .text          0x0000000000000000       0x68 /usr/lib/gcc/arm-none-eabi/4.9.3/../../../arm-none-eabi/lib/armv7-m/crt0.o
 .data          0x0000000000000000        0x0 /usr/lib/gcc/arm-none-eabi/4.9.3/../../../arm-none-eabi/lib/armv7-m/crt0.o
 .bss           0x0000000000000000        0x0 /usr/lib/gcc/arm-none-eabi/4.9.3/../../../arm-none-eabi/lib/armv7-m/crt0.o
 .ARM.extab     0x0000000000000000        0x0 /usr/lib/gcc/arm-none-eabi/4.9.3/../../../arm-none-eabi/lib/armv7-m/crt0.o
 .ARM.exidx     0x0000000000000000        0x8 /usr/lib/gcc/arm-none-eabi/4.9.3/../../../arm-none-eabi/lib/armv7-m/crt0.o
 .debug_line    0x0000000000000000       0x7b /usr/lib/gcc/arm-none-eabi/4.9.3/../../../arm-none-eabi/lib/armv7-m/crt0.o
 .debug_info    0x0000000000000000       0xa8 /usr/lib/gcc/arm-none-eabi/4.9.3/../../../arm-none-eabi/lib/armv7-m/crt0.o
 .debug_abbrev  0x0000000000000000       0x14 /usr/lib/gcc/arm-none-eabi/4.9.3/../../../arm-none-eabi/lib/armv7-m/crt0.o
 .debug_aranges
                0x0000000000000000       0x20 /usr/lib/gcc/arm-none-eabi/4.9.3/../../../arm-none-eabi/lib/armv7-m/crt0.o
 .ARM.attributes
                0x0000000000000000       0x1b /usr/lib/gcc/arm-none-eabi/4.9.3/../../../arm-none-eabi/lib/armv7-m/crt0.o
 .text          0x0000000000000000        0x0 build/main.o
 .data          0x0000000000000000        0x0 build/main.o
 .bss           0x0000000000000000        0x0 build/main.o
 .text          0x0000000000000000        0x0 build/gpio.o
 .data          0x0000000000000000        0x0 build/gpio.o
 .bss           0x0000000000000000        0x0 build/gpio.o
 .text          0x0000000000000000        0x0 build/freertos.o
 .data          0x0000000000000000        0x0 build/freertos.o
 .bss           0x0000000000000000        0x0 build/freertos.o
[...]
Memory Configuration

Name             Origin             Length             Attributes
RAM              0x0000000020000000 0x0000000000010000 xrw
FLASH            0x0000000008004000 0x000000000007c000 xr
*default*        0x0000000000000000 0xffffffffffffffff

Linker script and memory map

LOAD /usr/lib/gcc/arm-none-eabi/4.9.3/armv7-m/crti.o
LOAD /usr/lib/gcc/arm-none-eabi/4.9.3/armv7-m/crtbegin.o
LOAD /usr/lib/gcc/arm-none-eabi/4.9.3/../../../arm-none-eabi/lib/armv7-m/crt0.o
LOAD build/main.o
LOAD build/gpio.o
LOAD build/freertos.o
LOAD build/sdio.o
LOAD build/spi.o
LOAD build/usart.o
LOAD build/stm32f1xx_it.o
LOAD build/stm32f1xx_hal_msp.o
LOAD build/stm32f1xx_hal_timebase_TIM.o
LOAD build/stm32f1xx_hal_gpio_ex.o
LOAD build/stm32f1xx_ll_sdmmc.o
LOAD build/stm32f1xx_hal_sd.o
LOAD build/stm32f1xx_hal_spi.o
LOAD build/stm32f1xx_hal_spi_ex.o
LOAD build/stm32f1xx_hal_tim.o
LOAD build/stm32f1xx_hal_tim_ex.o
LOAD build/stm32f1xx_hal_uart.o
LOAD build/stm32f1xx_hal.o
LOAD build/stm32f1xx_hal_rcc.o
LOAD build/stm32f1xx_hal_rcc_ex.o
LOAD build/stm32f1xx_hal_gpio.o
LOAD build/stm32f1xx_hal_dma.o
LOAD build/stm32f1xx_hal_cortex.o
LOAD build/stm32f1xx_hal_pwr.o
LOAD build/stm32f1xx_hal_flash.o
LOAD build/stm32f1xx_hal_flash_ex.o
LOAD build/system_stm32f1xx.o
LOAD build/heap_4.o
LOAD build/port.o
LOAD build/croutine.o
LOAD build/event_groups.o
LOAD build/list.o
LOAD build/queue.o
LOAD build/tasks.o
LOAD build/timers.o
LOAD build/cmsis_os.o
LOAD build/startup_stm32f103xe.o
LOAD /usr/lib/gcc/arm-none-eabi/4.9.3/../../../arm-none-eabi/lib/armv7-m/libc_nano.a
LOAD /usr/lib/gcc/arm-none-eabi/4.9.3/../../../arm-none-eabi/lib/armv7-m/libm.a
LOAD /usr/lib/gcc/arm-none-eabi/4.9.3/../../../arm-none-eabi/lib/armv7-m/libnosys.a
START GROUP
LOAD /usr/lib/gcc/arm-none-eabi/4.9.3/armv7-m/libgcc.a
LOAD /usr/lib/gcc/arm-none-eabi/4.9.3/../../../arm-none-eabi/lib/armv7-m/libc_nano.a
END GROUP
START GROUP
LOAD /usr/lib/gcc/arm-none-eabi/4.9.3/armv7-m/libgcc.a
LOAD /usr/lib/gcc/arm-none-eabi/4.9.3/../../../arm-none-eabi/lib/armv7-m/libc_nano.a
END GROUP
LOAD /usr/lib/gcc/arm-none-eabi/4.9.3/armv7-m/crtend.o
LOAD /usr/lib/gcc/arm-none-eabi/4.9.3/armv7-m/crtn.o
                0x0000000020010000                _estack = 0x20010000
                0x0000000000000200                _Min_Heap_Size = 0x200
                0x0000000000000400                _Min_Stack_Size = 0x400

.isr_vector     0x0000000008004000      0x1e4
                0x0000000008004000                . = ALIGN (0x4)
 *(.isr_vector)
 .isr_vector    0x0000000008004000      0x1e4 build/startup_stm32f103xe.o
                0x0000000008004000                g_pfnVectors
                0x00000000080041e4                . = ALIGN (0x4)

.text           0x00000000080041f0     0x2f48
                0x00000000080041f0                . = ALIGN (0x4)
 *(.text)
 .text          0x00000000080041f0       0xa4 /usr/lib/gcc/arm-none-eabi/4.9.3/armv7-m/crtbegin.o
 *(.text*)
 .text.HAL_TIM_PeriodElapsedCallback
                0x0000000008004294       0x14 build/main.o
                0x0000000008004294                HAL_TIM_PeriodElapsedCallback
 .text._Error_Handler
                0x00000000080042a8        0x4 build/main.o
                0x00000000080042a8                _Error_Handler
 .text.SystemClock_Config
                0x00000000080042ac       0x84 build/main.o
                0x00000000080042ac                SystemClock_Config
 .text.main     0x0000000008004330       0x24 build/main.o
                0x0000000008004330                main
 .text.MX_GPIO_Init
                0x0000000008004354      0x104 build/gpio.o
                0x0000000008004354                MX_GPIO_Init
 .text.MX_GPIO_Toggle
                0x0000000008004458       0x10 build/gpio.o
                0x0000000008004458                MX_GPIO_Toggle
 .text.StartDefaultTask
                0x0000000008004468       0x10 build/freertos.o
                0x0000000008004468                StartDefaultTask
 .text.MX_FREERTOS_Init
                0x0000000008004478       0x28 build/freertos.o
                0x0000000008004478                MX_FREERTOS_Init
 .text.MX_SDIO_SD_Init
                0x00000000080044a0       0x48 build/sdio.o
                0x00000000080044a0                MX_SDIO_SD_Init
 .text.HAL_SD_MspInit
                0x00000000080044e8       0x5c build/sdio.o
                0x00000000080044e8                HAL_SD_MspInit
 .text.MX_SPI1_Init
                0x0000000008004544       0x48 build/spi.o
                0x0000000008004544                MX_SPI1_Init
 .text.HAL_SPI_MspInit
                0x000000000800458c       0x58 build/spi.o
                0x000000000800458c                HAL_SPI_MspInit
 .text.MX_USART1_UART_Init
                0x00000000080045e4       0x3c build/usart.o
                0x00000000080045e4                MX_USART1_UART_Init
 .text.HAL_UART_MspInit
                0x0000000008004620       0x5c build/usart.o
                0x0000000008004620                HAL_UART_MspInit
 .text.NMI_Handler
                0x000000000800467c        0x4 build/stm32f1xx_it.o
                0x000000000800467c                NMI_Handler
 .text.HardFault_Handler
                0x0000000008004680        0x4 build/stm32f1xx_it.o
                0x0000000008004680                HardFault_Handler
 .text.MemManage_Handler
                0x0000000008004684        0x4 build/stm32f1xx_it.o
                0x0000000008004684                MemManage_Handler
 .text.BusFault_Handler
                0x0000000008004688        0x4 build/stm32f1xx_it.o
                0x0000000008004688                BusFault_Handler
 .text.UsageFault_Handler
                0x000000000800468c        0x4 build/stm32f1xx_it.o
                0x000000000800468c                UsageFault_Handler
 .text.DebugMon_Handler
                0x0000000008004690        0x4 build/stm32f1xx_it.o
                0x0000000008004690                DebugMon_Handler
 .text.SysTick_Handler
                0x0000000008004694        0x8 build/stm32f1xx_it.o
                0x0000000008004694                SysTick_Handler
 .text.TIM1_UP_IRQHandler
                0x000000000800469c       0x10 build/stm32f1xx_it.o
                0x000000000800469c                TIM1_UP_IRQHandler
 .text.HAL_MspInit
                0x00000000080046ac       0xa0 build/stm32f1xx_hal_msp.o
                0x00000000080046ac                HAL_MspInit
 .text.HAL_InitTick
                0x000000000800474c       0x78 build/stm32f1xx_hal_timebase_TIM.o
                0x000000000800474c                HAL_InitTick
 .text.SDMMC_GetCmdError
                0x00000000080047c4       0x3c build/stm32f1xx_ll_sdmmc.o
 .text.SDMMC_GetCmdResp2
                0x0000000008004800       0x5c build/stm32f1xx_ll_sdmmc.o
 .text.SDMMC_GetCmdResp3
                0x000000000800485c       0x50 build/stm32f1xx_ll_sdmmc.o
 .text.SDMMC_GetCmdResp7
                0x00000000080048ac       0x54 build/stm32f1xx_ll_sdmmc.o
 .text.SDIO_Init
                0x0000000008004900       0x38 build/stm32f1xx_ll_sdmmc.o
                0x0000000008004900                SDIO_Init
 .text.SDIO_ReadFIFO
                0x0000000008004938        0x8 build/stm32f1xx_ll_sdmmc.o
                0x0000000008004938                SDIO_ReadFIFO
 .text.SDIO_PowerState_ON
                0x0000000008004940        0x8 build/stm32f1xx_ll_sdmmc.o
                0x0000000008004940                SDIO_PowerState_ON
 .text.SDIO_GetPowerState
                0x0000000008004948        0x8 build/stm32f1xx_ll_sdmmc.o
                0x0000000008004948                SDIO_GetPowerState
 .text.SDIO_SendCommand
                0x0000000008004950       0x28 build/stm32f1xx_ll_sdmmc.o
                0x0000000008004950                SDIO_SendCommand
 .text.SDIO_GetCommandResponse
                0x0000000008004978        0x8 build/stm32f1xx_ll_sdmmc.o
                0x0000000008004978                SDIO_GetCommandResponse
 .text.SDIO_GetResponse
                0x0000000008004980       0x14 build/stm32f1xx_ll_sdmmc.o
                0x0000000008004980                SDIO_GetResponse
 .text.SDMMC_GetCmdResp1
                0x0000000008004994      0x154 build/stm32f1xx_ll_sdmmc.o
 .text.SDMMC_GetCmdResp6
                0x0000000008004ae8       0xa0 build/stm32f1xx_ll_sdmmc.o
 .text.SDIO_ConfigData
                0x0000000008004b88       0x24 build/stm32f1xx_ll_sdmmc.o
                0x0000000008004b88                SDIO_ConfigData
 .text.SDMMC_CmdBlockLength
                0x0000000008004bac       0x30 build/stm32f1xx_ll_sdmmc.o
                0x0000000008004bac                SDMMC_CmdBlockLength
 .text.SDMMC_CmdSelDesel
                0x0000000008004bdc       0x30 build/stm32f1xx_ll_sdmmc.o
                0x0000000008004bdc                SDMMC_CmdSelDesel
 .text.SDMMC_CmdGoIdleState
                0x0000000008004c0c       0x28 build/stm32f1xx_ll_sdmmc.o
                0x0000000008004c0c                SDMMC_CmdGoIdleState
 .text.SDMMC_CmdOperCond
                0x0000000008004c34       0x30 build/stm32f1xx_ll_sdmmc.o
                0x0000000008004c34                SDMMC_CmdOperCond
 .text.SDMMC_CmdAppCommand
                0x0000000008004c64       0x30 build/stm32f1xx_ll_sdmmc.o
                0x0000000008004c64                SDMMC_CmdAppCommand
 .text.SDMMC_CmdAppOperCommand
                0x0000000008004c94       0x34 build/stm32f1xx_ll_sdmmc.o
                0x0000000008004c94                SDMMC_CmdAppOperCommand
 .text.SDMMC_CmdBusWidth
                0x0000000008004cc8       0x30 build/stm32f1xx_ll_sdmmc.o
                0x0000000008004cc8                SDMMC_CmdBusWidth
 .text.SDMMC_CmdSendSCR
                0x0000000008004cf8       0x30 build/stm32f1xx_ll_sdmmc.o
                0x0000000008004cf8                SDMMC_CmdSendSCR
 .text.SDMMC_CmdSendCID
                0x0000000008004d28       0x2c build/stm32f1xx_ll_sdmmc.o
                0x0000000008004d28                SDMMC_CmdSendCID
 .text.SDMMC_CmdSendCSD
                0x0000000008004d54       0x2c build/stm32f1xx_ll_sdmmc.o
                0x0000000008004d54                SDMMC_CmdSendCSD
 .text.SDMMC_CmdSetRelAdd
                0x0000000008004d80       0x30 build/stm32f1xx_ll_sdmmc.o
                0x0000000008004d80                SDMMC_CmdSetRelAdd
 .text.SD_PowerON
                0x0000000008004db0       0xd4 build/stm32f1xx_hal_sd.o
 .text.SD_FindSCR
                0x0000000008004e84      0x104 build/stm32f1xx_hal_sd.o
 .text.SD_WideBus_Enable
                0x0000000008004f88       0x60 build/stm32f1xx_hal_sd.o
 .text.SD_WideBus_Disable
                0x0000000008004fe8       0x60 build/stm32f1xx_hal_sd.o
 .text.HAL_SD_GetCardCSD
                0x0000000008005048      0x1e4 build/stm32f1xx_hal_sd.o
                0x0000000008005048                HAL_SD_GetCardCSD
 .text.SD_InitCard
                0x000000000800522c       0xf4 build/stm32f1xx_hal_sd.o
 .text.HAL_SD_InitCard
                0x0000000008005320       0x78 build/stm32f1xx_hal_sd.o
                0x0000000008005320                HAL_SD_InitCard
 .text.HAL_SD_Init
                0x0000000008005398       0x38 build/stm32f1xx_hal_sd.o
                0x0000000008005398                HAL_SD_Init
 .text.HAL_SD_ConfigWideBusOperation
                0x00000000080053d0       0xa0 build/stm32f1xx_hal_sd.o
                0x00000000080053d0                HAL_SD_ConfigWideBusOperation
 .text.HAL_SPI_Init
                0x0000000008005470       0x84 build/stm32f1xx_hal_spi_ex.o
                0x0000000008005470                HAL_SPI_Init
 .text.HAL_TIM_Base_MspInit
                0x00000000080054f4        0x4 build/stm32f1xx_hal_tim.o
                0x00000000080054f4                HAL_TIM_Base_MspInit
 .text.HAL_TIM_Base_Start_IT
                0x00000000080054f8       0x18 build/stm32f1xx_hal_tim.o
                0x00000000080054f8                HAL_TIM_Base_Start_IT
 .text.HAL_TIM_OC_DelayElapsedCallback
                0x0000000008005510        0x4 build/stm32f1xx_hal_tim.o
                0x0000000008005510                HAL_TIM_OC_DelayElapsedCallback
 .text.HAL_TIM_IC_CaptureCallback
                0x0000000008005514        0x4 build/stm32f1xx_hal_tim.o
                0x0000000008005514                HAL_TIM_IC_CaptureCallback
 .text.HAL_TIM_PWM_PulseFinishedCallback
                0x0000000008005518        0x4 build/stm32f1xx_hal_tim.o
                0x0000000008005518                HAL_TIM_PWM_PulseFinishedCallback
 .text.HAL_TIM_TriggerCallback
                0x000000000800551c        0x4 build/stm32f1xx_hal_tim.o
                0x000000000800551c                HAL_TIM_TriggerCallback
 .text.HAL_TIM_IRQHandler
                0x0000000008005520      0x174 build/stm32f1xx_hal_tim.o
                0x0000000008005520                HAL_TIM_IRQHandler
 .text.TIM_Base_SetConfig
                0x0000000008005694       0x98 build/stm32f1xx_hal_tim.o
                0x0000000008005694                TIM_Base_SetConfig
 .text.HAL_TIM_Base_Init
                0x000000000800572c       0x38 build/stm32f1xx_hal_tim.o
                0x000000000800572c                HAL_TIM_Base_Init
 .text.HAL_TIMEx_CommutationCallback
                0x0000000008005764        0x4 build/stm32f1xx_hal_tim_ex.o
                0x0000000008005764                HAL_TIMEx_CommutationCallback
 .text.HAL_TIMEx_BreakCallback
                0x0000000008005768        0x4 build/stm32f1xx_hal_tim_ex.o
                0x0000000008005768                HAL_TIMEx_BreakCallback
 .text.UART_SetConfig
                0x000000000800576c      0x1bc build/stm32f1xx_hal_uart.o
 .text.HAL_UART_Init
                0x0000000008005928       0x64 build/stm32f1xx_hal_uart.o
                0x0000000008005928                HAL_UART_Init
 .text.HAL_Init
                0x000000000800598c       0x24 build/stm32f1xx_hal.o
                0x000000000800598c                HAL_Init
 .text.HAL_IncTick
                0x00000000080059b0       0x18 build/stm32f1xx_hal.o
                0x00000000080059b0                HAL_IncTick
 .text.HAL_GetTick
                0x00000000080059c8        0xc build/stm32f1xx_hal.o
                0x00000000080059c8                HAL_GetTick
 .text.HAL_Delay
                0x00000000080059d4       0x28 build/stm32f1xx_hal.o
                0x00000000080059d4                HAL_Delay
 .text.RCC_Delay
                0x00000000080059fc       0x2c build/stm32f1xx_hal_rcc.o
 .text.HAL_RCC_OscConfig
                0x0000000008005a28      0x400 build/stm32f1xx_hal_rcc.o
                0x0000000008005a28                HAL_RCC_OscConfig
 .text.HAL_RCC_GetSysClockFreq
                0x0000000008005e28       0x70 build/stm32f1xx_hal_rcc.o
                0x0000000008005e28                HAL_RCC_GetSysClockFreq
 .text.HAL_RCC_ClockConfig
                0x0000000008005e98      0x184 build/stm32f1xx_hal_rcc.o
                0x0000000008005e98                HAL_RCC_ClockConfig
 .text.HAL_RCC_GetHCLKFreq
                0x000000000800601c        0xc build/stm32f1xx_hal_rcc.o
                0x000000000800601c                HAL_RCC_GetHCLKFreq
 .text.HAL_RCC_GetPCLK1Freq
                0x0000000008006028       0x20 build/stm32f1xx_hal_rcc.o
                0x0000000008006028                HAL_RCC_GetPCLK1Freq
 .text.HAL_RCC_GetPCLK2Freq
                0x0000000008006048       0x20 build/stm32f1xx_hal_rcc.o
                0x0000000008006048                HAL_RCC_GetPCLK2Freq
 .text.HAL_RCC_GetClockConfig
                0x0000000008006068       0x3c build/stm32f1xx_hal_rcc.o
                0x0000000008006068                HAL_RCC_GetClockConfig
 .text.HAL_GPIO_Init
                0x00000000080060a4      0x1f4 build/stm32f1xx_hal_gpio.o
                0x00000000080060a4                HAL_GPIO_Init
 .text.HAL_GPIO_WritePin
                0x0000000008006298        0xc build/stm32f1xx_hal_gpio.o
                0x0000000008006298                HAL_GPIO_WritePin
 .text.HAL_GPIO_TogglePin
                0x00000000080062a4        0x8 build/stm32f1xx_hal_gpio.o
                0x00000000080062a4                HAL_GPIO_TogglePin
 .text.HAL_NVIC_SetPriorityGrouping
                0x00000000080062ac       0x24 build/stm32f1xx_hal_cortex.o
                0x00000000080062ac                HAL_NVIC_SetPriorityGrouping
 .text.HAL_NVIC_SetPriority
                0x00000000080062d0       0x64 build/stm32f1xx_hal_cortex.o
                0x00000000080062d0                HAL_NVIC_SetPriority
 .text.HAL_NVIC_EnableIRQ
                0x0000000008006334       0x18 build/stm32f1xx_hal_cortex.o
                0x0000000008006334                HAL_NVIC_EnableIRQ
 .text.HAL_SYSTICK_Config
                0x000000000800634c       0x2c build/stm32f1xx_hal_cortex.o
                0x000000000800634c                HAL_SYSTICK_Config
 .text.HAL_SYSTICK_CLKSourceConfig
                0x0000000008006378       0x20 build/stm32f1xx_hal_cortex.o
                0x0000000008006378                HAL_SYSTICK_CLKSourceConfig
 .text.SystemInit
                0x0000000008006398       0x4c build/system_stm32f1xx.o
                0x0000000008006398                SystemInit
 .text.prvHeapInit
                0x00000000080063e4       0x64 build/heap_4.o
 .text.prvInsertBlockIntoFreeList
                0x0000000008006448       0x58 build/heap_4.o
 .text.pvPortMalloc
                0x00000000080064a0       0xec build/heap_4.o
                0x00000000080064a0                pvPortMalloc
 .text.vPortFree
                0x000000000800658c       0x78 build/heap_4.o
                0x000000000800658c                vPortFree
 .text.prvTaskExitError
                0x0000000008006604       0x40 build/port.o
 .text.prvPortStartFirstTask
                0x0000000008006644       0x20 build/port.o
 .text.pxPortInitialiseStack
                0x0000000008006664       0x24 build/port.o
                0x0000000008006664                pxPortInitialiseStack
 *fill*         0x0000000008006688        0x8 
 .text.SVC_Handler
                0x0000000008006690       0x24 build/port.o
                0x0000000008006690                SVC_Handler
 .text.vPortEnterCritical
                0x00000000080066b4       0x44 build/port.o
                0x00000000080066b4                vPortEnterCritical
 .text.vPortExitCritical
                0x00000000080066f8       0x2c build/port.o
                0x00000000080066f8                vPortExitCritical
 *fill*         0x0000000008006724        0xc 
 .text.PendSV_Handler
                0x0000000008006730       0x44 build/port.o
                0x0000000008006730                PendSV_Handler
 .text.xPortSysTickHandler
                0x0000000008006774       0x2c build/port.o
                0x0000000008006774                xPortSysTickHandler
 .text.vPortSetupTimerInterrupt
                0x00000000080067a0       0x38 build/port.o
                0x00000000080067a0                vPortSetupTimerInterrupt
 .text.xPortStartScheduler
                0x00000000080067d8       0xb8 build/port.o
                0x00000000080067d8                xPortStartScheduler
 .text.vListInitialise
                0x0000000008006890       0x18 build/list.o
                0x0000000008006890                vListInitialise
 .text.vListInitialiseItem
                0x00000000080068a8        0x8 build/list.o
                0x00000000080068a8                vListInitialiseItem
 .text.vListInsertEnd
                0x00000000080068b0       0x18 build/list.o
                0x00000000080068b0                vListInsertEnd
 .text.vListInsert
                0x00000000080068c8       0x34 build/list.o
                0x00000000080068c8                vListInsert
 .text.uxListRemove
                0x00000000080068fc       0x28 build/list.o
                0x00000000080068fc                uxListRemove
 .text.prvResetNextTaskUnblockTime
                0x0000000008006924       0x2c build/tasks.o
 .text.prvDeleteTCB
                0x0000000008006950       0x14 build/tasks.o
 .text.prvInitialiseNewTask
                0x0000000008006964       0x9c build/tasks.o
 .text.prvInitialiseTaskLists
                0x0000000008006a00       0x68 build/tasks.o
 .text.prvAddNewTaskToReadyList
                0x0000000008006a68       0xa8 build/tasks.o
 .text.prvCheckTasksWaitingTermination
                0x0000000008006b10       0x44 build/tasks.o
 .text.prvIdleTask
                0x0000000008006b54       0x28 build/tasks.o
 .text.prvAddCurrentTaskToDelayedList
                0x0000000008006b7c       0x94 build/tasks.o
 .text.xTaskCreate
                0x0000000008006c10       0x64 build/tasks.o
                0x0000000008006c10                xTaskCreate
 .text.vTaskStartScheduler
                0x0000000008006c74       0x7c build/tasks.o
                0x0000000008006c74                vTaskStartScheduler
 .text.vTaskSuspendAll
                0x0000000008006cf0       0x10 build/tasks.o
                0x0000000008006cf0                vTaskSuspendAll
 .text.xTaskIncrementTick
                0x0000000008006d00      0x11c build/tasks.o
                0x0000000008006d00                xTaskIncrementTick
 .text.xTaskResumeAll
                0x0000000008006e1c       0xf8 build/tasks.o
                0x0000000008006e1c                xTaskResumeAll
 .text.vTaskDelay
                0x0000000008006f14       0x50 build/tasks.o
                0x0000000008006f14                vTaskDelay
 .text.vTaskSwitchContext
                0x0000000008006f64       0x98 build/tasks.o
                0x0000000008006f64                vTaskSwitchContext
 .text.xTaskGetSchedulerState
                0x0000000008006ffc       0x20 build/tasks.o
                0x0000000008006ffc                xTaskGetSchedulerState
 .text.makeFreeRtosPriority
                0x000000000800701c        0xc build/cmsis_os.o
 .text.osKernelStart
                0x0000000008007028        0xc build/cmsis_os.o
                0x0000000008007028                osKernelStart
 .text.osThreadCreate
                0x0000000008007034       0x34 build/cmsis_os.o
                0x0000000008007034                osThreadCreate
 .text.osDelay  0x0000000008007068       0x10 build/cmsis_os.o
                0x0000000008007068                osDelay
 .text.osSystickHandler
                0x0000000008007078       0x10 build/cmsis_os.o
                0x0000000008007078                osSystickHandler
 .text.Reset_Handler
                0x0000000008007088       0x48 build/startup_stm32f103xe.o
                0x0000000008007088                Reset_Handler
 .text.Default_Handler
                0x00000000080070d0        0x2 build/startup_stm32f103xe.o
                0x00000000080070d0                RTC_Alarm_IRQHandler
                0x00000000080070d0                EXTI2_IRQHandler
                0x00000000080070d0                TIM8_TRG_COM_IRQHandler
                0x00000000080070d0                TIM8_CC_IRQHandler
                0x00000000080070d0                TIM1_CC_IRQHandler
                0x00000000080070d0                TIM6_IRQHandler
                0x00000000080070d0                PVD_IRQHandler
                0x00000000080070d0                SDIO_IRQHandler
                0x00000000080070d0                EXTI3_IRQHandler
                0x00000000080070d0                EXTI0_IRQHandler
                0x00000000080070d0                I2C2_EV_IRQHandler
                0x00000000080070d0                ADC1_2_IRQHandler
                0x00000000080070d0                SPI1_IRQHandler
                0x00000000080070d0                TAMPER_IRQHandler
                0x00000000080070d0                TIM8_UP_IRQHandler
                0x00000000080070d0                DMA2_Channel2_IRQHandler
                0x00000000080070d0                DMA1_Channel4_IRQHandler
                0x00000000080070d0                USART3_IRQHandler
                0x00000000080070d0                RTC_IRQHandler
                0x00000000080070d0                DMA1_Channel7_IRQHandler
                0x00000000080070d0                CAN1_RX1_IRQHandler
                0x00000000080070d0                UART5_IRQHandler
                0x00000000080070d0                ADC3_IRQHandler
                0x00000000080070d0                TIM4_IRQHandler
                0x00000000080070d0                DMA2_Channel1_IRQHandler
                0x00000000080070d0                I2C1_EV_IRQHandler
                0x00000000080070d0                DMA1_Channel6_IRQHandler
                0x00000000080070d0                UART4_IRQHandler
                0x00000000080070d0                TIM3_IRQHandler
                0x00000000080070d0                RCC_IRQHandler
                0x00000000080070d0                TIM1_TRG_COM_IRQHandler
                0x00000000080070d0                DMA1_Channel1_IRQHandler
                0x00000000080070d0                Default_Handler
                0x00000000080070d0                EXTI15_10_IRQHandler
                0x00000000080070d0                TIM7_IRQHandler
                0x00000000080070d0                TIM5_IRQHandler
                0x00000000080070d0                EXTI9_5_IRQHandler
                0x00000000080070d0                SPI2_IRQHandler
                0x00000000080070d0                DMA1_Channel5_IRQHandler
                0x00000000080070d0                EXTI4_IRQHandler
                0x00000000080070d0                USB_LP_CAN1_RX0_IRQHandler
                0x00000000080070d0                USB_HP_CAN1_TX_IRQHandler
                0x00000000080070d0                DMA1_Channel3_IRQHandler
                0x00000000080070d0                FSMC_IRQHandler
                0x00000000080070d0                WWDG_IRQHandler
                0x00000000080070d0                TIM2_IRQHandler
                0x00000000080070d0                TIM1_BRK_IRQHandler
                0x00000000080070d0                EXTI1_IRQHandler
                0x00000000080070d0                DMA2_Channel4_5_IRQHandler
                0x00000000080070d0                USART2_IRQHandler
                0x00000000080070d0                I2C2_ER_IRQHandler
                0x00000000080070d0                DMA1_Channel2_IRQHandler
                0x00000000080070d0                TIM8_BRK_IRQHandler
                0x00000000080070d0                CAN1_SCE_IRQHandler
                0x00000000080070d0                FLASH_IRQHandler
                0x00000000080070d0                USART1_IRQHandler
                0x00000000080070d0                SPI3_IRQHandler
                0x00000000080070d0                I2C1_ER_IRQHandler
                0x00000000080070d0                USBWakeUp_IRQHandler
                0x00000000080070d0                DMA2_Channel3_IRQHandler
 *fill*         0x00000000080070d2        0x2 
 .text.__libc_init_array
                0x00000000080070d4       0x4c /usr/lib/gcc/arm-none-eabi/4.9.3/../../../arm-none-eabi/lib/armv7-m/libc_nano.a(lib_a-init.o)
                0x00000000080070d4                __libc_init_array
 *(.glue_7)
 .glue_7        0x0000000008007120        0x0 linker stubs
 *(.glue_7t)
 .glue_7t       0x0000000008007120        0x0 linker stubs
 *(.eh_frame)
 .eh_frame      0x0000000008007120        0x0 /usr/lib/gcc/arm-none-eabi/4.9.3/armv7-m/crtbegin.o
 *(.init)
 .init          0x0000000008007120        0x4 /usr/lib/gcc/arm-none-eabi/4.9.3/armv7-m/crti.o
                0x0000000008007120                _init
 .init          0x0000000008007124        0x8 /usr/lib/gcc/arm-none-eabi/4.9.3/armv7-m/crtn.o
 *(.fini)
 .fini          0x000000000800712c        0x4 /usr/lib/gcc/arm-none-eabi/4.9.3/armv7-m/crti.o
                0x000000000800712c                _fini
 .fini          0x0000000008007130        0x8 /usr/lib/gcc/arm-none-eabi/4.9.3/armv7-m/crtn.o
                0x0000000008007138                . = ALIGN (0x4)
                0x0000000008007138                _etext = .

.vfp11_veneer   0x0000000008007138        0x0
 .vfp11_veneer  0x0000000008007138        0x0 linker stubs

.v4_bx          0x0000000008007138        0x0
 .v4_bx         0x0000000008007138        0x0 linker stubs

.iplt           0x0000000008007138        0x0
 .iplt          0x0000000008007138        0x0 /usr/lib/gcc/arm-none-eabi/4.9.3/armv7-m/crtbegin.o

.rodata         0x0000000008007138       0x98
                0x0000000008007138                . = ALIGN (0x4)
 *(.rodata)
 .rodata        0x0000000008007138       0x14 build/freertos.o
 .rodata        0x000000000800714c       0x12 build/stm32f1xx_hal_rcc.o
 *(.rodata*)
 *fill*         0x000000000800715e        0x2 
 .rodata.str1.4
                0x0000000008007160       0x10 build/main.o
 .rodata.str1.4
                0x0000000008007170        0xc build/freertos.o
 .rodata.str1.4
                0x000000000800717c       0x10 build/sdio.o
 .rodata.str1.4
                0x000000000800718c        0xf build/spi.o
 *fill*         0x000000000800719b        0x1 
 .rodata.str1.4
                0x000000000800719c       0x11 build/usart.o
 *fill*         0x00000000080071ad        0x3 
 .rodata.AHBPrescTable
                0x00000000080071b0       0x10 build/system_stm32f1xx.o
                0x00000000080071b0                AHBPrescTable
 .rodata.APBPrescTable
                0x00000000080071c0        0x8 build/system_stm32f1xx.o
                0x00000000080071c0                APBPrescTable
 .rodata.str1.4
                0x00000000080071c8        0x8 build/tasks.o
                                          0x5 (size before relaxing)
                0x00000000080071d0                . = ALIGN (0x4)

.rel.dyn        0x00000000080071d0        0x0
 .rel.iplt      0x00000000080071d0        0x0 /usr/lib/gcc/arm-none-eabi/4.9.3/armv7-m/crtbegin.o

.ARM.extab
 *(.ARM.extab* .gnu.linkonce.armextab.*)

.ARM            0x00000000080071d0        0x0
                0x00000000080071d0                __exidx_start = .
 *(.ARM.exidx*)
                0x00000000080071d0                __exidx_end = .

.preinit_array  0x00000000080071d0        0x0
                0x00000000080071d0                PROVIDE (__preinit_array_start, .)
 *(.preinit_array*)
                0x00000000080071d0                PROVIDE (__preinit_array_end, .)

.init_array     0x00000000080071d0        0x4
                0x00000000080071d0                PROVIDE (__init_array_start, .)
 *(SORT(.init_array.*))
 *(.init_array*)
 .init_array    0x00000000080071d0        0x4 /usr/lib/gcc/arm-none-eabi/4.9.3/armv7-m/crtbegin.o
                0x00000000080071d4                PROVIDE (__init_array_end, .)

.fini_array     0x00000000080071d4        0x4
                0x00000000080071d4                PROVIDE (__fini_array_start, .)
 *(SORT(.fini_array.*))
 *(.fini_array*)
 .fini_array    0x00000000080071d4        0x4 /usr/lib/gcc/arm-none-eabi/4.9.3/armv7-m/crtbegin.o
                0x00000000080071d8                PROVIDE (__fini_array_end, .)
                0x00000000080071d8                _sidata = LOADADDR (.data)

.data           0x0000000020000000        0xc load address 0x00000000080071d8
                0x0000000020000000                . = ALIGN (0x4)
                0x0000000020000000                _sdata = .
 *(.data)
 *(.data*)
 .data.uwTickFreq
                0x0000000020000000        0x1 build/stm32f1xx_hal.o
                0x0000000020000000                uwTickFreq
 *fill*         0x0000000020000001        0x3 
 .data.SystemCoreClock
                0x0000000020000004        0x4 build/system_stm32f1xx.o
                0x0000000020000004                SystemCoreClock
 .data.uxCriticalNesting
                0x0000000020000008        0x4 build/port.o
                0x000000002000000c                . = ALIGN (0x4)
                0x000000002000000c                _edata = .

.jcr            0x000000002000000c        0x0 load address 0x00000000080071e4
 .jcr           0x000000002000000c        0x0 /usr/lib/gcc/arm-none-eabi/4.9.3/armv7-m/crtbegin.o

.tm_clone_table
                0x000000002000000c        0x0 load address 0x00000000080071e4
 .tm_clone_table
                0x000000002000000c        0x0 /usr/lib/gcc/arm-none-eabi/4.9.3/armv7-m/crtbegin.o
 .tm_clone_table
                0x000000002000000c        0x0 /usr/lib/gcc/arm-none-eabi/4.9.3/armv7-m/crtend.o

.igot.plt       0x000000002000000c        0x0 load address 0x00000000080071e4
 .igot.plt      0x000000002000000c        0x0 /usr/lib/gcc/arm-none-eabi/4.9.3/armv7-m/crtbegin.o
                0x000000002000000c                . = ALIGN (0x4)

.bss            0x000000002000000c      0xecc load address 0x00000000080071e4
                0x000000002000000c                _sbss = .
                0x000000002000000c                __bss_start__ = _sbss
 *(.bss)
 .bss           0x000000002000000c       0x1c /usr/lib/gcc/arm-none-eabi/4.9.3/armv7-m/crtbegin.o
 *(.bss*)
 .bss.xFreeBytesRemaining
                0x0000000020000028        0x4 build/heap_4.o
 .bss.pxEnd     0x000000002000002c        0x4 build/heap_4.o
 .bss.xStart    0x0000000020000030        0x8 build/heap_4.o
 .bss.ucHeap    0x0000000020000038      0xc00 build/heap_4.o
 .bss.xBlockAllocatedBit
                0x0000000020000c38        0x4 build/heap_4.o
 .bss.xMinimumEverFreeBytesRemaining
                0x0000000020000c3c        0x4 build/heap_4.o
 .bss.ucMaxSysCallPriority
                0x0000000020000c40        0x1 build/port.o
 *fill*         0x0000000020000c41        0x3 
 .bss.ulMaxPRIGROUPValue
                0x0000000020000c44        0x4 build/port.o
 .bss.xNumOfOverflows
                0x0000000020000c48        0x4 build/tasks.o
 .bss.pxDelayedTaskList
                0x0000000020000c4c        0x4 build/tasks.o
 .bss.xSchedulerRunning
                0x0000000020000c50        0x4 build/tasks.o
 .bss.xTasksWaitingTermination
                0x0000000020000c54       0x14 build/tasks.o
 .bss.pxOverflowDelayedTaskList
                0x0000000020000c68        0x4 build/tasks.o
 .bss.uxPendedTicks
                0x0000000020000c6c        0x4 build/tasks.o
 .bss.pxReadyTasksLists
                0x0000000020000c70       0x8c build/tasks.o
 .bss.uxSchedulerSuspended
                0x0000000020000cfc        0x4 build/tasks.o
 .bss.xDelayedTaskList1.5497
                0x0000000020000d00       0x14 build/tasks.o
 .bss.pxCurrentTCB
                0x0000000020000d14        0x4 build/tasks.o
                0x0000000020000d14                pxCurrentTCB
 .bss.xPendingReadyList
                0x0000000020000d18       0x14 build/tasks.o
 .bss.xIdleTaskHandle
                0x0000000020000d2c        0x4 build/tasks.o
 .bss.xTickCount
                0x0000000020000d30        0x4 build/tasks.o
 .bss.xNextTaskUnblockTime
                0x0000000020000d34        0x4 build/tasks.o
 .bss.xDelayedTaskList2.5498
                0x0000000020000d38       0x14 build/tasks.o
 .bss.uxTaskNumber
                0x0000000020000d4c        0x4 build/tasks.o
 .bss.uxCurrentNumberOfTasks
                0x0000000020000d50        0x4 build/tasks.o
 .bss.uxDeletedTasksWaitingCleanUp
                0x0000000020000d54        0x4 build/tasks.o
 .bss.xSuspendedTaskList
                0x0000000020000d58       0x14 build/tasks.o
 .bss.uxTopReadyPriority
                0x0000000020000d6c        0x4 build/tasks.o
 .bss.xYieldPending
                0x0000000020000d70        0x4 build/tasks.o
 *(COMMON)
 COMMON         0x0000000020000d74        0x4 build/freertos.o
                0x0000000020000d74                defaultTaskHandle
 COMMON         0x0000000020000d78       0x84 build/sdio.o
                0x0000000020000d78                hsd
 COMMON         0x0000000020000dfc       0x58 build/spi.o
                0x0000000020000dfc                hspi1
 COMMON         0x0000000020000e54       0x40 build/usart.o
                0x0000000020000e54                huart1
 COMMON         0x0000000020000e94       0x40 build/stm32f1xx_hal_timebase_TIM.o
                0x0000000020000e94                htim1
 COMMON         0x0000000020000ed4        0x4 build/stm32f1xx_hal.o
                0x0000000020000ed4                uwTick
                0x0000000020000ed8                . = ALIGN (0x4)
                0x0000000020000ed8                _ebss = .
                0x0000000020000ed8                __bss_end__ = _ebss

._user_heap_stack
                0x0000000020000ed8      0x600 load address 0x00000000080071e4
                0x0000000020000ed8                . = ALIGN (0x8)
                [!provide]                        PROVIDE (end, .)
                [!provide]                        PROVIDE (_end, .)
                0x00000000200010d8                . = (. + _Min_Heap_Size)
 *fill*         0x0000000020000ed8      0x200 
                0x00000000200014d8                . = (. + _Min_Stack_Size)
 *fill*         0x00000000200010d8      0x400 
                0x00000000200014d8                . = ALIGN (0x8)

/DISCARD/
 libc.a(*)
 libm.a(*)
 libgcc.a(*)

.ARM.attributes
                0x0000000000000000       0x29
 *(.ARM.attributes)
 .ARM.attributes
                0x0000000000000000       0x1d /usr/lib/gcc/arm-none-eabi/4.9.3/armv7-m/crti.o
 .ARM.attributes
                0x000000000000001d       0x2d /usr/lib/gcc/arm-none-eabi/4.9.3/armv7-m/crtbegin.o
 .ARM.attributes
                0x000000000000004a       0x33 build/main.o
 .ARM.attributes
                0x000000000000007d       0x33 build/gpio.o
 .ARM.attributes
                0x00000000000000b0       0x33 build/freertos.o
 .ARM.attributes
                0x00000000000000e3       0x33 build/sdio.o
 .ARM.attributes
                0x0000000000000116       0x33 build/spi.o
 .ARM.attributes
                0x0000000000000149       0x33 build/usart.o
 .ARM.attributes
                0x000000000000017c       0x33 build/stm32f1xx_it.o
 .ARM.attributes
                0x00000000000001af       0x33 build/stm32f1xx_hal_msp.o
 .ARM.attributes
                0x00000000000001e2       0x33 build/stm32f1xx_hal_timebase_TIM.o
 .ARM.attributes
                0x0000000000000215       0x33 build/stm32f1xx_ll_sdmmc.o
 .ARM.attributes
                0x0000000000000248       0x33 build/stm32f1xx_hal_sd.o
 .ARM.attributes
                0x000000000000027b       0x33 build/stm32f1xx_hal_spi_ex.o
 .ARM.attributes
                0x00000000000002ae       0x33 build/stm32f1xx_hal_tim.o
 .ARM.attributes
                0x00000000000002e1       0x33 build/stm32f1xx_hal_tim_ex.o
 .ARM.attributes
                0x0000000000000314       0x33 build/stm32f1xx_hal_uart.o
 .ARM.attributes
                0x0000000000000347       0x33 build/stm32f1xx_hal.o
 .ARM.attributes
                0x000000000000037a       0x33 build/stm32f1xx_hal_rcc.o
 .ARM.attributes
                0x00000000000003ad       0x33 build/stm32f1xx_hal_gpio.o
 .ARM.attributes
                0x00000000000003e0       0x33 build/stm32f1xx_hal_cortex.o
 .ARM.attributes
                0x0000000000000413       0x33 build/system_stm32f1xx.o
 .ARM.attributes
                0x0000000000000446       0x33 build/heap_4.o
 .ARM.attributes
                0x0000000000000479       0x33 build/port.o
 .ARM.attributes
                0x00000000000004ac       0x33 build/list.o
 .ARM.attributes
                0x00000000000004df       0x33 build/tasks.o
 .ARM.attributes
                0x0000000000000512       0x33 build/cmsis_os.o
 .ARM.attributes
                0x0000000000000545       0x21 build/startup_stm32f103xe.o
 .ARM.attributes
                0x0000000000000566       0x2d /usr/lib/gcc/arm-none-eabi/4.9.3/../../../arm-none-eabi/lib/armv7-m/libc_nano.a(lib_a-init.o)
 .ARM.attributes
                0x0000000000000593       0x2d /usr/lib/gcc/arm-none-eabi/4.9.3/armv7-m/crtend.o
 .ARM.attributes
                0x00000000000005c0       0x1d /usr/lib/gcc/arm-none-eabi/4.9.3/armv7-m/crtn.o
OUTPUT(build/STM32_FreeRTOS_MF.elf elf32-littlearm)

.comment        0x0000000000000000       0x70
 .comment       0x0000000000000000       0x38 /usr/lib/gcc/arm-none-eabi/4.9.3/armv7-m/crtbegin.o
                                         0x39 (size before relaxing)
 .comment       0x0000000000000038       0x39 build/main.o
 .comment       0x0000000000000038       0x39 build/gpio.o
 .comment       0x0000000000000038       0x39 build/freertos.o
 .comment       0x0000000000000038       0x39 build/sdio.o
 .comment       0x0000000000000038       0x39 build/spi.o
 .comment       0x0000000000000038       0x39 build/usart.o
 .comment       0x0000000000000038       0x39 build/stm32f1xx_it.o
 .comment       0x0000000000000038       0x39 build/stm32f1xx_hal_msp.o
 .comment       0x0000000000000038       0x39 build/stm32f1xx_hal_timebase_TIM.o
 .comment       0x0000000000000038       0x39 build/stm32f1xx_ll_sdmmc.o
 .comment       0x0000000000000038       0x39 build/stm32f1xx_hal_sd.o
 .comment       0x0000000000000038       0x39 build/stm32f1xx_hal_spi_ex.o
 .comment       0x0000000000000038       0x39 build/stm32f1xx_hal_tim.o
 .comment       0x0000000000000038       0x39 build/stm32f1xx_hal_tim_ex.o
 .comment       0x0000000000000038       0x39 build/stm32f1xx_hal_uart.o
 .comment       0x0000000000000038       0x39 build/stm32f1xx_hal.o
 .comment       0x0000000000000038       0x39 build/stm32f1xx_hal_rcc.o
 .comment       0x0000000000000038       0x39 build/stm32f1xx_hal_gpio.o
 .comment       0x0000000000000038       0x39 build/stm32f1xx_hal_cortex.o
 .comment       0x0000000000000038       0x39 build/system_stm32f1xx.o
 .comment       0x0000000000000038       0x39 build/heap_4.o
 .comment       0x0000000000000038       0x39 build/port.o
 .comment       0x0000000000000038       0x39 build/list.o
 .comment       0x0000000000000038       0x39 build/tasks.o
 .comment       0x0000000000000038       0x39 build/cmsis_os.o
 .comment       0x0000000000000038       0x38 /usr/lib/gcc/arm-none-eabi/4.9.3/../../../arm-none-eabi/lib/armv7-m/libc_nano.a(lib_a-init.o)
                                         0x39 (size before relaxing)
 .comment       0x0000000000000070       0x39 /usr/lib/gcc/arm-none-eabi/4.9.3/armv7-m/crtend.o

.debug_info     0x0000000000000000    0x15fc6
 .debug_info    0x0000000000000000      0xbd0 build/main.o
 .debug_info    0x0000000000000bd0      0x48c build/gpio.o
 .debug_info    0x000000000000105c      0x317 build/freertos.o
 .debug_info    0x0000000000001373      0xa65 build/sdio.o
 .debug_info    0x0000000000001dd8      0x8ff build/spi.o
 .debug_info    0x00000000000026d7      0x888 build/usart.o
 .debug_info    0x0000000000002f5f      0x699 build/stm32f1xx_it.o
 .debug_info    0x00000000000035f8      0x514 build/stm32f1xx_hal_msp.o
 .debug_info    0x0000000000003b0c      0xa71 build/stm32f1xx_hal_timebase_TIM.o
 .debug_info    0x000000000000457d     0x1710 build/stm32f1xx_ll_sdmmc.o
 .debug_info    0x0000000000005c8d     0x257a build/stm32f1xx_hal_sd.o
 .debug_info    0x0000000000008207      0x642 build/stm32f1xx_hal_spi_ex.o
 .debug_info    0x0000000000008849     0x30fc build/stm32f1xx_hal_tim.o
 .debug_info    0x000000000000b945     0x13ea build/stm32f1xx_hal_tim_ex.o
 .debug_info    0x000000000000cd2f     0x178e build/stm32f1xx_hal_uart.o
 .debug_info    0x000000000000e4bd      0x852 build/stm32f1xx_hal.o
 .debug_info    0x000000000000ed0f      0xa9c build/stm32f1xx_hal_rcc.o
 .debug_info    0x000000000000f7ab      0x65b build/stm32f1xx_hal_gpio.o
 .debug_info    0x000000000000fe06      0xd1a build/stm32f1xx_hal_cortex.o
 .debug_info    0x0000000000010b20      0x412 build/system_stm32f1xx.o
 .debug_info    0x0000000000010f32      0x44e build/heap_4.o
 .debug_info    0x0000000000011380      0x53b build/port.o
 .debug_info    0x00000000000118bb      0x2d4 build/list.o
 .debug_info    0x0000000000011b8f     0x2427 build/tasks.o
 .debug_info    0x0000000000013fb6     0x1e9a build/cmsis_os.o
 .debug_info    0x0000000000015e50       0x71 build/startup_stm32f103xe.o
 .debug_info    0x0000000000015ec1      0x105 /usr/lib/gcc/arm-none-eabi/4.9.3/../../../arm-none-eabi/lib/armv7-m/libc_nano.a(lib_a-init.o)

.debug_abbrev   0x0000000000000000     0x348c
 .debug_abbrev  0x0000000000000000      0x212 build/main.o
 .debug_abbrev  0x0000000000000212      0x156 build/gpio.o
 .debug_abbrev  0x0000000000000368      0x165 build/freertos.o
 .debug_abbrev  0x00000000000004cd      0x1c3 build/sdio.o
 .debug_abbrev  0x0000000000000690      0x1aa build/spi.o
 .debug_abbrev  0x000000000000083a      0x1aa build/usart.o
 .debug_abbrev  0x00000000000009e4      0x17b build/stm32f1xx_it.o
 .debug_abbrev  0x0000000000000b5f      0x134 build/stm32f1xx_hal_msp.o
 .debug_abbrev  0x0000000000000c93      0x203 build/stm32f1xx_hal_timebase_TIM.o
 .debug_abbrev  0x0000000000000e96      0x21b build/stm32f1xx_ll_sdmmc.o
 .debug_abbrev  0x00000000000010b1      0x2c6 build/stm32f1xx_hal_sd.o
 .debug_abbrev  0x0000000000001377      0x14c build/stm32f1xx_hal_spi_ex.o
 .debug_abbrev  0x00000000000014c3      0x29b build/stm32f1xx_hal_tim.o
 .debug_abbrev  0x000000000000175e      0x261 build/stm32f1xx_hal_tim_ex.o
 .debug_abbrev  0x00000000000019bf      0x2a8 build/stm32f1xx_hal_uart.o
 .debug_abbrev  0x0000000000001c67      0x232 build/stm32f1xx_hal.o
 .debug_abbrev  0x0000000000001e99      0x2aa build/stm32f1xx_hal_rcc.o
 .debug_abbrev  0x0000000000002143      0x200 build/stm32f1xx_hal_gpio.o
 .debug_abbrev  0x0000000000002343      0x2bf build/stm32f1xx_hal_cortex.o
 .debug_abbrev  0x0000000000002602      0x122 build/system_stm32f1xx.o
 .debug_abbrev  0x0000000000002724      0x228 build/heap_4.o
 .debug_abbrev  0x000000000000294c      0x272 build/port.o
 .debug_abbrev  0x0000000000002bbe       0xff build/list.o
 .debug_abbrev  0x0000000000002cbd      0x37f build/tasks.o
 .debug_abbrev  0x000000000000303c      0x384 build/cmsis_os.o
 .debug_abbrev  0x00000000000033c0       0x12 build/startup_stm32f103xe.o
 .debug_abbrev  0x00000000000033d2       0xba /usr/lib/gcc/arm-none-eabi/4.9.3/../../../arm-none-eabi/lib/armv7-m/libc_nano.a(lib_a-init.o)

.debug_loc      0x0000000000000000     0xe8c1
 .debug_loc     0x0000000000000000       0x9a build/main.o
 .debug_loc     0x000000000000009a       0x58 build/gpio.o
 .debug_loc     0x00000000000000f2       0x79 build/freertos.o
 .debug_loc     0x000000000000016b       0xd1 build/sdio.o
 .debug_loc     0x000000000000023c       0xd1 build/spi.o
 .debug_loc     0x000000000000030d       0xd1 build/usart.o
 .debug_loc     0x00000000000003de       0x40 build/stm32f1xx_it.o
 .debug_loc     0x000000000000041e       0x38 build/stm32f1xx_hal_msp.o
 .debug_loc     0x0000000000000456       0xb1 build/stm32f1xx_hal_timebase_TIM.o
 .debug_loc     0x0000000000000507     0x1614 build/stm32f1xx_ll_sdmmc.o
 .debug_loc     0x0000000000001b1b     0x1ed9 build/stm32f1xx_hal_sd.o
 .debug_loc     0x00000000000039f4       0x63 build/stm32f1xx_hal_spi_ex.o
 .debug_loc     0x0000000000003a57     0x3d94 build/stm32f1xx_hal_tim.o
 .debug_loc     0x00000000000077eb     0x11e8 build/stm32f1xx_hal_tim_ex.o
 .debug_loc     0x00000000000089d3     0x1763 build/stm32f1xx_hal_uart.o
 .debug_loc     0x000000000000a136      0x1a8 build/stm32f1xx_hal.o
 .debug_loc     0x000000000000a2de      0x6fc build/stm32f1xx_hal_rcc.o
 .debug_loc     0x000000000000a9da      0x3e1 build/stm32f1xx_hal_gpio.o
 .debug_loc     0x000000000000adbb      0x545 build/stm32f1xx_hal_cortex.o
 .debug_loc     0x000000000000b300       0xe4 build/system_stm32f1xx.o
 .debug_loc     0x000000000000b3e4      0x33d build/heap_4.o
 .debug_loc     0x000000000000b721      0x13e build/port.o
 .debug_loc     0x000000000000b85f       0x91 build/list.o
 .debug_loc     0x000000000000b8f0     0x197e build/tasks.o
 .debug_loc     0x000000000000d26e     0x160b build/cmsis_os.o
 .debug_loc     0x000000000000e879       0x48 /usr/lib/gcc/arm-none-eabi/4.9.3/../../../arm-none-eabi/lib/armv7-m/libc_nano.a(lib_a-init.o)

.debug_aranges  0x0000000000000000     0x1268
 .debug_aranges
                0x0000000000000000       0x38 build/main.o
 .debug_aranges
                0x0000000000000038       0x28 build/gpio.o
 .debug_aranges
                0x0000000000000060       0x28 build/freertos.o
 .debug_aranges
                0x0000000000000088       0x30 build/sdio.o
 .debug_aranges
                0x00000000000000b8       0x30 build/spi.o
 .debug_aranges
                0x00000000000000e8       0x30 build/usart.o
 .debug_aranges
                0x0000000000000118       0x58 build/stm32f1xx_it.o
 .debug_aranges
                0x0000000000000170       0x20 build/stm32f1xx_hal_msp.o
 .debug_aranges
                0x0000000000000190       0x30 build/stm32f1xx_hal_timebase_TIM.o
 .debug_aranges
                0x00000000000001c0      0x178 build/stm32f1xx_ll_sdmmc.o
 .debug_aranges
                0x0000000000000338      0x168 build/stm32f1xx_hal_sd.o
 .debug_aranges
                0x00000000000004a0       0x20 build/stm32f1xx_hal_spi_ex.o
 .debug_aranges
                0x00000000000004c0      0x368 build/stm32f1xx_hal_tim.o
 .debug_aranges
                0x0000000000000828      0x138 build/stm32f1xx_hal_tim_ex.o
 .debug_aranges
                0x0000000000000960      0x1d0 build/stm32f1xx_hal_uart.o
 .debug_aranges
                0x0000000000000b30       0xd0 build/stm32f1xx_hal.o
 .debug_aranges
                0x0000000000000c00       0x90 build/stm32f1xx_hal_rcc.o
 .debug_aranges
                0x0000000000000c90       0x58 build/stm32f1xx_hal_gpio.o
 .debug_aranges
                0x0000000000000ce8       0x90 build/stm32f1xx_hal_cortex.o
 .debug_aranges
                0x0000000000000d78       0x28 build/system_stm32f1xx.o
 .debug_aranges
                0x0000000000000da0       0x50 build/heap_4.o
 .debug_aranges
                0x0000000000000df0       0x78 build/port.o
 .debug_aranges
                0x0000000000000e68       0x40 build/list.o
 .debug_aranges
                0x0000000000000ea8      0x1a0 build/tasks.o
 .debug_aranges
                0x0000000000001048      0x1d8 build/cmsis_os.o
 .debug_aranges
                0x0000000000001220       0x28 build/startup_stm32f103xe.o
 .debug_aranges
                0x0000000000001248       0x20 /usr/lib/gcc/arm-none-eabi/4.9.3/../../../arm-none-eabi/lib/armv7-m/libc_nano.a(lib_a-init.o)

.debug_ranges   0x0000000000000000     0x1110
 .debug_ranges  0x0000000000000000       0x28 build/main.o
 .debug_ranges  0x0000000000000028       0x18 build/gpio.o
 .debug_ranges  0x0000000000000040       0x18 build/freertos.o
 .debug_ranges  0x0000000000000058       0x20 build/sdio.o
 .debug_ranges  0x0000000000000078       0x20 build/spi.o
 .debug_ranges  0x0000000000000098       0x20 build/usart.o
 .debug_ranges  0x00000000000000b8       0x48 build/stm32f1xx_it.o
 .debug_ranges  0x0000000000000100       0x10 build/stm32f1xx_hal_msp.o
 .debug_ranges  0x0000000000000110       0x20 build/stm32f1xx_hal_timebase_TIM.o
 .debug_ranges  0x0000000000000130      0x168 build/stm32f1xx_ll_sdmmc.o
 .debug_ranges  0x0000000000000298      0x158 build/stm32f1xx_hal_sd.o
 .debug_ranges  0x00000000000003f0       0x10 build/stm32f1xx_hal_spi_ex.o
 .debug_ranges  0x0000000000000400      0x358 build/stm32f1xx_hal_tim.o
 .debug_ranges  0x0000000000000758      0x128 build/stm32f1xx_hal_tim_ex.o
 .debug_ranges  0x0000000000000880      0x1c0 build/stm32f1xx_hal_uart.o
 .debug_ranges  0x0000000000000a40       0xc0 build/stm32f1xx_hal.o
 .debug_ranges  0x0000000000000b00       0x98 build/stm32f1xx_hal_rcc.o
 .debug_ranges  0x0000000000000b98       0x48 build/stm32f1xx_hal_gpio.o
 .debug_ranges  0x0000000000000be0       0x80 build/stm32f1xx_hal_cortex.o
 .debug_ranges  0x0000000000000c60       0x18 build/system_stm32f1xx.o
 .debug_ranges  0x0000000000000c78       0x40 build/heap_4.o
 .debug_ranges  0x0000000000000cb8       0x68 build/port.o
 .debug_ranges  0x0000000000000d20       0x30 build/list.o
 .debug_ranges  0x0000000000000d50      0x1c8 build/tasks.o
 .debug_ranges  0x0000000000000f18      0x1c8 build/cmsis_os.o
 .debug_ranges  0x00000000000010e0       0x20 build/startup_stm32f103xe.o
 .debug_ranges  0x0000000000001100       0x10 /usr/lib/gcc/arm-none-eabi/4.9.3/../../../arm-none-eabi/lib/armv7-m/libc_nano.a(lib_a-init.o)

.debug_line     0x0000000000000000     0x6ce7
 .debug_line    0x0000000000000000      0x284 build/main.o
 .debug_line    0x0000000000000284      0x15d build/gpio.o
 .debug_line    0x00000000000003e1      0x171 build/freertos.o
 .debug_line    0x0000000000000552      0x1dc build/sdio.o
 .debug_line    0x000000000000072e      0x1c1 build/spi.o
 .debug_line    0x00000000000008ef      0x1c2 build/usart.o
 .debug_line    0x0000000000000ab1      0x229 build/stm32f1xx_it.o
 .debug_line    0x0000000000000cda      0x147 build/stm32f1xx_hal_msp.o
 .debug_line    0x0000000000000e21      0x1d2 build/stm32f1xx_hal_timebase_TIM.o
 .debug_line    0x0000000000000ff3      0x5e4 build/stm32f1xx_ll_sdmmc.o
 .debug_line    0x00000000000015d7      0x8f6 build/stm32f1xx_hal_sd.o
 .debug_line    0x0000000000001ecd      0x199 build/stm32f1xx_hal_spi_ex.o
 .debug_line    0x0000000000002066     0x1150 build/stm32f1xx_hal_tim.o
 .debug_line    0x00000000000031b6      0x6f5 build/stm32f1xx_hal_tim_ex.o
 .debug_line    0x00000000000038ab      0xa2c build/stm32f1xx_hal_uart.o
 .debug_line    0x00000000000042d7      0x331 build/stm32f1xx_hal.o
 .debug_line    0x0000000000004608      0x4b1 build/stm32f1xx_hal_rcc.o
 .debug_line    0x0000000000004ab9      0x302 build/stm32f1xx_hal_gpio.o
 .debug_line    0x0000000000004dbb      0x2b5 build/stm32f1xx_hal_cortex.o
 .debug_line    0x0000000000005070      0x141 build/system_stm32f1xx.o
 .debug_line    0x00000000000051b1      0x296 build/heap_4.o
 .debug_line    0x0000000000005447      0x2d0 build/port.o
 .debug_line    0x0000000000005717      0x1a6 build/list.o
 .debug_line    0x00000000000058bd      0xb30 build/tasks.o
 .debug_line    0x00000000000063ed      0x7d1 build/cmsis_os.o
 .debug_line    0x0000000000006bbe       0x72 build/startup_stm32f103xe.o
 .debug_line    0x0000000000006c30       0xb7 /usr/lib/gcc/arm-none-eabi/4.9.3/../../../arm-none-eabi/lib/armv7-m/libc_nano.a(lib_a-init.o)

.debug_str      0x0000000000000000     0x5aa0
 .debug_str     0x0000000000000000      0xbde build/main.o
                                        0xc65 (size before relaxing)
 .debug_str     0x0000000000000bde      0x10b build/gpio.o
                                        0x298 (size before relaxing)
 .debug_str     0x0000000000000ce9      0x172 build/freertos.o
                                        0x3f9 (size before relaxing)
 .debug_str     0x0000000000000e5b      0x29d build/sdio.o
                                        0x709 (size before relaxing)
 .debug_str     0x00000000000010f8      0x1d4 build/spi.o
                                        0x67b (size before relaxing)
 .debug_str     0x00000000000012cc      0x19e build/usart.o
                                        0x65c (size before relaxing)
 .debug_str     0x000000000000146a       0xca build/stm32f1xx_it.o
                                        0x5e9 (size before relaxing)
 .debug_str     0x0000000000001534       0x6a build/stm32f1xx_hal_msp.o
                                        0x5ff (size before relaxing)
 .debug_str     0x000000000000159e      0x107 build/stm32f1xx_hal_timebase_TIM.o
                                        0xad8 (size before relaxing)
 .debug_str     0x00000000000016a5      0x4bb build/stm32f1xx_ll_sdmmc.o
                                        0x7b5 (size before relaxing)
 .debug_str     0x0000000000001b60      0x79c build/stm32f1xx_hal_sd.o
                                       0x10be (size before relaxing)
 .debug_str     0x00000000000022fc       0x3d build/stm32f1xx_hal_spi_ex.o
                                        0x5c4 (size before relaxing)
 .debug_str     0x0000000000002339      0xce8 build/stm32f1xx_hal_tim.o
                                       0x1320 (size before relaxing)
 .debug_str     0x0000000000003021      0x4ee build/stm32f1xx_hal_tim_ex.o
                                        0xbc2 (size before relaxing)
 .debug_str     0x000000000000350f      0x521 build/stm32f1xx_hal_uart.o
                                        0xb4b (size before relaxing)
 .debug_str     0x0000000000003a30      0x242 build/stm32f1xx_hal.o
                                        0x8d4 (size before relaxing)
 .debug_str     0x0000000000003c72      0x18f build/stm32f1xx_hal_rcc.o
                                        0x606 (size before relaxing)
 .debug_str     0x0000000000003e01       0xf6 build/stm32f1xx_hal_gpio.o
                                        0x3f1 (size before relaxing)
 .debug_str     0x0000000000003ef7      0x28c build/stm32f1xx_hal_cortex.o
                                        0x97a (size before relaxing)
 .debug_str     0x0000000000004183       0x4f build/system_stm32f1xx.o
                                        0x29d (size before relaxing)
 .debug_str     0x00000000000041d2      0x245 build/heap_4.o
                                        0x3b0 (size before relaxing)
 .debug_str     0x0000000000004417      0x292 build/port.o
                                        0x42c (size before relaxing)
 .debug_str     0x00000000000046a9      0x141 build/list.o
                                        0x2bc (size before relaxing)
 .debug_str     0x00000000000047ea      0xa38 build/tasks.o
                                        0xe48 (size before relaxing)
 .debug_str     0x0000000000005222      0x6ec build/cmsis_os.o
                                        0xde3 (size before relaxing)
 .debug_str     0x000000000000590e      0x192 /usr/lib/gcc/arm-none-eabi/4.9.3/../../../arm-none-eabi/lib/armv7-m/libc_nano.a(lib_a-init.o)
                                        0x231 (size before relaxing)

.debug_frame    0x0000000000000000     0x3624
 .debug_frame   0x0000000000000000       0x74 build/main.o
 .debug_frame   0x0000000000000074       0x54 build/gpio.o
 .debug_frame   0x00000000000000c8       0x50 build/freertos.o
 .debug_frame   0x0000000000000118       0x74 build/sdio.o
 .debug_frame   0x000000000000018c       0x70 build/spi.o
 .debug_frame   0x00000000000001fc       0x70 build/usart.o
 .debug_frame   0x000000000000026c       0xa8 build/stm32f1xx_it.o
 .debug_frame   0x0000000000000314       0x30 build/stm32f1xx_hal_msp.o
 .debug_frame   0x0000000000000344       0x4c build/stm32f1xx_hal_timebase_TIM.o
 .debug_frame   0x0000000000000390      0x504 build/stm32f1xx_ll_sdmmc.o
 .debug_frame   0x0000000000000894      0x524 build/stm32f1xx_hal_sd.o
 .debug_frame   0x0000000000000db8       0x30 build/stm32f1xx_hal_spi_ex.o
 .debug_frame   0x0000000000000de8      0xafc build/stm32f1xx_hal_tim.o
 .debug_frame   0x00000000000018e4      0x420 build/stm32f1xx_hal_tim_ex.o
 .debug_frame   0x0000000000001d04      0x578 build/stm32f1xx_hal_uart.o
 .debug_frame   0x000000000000227c      0x1c0 build/stm32f1xx_hal.o
 .debug_frame   0x000000000000243c      0x190 build/stm32f1xx_hal_rcc.o
 .debug_frame   0x00000000000025cc       0xd4 build/stm32f1xx_hal_gpio.o
 .debug_frame   0x00000000000026a0      0x138 build/stm32f1xx_hal_cortex.o
 .debug_frame   0x00000000000027d8       0x30 build/system_stm32f1xx.o
 .debug_frame   0x0000000000002808       0xb8 build/heap_4.o
 .debug_frame   0x00000000000028c0       0xf4 build/port.o
 .debug_frame   0x00000000000029b4       0x70 build/list.o
 .debug_frame   0x0000000000002a24      0x5d8 build/tasks.o
 .debug_frame   0x0000000000002ffc      0x5fc build/cmsis_os.o
 .debug_frame   0x00000000000035f8       0x2c /usr/lib/gcc/arm-none-eabi/4.9.3/../../../arm-none-eabi/lib/armv7-m/libc_nano.a(lib_a-init.o)

Cross Reference Table

Symbol                                            File
ADC1_2_IRQHandler                                 build/startup_stm32f103xe.o
ADC3_IRQHandler                                   build/startup_stm32f103xe.o
AHBPrescTable                                     build/system_stm32f1xx.o
                                                  build/stm32f1xx_hal_rcc.o
APBPrescTable                                     build/system_stm32f1xx.o
                                                  build/stm32f1xx_hal_rcc.o
BusFault_Handler                                  build/stm32f1xx_it.o
CAN1_RX1_IRQHandler                               build/startup_stm32f103xe.o
CAN1_SCE_IRQHandler                               build/startup_stm32f103xe.o
DMA1_Channel1_IRQHandler                          build/startup_stm32f103xe.o
DMA1_Channel2_IRQHandler                          build/startup_stm32f103xe.o
DMA1_Channel3_IRQHandler                          build/startup_stm32f103xe.o
DMA1_Channel4_IRQHandler                          build/startup_stm32f103xe.o
DMA1_Channel5_IRQHandler                          build/startup_stm32f103xe.o
DMA1_Channel6_IRQHandler                          build/startup_stm32f103xe.o
DMA1_Channel7_IRQHandler                          build/startup_stm32f103xe.o
DMA2_Channel1_IRQHandler                          build/startup_stm32f103xe.o
DMA2_Channel2_IRQHandler                          build/startup_stm32f103xe.o
DMA2_Channel3_IRQHandler                          build/startup_stm32f103xe.o
DMA2_Channel4_5_IRQHandler                        build/startup_stm32f103xe.o
DebugMon_Handler                                  build/stm32f1xx_it.o
Default_Handler                                   build/startup_stm32f103xe.o
EXTI0_IRQHandler                                  build/startup_stm32f103xe.o
EXTI15_10_IRQHandler                              build/startup_stm32f103xe.o
EXTI1_IRQHandler                                  build/startup_stm32f103xe.o
EXTI2_IRQHandler                                  build/startup_stm32f103xe.o
EXTI3_IRQHandler                                  build/startup_stm32f103xe.o
EXTI4_IRQHandler                                  build/startup_stm32f103xe.o
EXTI9_5_IRQHandler                                build/startup_stm32f103xe.o
FLASH_IRQHandler                                  build/startup_stm32f103xe.o
FLASH_PageErase                                   build/stm32f1xx_hal_flash_ex.o
                                                  build/stm32f1xx_hal_flash.o
FLASH_WaitForLastOperation                        build/stm32f1xx_hal_flash.o
                                                  build/stm32f1xx_hal_flash_ex.o
FSMC_IRQHandler                                   build/startup_stm32f103xe.o
HAL_DBGMCU_DisableDBGSleepMode                    build/stm32f1xx_hal.o
HAL_DBGMCU_DisableDBGStandbyMode                  build/stm32f1xx_hal.o
HAL_DBGMCU_DisableDBGStopMode                     build/stm32f1xx_hal.o
HAL_DBGMCU_EnableDBGSleepMode                     build/stm32f1xx_hal.o
HAL_DBGMCU_EnableDBGStandbyMode                   build/stm32f1xx_hal.o
HAL_DBGMCU_EnableDBGStopMode                      build/stm32f1xx_hal.o
HAL_DMA_Abort                                     build/stm32f1xx_hal_dma.o
                                                  build/stm32f1xx_hal_uart.o
                                                  build/stm32f1xx_hal_tim.o
                                                  build/stm32f1xx_hal_spi.o
                                                  build/stm32f1xx_hal_sd.o
HAL_DMA_Abort_IT                                  build/stm32f1xx_hal_dma.o
                                                  build/stm32f1xx_hal_uart.o
                                                  build/stm32f1xx_hal_spi.o
                                                  build/stm32f1xx_hal_sd.o
HAL_DMA_DeInit                                    build/stm32f1xx_hal_dma.o
HAL_DMA_GetError                                  build/stm32f1xx_hal_dma.o
HAL_DMA_GetState                                  build/stm32f1xx_hal_dma.o
HAL_DMA_IRQHandler                                build/stm32f1xx_hal_dma.o
HAL_DMA_Init                                      build/stm32f1xx_hal_dma.o
HAL_DMA_PollForTransfer                           build/stm32f1xx_hal_dma.o
HAL_DMA_RegisterCallback                          build/stm32f1xx_hal_dma.o
HAL_DMA_Start                                     build/stm32f1xx_hal_dma.o
HAL_DMA_Start_IT                                  build/stm32f1xx_hal_dma.o
                                                  build/stm32f1xx_hal_uart.o
                                                  build/stm32f1xx_hal_tim_ex.o
                                                  build/stm32f1xx_hal_tim.o
                                                  build/stm32f1xx_hal_spi.o
                                                  build/stm32f1xx_hal_sd.o
HAL_DMA_UnRegisterCallback                        build/stm32f1xx_hal_dma.o
HAL_DeInit                                        build/stm32f1xx_hal.o
HAL_Delay                                         build/stm32f1xx_hal.o
                                                  build/stm32f1xx_hal_sd.o
HAL_FLASHEx_Erase                                 build/stm32f1xx_hal_flash_ex.o
HAL_FLASHEx_Erase_IT                              build/stm32f1xx_hal_flash_ex.o
HAL_FLASHEx_OBErase                               build/stm32f1xx_hal_flash_ex.o
HAL_FLASHEx_OBGetConfig                           build/stm32f1xx_hal_flash_ex.o
HAL_FLASHEx_OBGetUserData                         build/stm32f1xx_hal_flash_ex.o
HAL_FLASHEx_OBProgram                             build/stm32f1xx_hal_flash_ex.o
HAL_FLASH_EndOfOperationCallback                  build/stm32f1xx_hal_flash.o
HAL_FLASH_GetError                                build/stm32f1xx_hal_flash.o
HAL_FLASH_IRQHandler                              build/stm32f1xx_hal_flash.o
HAL_FLASH_Lock                                    build/stm32f1xx_hal_flash.o
HAL_FLASH_OB_Launch                               build/stm32f1xx_hal_flash.o
HAL_FLASH_OB_Lock                                 build/stm32f1xx_hal_flash.o
HAL_FLASH_OB_Unlock                               build/stm32f1xx_hal_flash.o
HAL_FLASH_OperationErrorCallback                  build/stm32f1xx_hal_flash.o
HAL_FLASH_Program                                 build/stm32f1xx_hal_flash.o
HAL_FLASH_Program_IT                              build/stm32f1xx_hal_flash.o
HAL_FLASH_Unlock                                  build/stm32f1xx_hal_flash.o
HAL_GPIOEx_ConfigEventout                         build/stm32f1xx_hal_gpio_ex.o
HAL_GPIOEx_DisableEventout                        build/stm32f1xx_hal_gpio_ex.o
HAL_GPIOEx_EnableEventout                         build/stm32f1xx_hal_gpio_ex.o
HAL_GPIO_DeInit                                   build/stm32f1xx_hal_gpio.o
                                                  build/usart.o
                                                  build/spi.o
                                                  build/sdio.o
HAL_GPIO_EXTI_Callback                            build/stm32f1xx_hal_gpio.o
HAL_GPIO_EXTI_IRQHandler                          build/stm32f1xx_hal_gpio.o
HAL_GPIO_Init                                     build/stm32f1xx_hal_gpio.o
                                                  build/stm32f1xx_hal_rcc.o
                                                  build/usart.o
                                                  build/spi.o
                                                  build/sdio.o
                                                  build/gpio.o
HAL_GPIO_LockPin                                  build/stm32f1xx_hal_gpio.o
HAL_GPIO_ReadPin                                  build/stm32f1xx_hal_gpio.o
HAL_GPIO_TogglePin                                build/stm32f1xx_hal_gpio.o
                                                  build/gpio.o
HAL_GPIO_WritePin                                 build/stm32f1xx_hal_gpio.o
                                                  build/gpio.o
HAL_GetDEVID                                      build/stm32f1xx_hal.o
HAL_GetHalVersion                                 build/stm32f1xx_hal.o
HAL_GetREVID                                      build/stm32f1xx_hal.o
HAL_GetTick                                       build/stm32f1xx_hal.o
                                                  build/stm32f1xx_hal_flash.o
                                                  build/stm32f1xx_hal_dma.o
                                                  build/stm32f1xx_hal_rcc_ex.o
                                                  build/stm32f1xx_hal_rcc.o
                                                  build/stm32f1xx_hal_uart.o
                                                  build/stm32f1xx_hal_spi.o
                                                  build/stm32f1xx_hal_sd.o
HAL_GetTickFreq                                   build/stm32f1xx_hal.o
HAL_GetTickPrio                                   build/stm32f1xx_hal.o
HAL_GetUID                                        build/stm32f1xx_hal.o
HAL_HalfDuplex_EnableReceiver                     build/stm32f1xx_hal_uart.o
HAL_HalfDuplex_EnableTransmitter                  build/stm32f1xx_hal_uart.o
HAL_HalfDuplex_Init                               build/stm32f1xx_hal_uart.o
HAL_IncTick                                       build/stm32f1xx_hal.o
                                                  build/main.o
HAL_Init                                          build/stm32f1xx_hal.o
                                                  build/main.o
HAL_InitTick                                      build/stm32f1xx_hal_timebase_TIM.o
                                                  build/stm32f1xx_hal_rcc.o
HAL_LIN_Init                                      build/stm32f1xx_hal_uart.o
HAL_LIN_SendBreak                                 build/stm32f1xx_hal_uart.o
HAL_MspDeInit                                     build/stm32f1xx_hal.o
HAL_MspInit                                       build/stm32f1xx_hal_msp.o
HAL_MultiProcessor_EnterMuteMode                  build/stm32f1xx_hal_uart.o
HAL_MultiProcessor_ExitMuteMode                   build/stm32f1xx_hal_uart.o
HAL_MultiProcessor_Init                           build/stm32f1xx_hal_uart.o
HAL_NVIC_ClearPendingIRQ                          build/stm32f1xx_hal_cortex.o
HAL_NVIC_DisableIRQ                               build/stm32f1xx_hal_cortex.o
HAL_NVIC_EnableIRQ                                build/stm32f1xx_hal_cortex.o
                                                  build/stm32f1xx_hal_timebase_TIM.o
HAL_NVIC_GetActive                                build/stm32f1xx_hal_cortex.o
HAL_NVIC_GetPendingIRQ                            build/stm32f1xx_hal_cortex.o
HAL_NVIC_GetPriority                              build/stm32f1xx_hal_cortex.o
HAL_NVIC_GetPriorityGrouping                      build/stm32f1xx_hal_cortex.o
HAL_NVIC_SetPendingIRQ                            build/stm32f1xx_hal_cortex.o
HAL_NVIC_SetPriority                              build/stm32f1xx_hal_cortex.o
                                                  build/stm32f1xx_hal.o
                                                  build/stm32f1xx_hal_timebase_TIM.o
                                                  build/stm32f1xx_hal_msp.o
                                                  build/main.o
HAL_NVIC_SetPriorityGrouping                      build/stm32f1xx_hal_cortex.o
                                                  build/stm32f1xx_hal.o
                                                  build/stm32f1xx_hal_msp.o
HAL_NVIC_SystemReset                              build/stm32f1xx_hal_cortex.o
                                                  build/stm32f1xx_hal_flash.o
HAL_PWR_ConfigPVD                                 build/stm32f1xx_hal_pwr.o
HAL_PWR_DeInit                                    build/stm32f1xx_hal_pwr.o
HAL_PWR_DisableBkUpAccess                         build/stm32f1xx_hal_pwr.o
HAL_PWR_DisablePVD                                build/stm32f1xx_hal_pwr.o
HAL_PWR_DisableSEVOnPend                          build/stm32f1xx_hal_pwr.o
HAL_PWR_DisableSleepOnExit                        build/stm32f1xx_hal_pwr.o
HAL_PWR_DisableWakeUpPin                          build/stm32f1xx_hal_pwr.o
HAL_PWR_EnableBkUpAccess                          build/stm32f1xx_hal_pwr.o
HAL_PWR_EnablePVD                                 build/stm32f1xx_hal_pwr.o
HAL_PWR_EnableSEVOnPend                           build/stm32f1xx_hal_pwr.o
HAL_PWR_EnableSleepOnExit                         build/stm32f1xx_hal_pwr.o
HAL_PWR_EnableWakeUpPin                           build/stm32f1xx_hal_pwr.o
HAL_PWR_EnterSLEEPMode                            build/stm32f1xx_hal_pwr.o
HAL_PWR_EnterSTANDBYMode                          build/stm32f1xx_hal_pwr.o
HAL_PWR_EnterSTOPMode                             build/stm32f1xx_hal_pwr.o
HAL_PWR_PVDCallback                               build/stm32f1xx_hal_pwr.o
HAL_PWR_PVD_IRQHandler                            build/stm32f1xx_hal_pwr.o
HAL_RCCEx_GetPeriphCLKConfig                      build/stm32f1xx_hal_rcc_ex.o
HAL_RCCEx_GetPeriphCLKFreq                        build/stm32f1xx_hal_rcc_ex.o
HAL_RCCEx_PeriphCLKConfig                         build/stm32f1xx_hal_rcc_ex.o
HAL_RCC_CSSCallback                               build/stm32f1xx_hal_rcc.o
HAL_RCC_ClockConfig                               build/stm32f1xx_hal_rcc.o
                                                  build/main.o
HAL_RCC_DeInit                                    build/stm32f1xx_hal_rcc.o
HAL_RCC_DisableCSS                                build/stm32f1xx_hal_rcc.o
HAL_RCC_EnableCSS                                 build/stm32f1xx_hal_rcc.o
HAL_RCC_GetClockConfig                            build/stm32f1xx_hal_rcc.o
                                                  build/stm32f1xx_hal_timebase_TIM.o
HAL_RCC_GetHCLKFreq                               build/stm32f1xx_hal_rcc.o
                                                  build/main.o
HAL_RCC_GetOscConfig                              build/stm32f1xx_hal_rcc.o
HAL_RCC_GetPCLK1Freq                              build/stm32f1xx_hal_rcc.o
                                                  build/stm32f1xx_hal_uart.o
HAL_RCC_GetPCLK2Freq                              build/stm32f1xx_hal_rcc.o
                                                  build/stm32f1xx_hal_rcc_ex.o
                                                  build/stm32f1xx_hal_uart.o
                                                  build/stm32f1xx_hal_timebase_TIM.o
HAL_RCC_GetSysClockFreq                           build/stm32f1xx_hal_rcc.o
                                                  build/stm32f1xx_hal_rcc_ex.o
HAL_RCC_MCOConfig                                 build/stm32f1xx_hal_rcc.o
HAL_RCC_NMI_IRQHandler                            build/stm32f1xx_hal_rcc.o
HAL_RCC_OscConfig                                 build/stm32f1xx_hal_rcc.o
                                                  build/main.o
HAL_ResumeTick                                    build/stm32f1xx_hal_timebase_TIM.o
HAL_SD_Abort                                      build/stm32f1xx_hal_sd.o
HAL_SD_AbortCallback                              build/stm32f1xx_hal_sd.o
HAL_SD_Abort_IT                                   build/stm32f1xx_hal_sd.o
HAL_SD_ConfigWideBusOperation                     build/stm32f1xx_hal_sd.o
                                                  build/sdio.o
HAL_SD_DeInit                                     build/stm32f1xx_hal_sd.o
HAL_SD_Erase                                      build/stm32f1xx_hal_sd.o
HAL_SD_ErrorCallback                              build/stm32f1xx_hal_sd.o
HAL_SD_GetCardCID                                 build/stm32f1xx_hal_sd.o
HAL_SD_GetCardCSD                                 build/stm32f1xx_hal_sd.o
HAL_SD_GetCardInfo                                build/stm32f1xx_hal_sd.o
HAL_SD_GetCardState                               build/stm32f1xx_hal_sd.o
HAL_SD_GetCardStatus                              build/stm32f1xx_hal_sd.o
HAL_SD_GetError                                   build/stm32f1xx_hal_sd.o
HAL_SD_GetState                                   build/stm32f1xx_hal_sd.o
HAL_SD_IRQHandler                                 build/stm32f1xx_hal_sd.o
HAL_SD_Init                                       build/stm32f1xx_hal_sd.o
                                                  build/sdio.o
HAL_SD_InitCard                                   build/stm32f1xx_hal_sd.o
HAL_SD_MspDeInit                                  build/sdio.o
HAL_SD_MspInit                                    build/sdio.o
HAL_SD_ReadBlocks                                 build/stm32f1xx_hal_sd.o
HAL_SD_ReadBlocks_DMA                             build/stm32f1xx_hal_sd.o
HAL_SD_ReadBlocks_IT                              build/stm32f1xx_hal_sd.o
HAL_SD_RxCpltCallback                             build/stm32f1xx_hal_sd.o
HAL_SD_TxCpltCallback                             build/stm32f1xx_hal_sd.o
HAL_SD_WriteBlocks                                build/stm32f1xx_hal_sd.o
HAL_SD_WriteBlocks_DMA                            build/stm32f1xx_hal_sd.o
HAL_SD_WriteBlocks_IT                             build/stm32f1xx_hal_sd.o
HAL_SPI_Abort                                     build/stm32f1xx_hal_spi.o
HAL_SPI_AbortCpltCallback                         build/stm32f1xx_hal_spi.o
HAL_SPI_Abort_IT                                  build/stm32f1xx_hal_spi.o
HAL_SPI_DMAPause                                  build/stm32f1xx_hal_spi.o
HAL_SPI_DMAResume                                 build/stm32f1xx_hal_spi.o
HAL_SPI_DMAStop                                   build/stm32f1xx_hal_spi.o
HAL_SPI_DeInit                                    build/stm32f1xx_hal_spi.o
HAL_SPI_ErrorCallback                             build/stm32f1xx_hal_spi.o
HAL_SPI_GetError                                  build/stm32f1xx_hal_spi.o
HAL_SPI_GetState                                  build/stm32f1xx_hal_spi.o
HAL_SPI_IRQHandler                                build/stm32f1xx_hal_spi.o
HAL_SPI_Init                                      build/stm32f1xx_hal_spi_ex.o
                                                  build/stm32f1xx_hal_spi.o
                                                  build/spi.o
HAL_SPI_MspDeInit                                 build/spi.o
HAL_SPI_MspInit                                   build/spi.o
                                                  build/stm32f1xx_hal_spi_ex.o
HAL_SPI_Receive                                   build/stm32f1xx_hal_spi.o
HAL_SPI_Receive_DMA                               build/stm32f1xx_hal_spi.o
HAL_SPI_Receive_IT                                build/stm32f1xx_hal_spi.o
HAL_SPI_RxCpltCallback                            build/stm32f1xx_hal_spi.o
HAL_SPI_RxHalfCpltCallback                        build/stm32f1xx_hal_spi.o
HAL_SPI_Transmit                                  build/stm32f1xx_hal_spi.o
HAL_SPI_TransmitReceive                           build/stm32f1xx_hal_spi.o
HAL_SPI_TransmitReceive_DMA                       build/stm32f1xx_hal_spi.o
HAL_SPI_TransmitReceive_IT                        build/stm32f1xx_hal_spi.o
HAL_SPI_Transmit_DMA                              build/stm32f1xx_hal_spi.o
HAL_SPI_Transmit_IT                               build/stm32f1xx_hal_spi.o
HAL_SPI_TxCpltCallback                            build/stm32f1xx_hal_spi.o
HAL_SPI_TxHalfCpltCallback                        build/stm32f1xx_hal_spi.o
HAL_SPI_TxRxCpltCallback                          build/stm32f1xx_hal_spi.o
HAL_SPI_TxRxHalfCpltCallback                      build/stm32f1xx_hal_spi.o
HAL_SYSTICK_CLKSourceConfig                       build/stm32f1xx_hal_cortex.o
                                                  build/main.o
HAL_SYSTICK_Callback                              build/stm32f1xx_hal_cortex.o
HAL_SYSTICK_Config                                build/stm32f1xx_hal_cortex.o
                                                  build/stm32f1xx_hal.o
                                                  build/main.o
HAL_SYSTICK_IRQHandler                            build/stm32f1xx_hal_cortex.o
HAL_SetTickFreq                                   build/stm32f1xx_hal.o
HAL_SuspendTick                                   build/stm32f1xx_hal_timebase_TIM.o
HAL_TIMEx_BreakCallback                           build/stm32f1xx_hal_tim_ex.o
                                                  build/stm32f1xx_hal_tim.o
HAL_TIMEx_CommutationCallback                     build/stm32f1xx_hal_tim_ex.o
                                                  build/stm32f1xx_hal_tim.o
HAL_TIMEx_ConfigBreakDeadTime                     build/stm32f1xx_hal_tim_ex.o
HAL_TIMEx_ConfigCommutationEvent                  build/stm32f1xx_hal_tim_ex.o
HAL_TIMEx_ConfigCommutationEvent_DMA              build/stm32f1xx_hal_tim_ex.o
HAL_TIMEx_ConfigCommutationEvent_IT               build/stm32f1xx_hal_tim_ex.o
HAL_TIMEx_HallSensor_DeInit                       build/stm32f1xx_hal_tim_ex.o
HAL_TIMEx_HallSensor_GetState                     build/stm32f1xx_hal_tim_ex.o
HAL_TIMEx_HallSensor_Init                         build/stm32f1xx_hal_tim_ex.o
HAL_TIMEx_HallSensor_MspDeInit                    build/stm32f1xx_hal_tim_ex.o
HAL_TIMEx_HallSensor_MspInit                      build/stm32f1xx_hal_tim_ex.o
HAL_TIMEx_HallSensor_Start                        build/stm32f1xx_hal_tim_ex.o
HAL_TIMEx_HallSensor_Start_DMA                    build/stm32f1xx_hal_tim_ex.o
HAL_TIMEx_HallSensor_Start_IT                     build/stm32f1xx_hal_tim_ex.o
HAL_TIMEx_HallSensor_Stop                         build/stm32f1xx_hal_tim_ex.o
HAL_TIMEx_HallSensor_Stop_DMA                     build/stm32f1xx_hal_tim_ex.o
HAL_TIMEx_HallSensor_Stop_IT                      build/stm32f1xx_hal_tim_ex.o
HAL_TIMEx_MasterConfigSynchronization             build/stm32f1xx_hal_tim_ex.o
HAL_TIMEx_OCN_Start                               build/stm32f1xx_hal_tim_ex.o
HAL_TIMEx_OCN_Start_DMA                           build/stm32f1xx_hal_tim_ex.o
HAL_TIMEx_OCN_Start_IT                            build/stm32f1xx_hal_tim_ex.o
HAL_TIMEx_OCN_Stop                                build/stm32f1xx_hal_tim_ex.o
HAL_TIMEx_OCN_Stop_DMA                            build/stm32f1xx_hal_tim_ex.o
HAL_TIMEx_OCN_Stop_IT                             build/stm32f1xx_hal_tim_ex.o
HAL_TIMEx_OnePulseN_Start                         build/stm32f1xx_hal_tim_ex.o
HAL_TIMEx_OnePulseN_Start_IT                      build/stm32f1xx_hal_tim_ex.o
HAL_TIMEx_OnePulseN_Stop                          build/stm32f1xx_hal_tim_ex.o
HAL_TIMEx_OnePulseN_Stop_IT                       build/stm32f1xx_hal_tim_ex.o
HAL_TIMEx_PWMN_Start                              build/stm32f1xx_hal_tim_ex.o
HAL_TIMEx_PWMN_Start_DMA                          build/stm32f1xx_hal_tim_ex.o
HAL_TIMEx_PWMN_Start_IT                           build/stm32f1xx_hal_tim_ex.o
HAL_TIMEx_PWMN_Stop                               build/stm32f1xx_hal_tim_ex.o
HAL_TIMEx_PWMN_Stop_DMA                           build/stm32f1xx_hal_tim_ex.o
HAL_TIMEx_PWMN_Stop_IT                            build/stm32f1xx_hal_tim_ex.o
HAL_TIM_Base_DeInit                               build/stm32f1xx_hal_tim.o
HAL_TIM_Base_GetState                             build/stm32f1xx_hal_tim.o
HAL_TIM_Base_Init                                 build/stm32f1xx_hal_tim.o
                                                  build/stm32f1xx_hal_timebase_TIM.o
HAL_TIM_Base_MspDeInit                            build/stm32f1xx_hal_tim.o
HAL_TIM_Base_MspInit                              build/stm32f1xx_hal_tim.o
HAL_TIM_Base_Start                                build/stm32f1xx_hal_tim.o
HAL_TIM_Base_Start_DMA                            build/stm32f1xx_hal_tim.o
HAL_TIM_Base_Start_IT                             build/stm32f1xx_hal_tim.o
                                                  build/stm32f1xx_hal_timebase_TIM.o
HAL_TIM_Base_Stop                                 build/stm32f1xx_hal_tim.o
HAL_TIM_Base_Stop_DMA                             build/stm32f1xx_hal_tim.o
HAL_TIM_Base_Stop_IT                              build/stm32f1xx_hal_tim.o
HAL_TIM_ConfigClockSource                         build/stm32f1xx_hal_tim.o
HAL_TIM_ConfigOCrefClear                          build/stm32f1xx_hal_tim.o
HAL_TIM_ConfigTI1Input                            build/stm32f1xx_hal_tim.o
HAL_TIM_DMABurst_ReadStart                        build/stm32f1xx_hal_tim.o
HAL_TIM_DMABurst_ReadStop                         build/stm32f1xx_hal_tim.o
HAL_TIM_DMABurst_WriteStart                       build/stm32f1xx_hal_tim.o
HAL_TIM_DMABurst_WriteStop                        build/stm32f1xx_hal_tim.o
HAL_TIM_Encoder_DeInit                            build/stm32f1xx_hal_tim.o
HAL_TIM_Encoder_GetState                          build/stm32f1xx_hal_tim.o
HAL_TIM_Encoder_Init                              build/stm32f1xx_hal_tim.o
HAL_TIM_Encoder_MspDeInit                         build/stm32f1xx_hal_tim.o
HAL_TIM_Encoder_MspInit                           build/stm32f1xx_hal_tim.o
HAL_TIM_Encoder_Start                             build/stm32f1xx_hal_tim.o
HAL_TIM_Encoder_Start_DMA                         build/stm32f1xx_hal_tim.o
HAL_TIM_Encoder_Start_IT                          build/stm32f1xx_hal_tim.o
HAL_TIM_Encoder_Stop                              build/stm32f1xx_hal_tim.o
HAL_TIM_Encoder_Stop_DMA                          build/stm32f1xx_hal_tim.o
HAL_TIM_Encoder_Stop_IT                           build/stm32f1xx_hal_tim.o
HAL_TIM_ErrorCallback                             build/stm32f1xx_hal_tim.o
HAL_TIM_GenerateEvent                             build/stm32f1xx_hal_tim.o
HAL_TIM_IC_CaptureCallback                        build/stm32f1xx_hal_tim.o
HAL_TIM_IC_ConfigChannel                          build/stm32f1xx_hal_tim.o
HAL_TIM_IC_DeInit                                 build/stm32f1xx_hal_tim.o
HAL_TIM_IC_GetState                               build/stm32f1xx_hal_tim.o
HAL_TIM_IC_Init                                   build/stm32f1xx_hal_tim.o
HAL_TIM_IC_MspDeInit                              build/stm32f1xx_hal_tim.o
HAL_TIM_IC_MspInit                                build/stm32f1xx_hal_tim.o
HAL_TIM_IC_Start                                  build/stm32f1xx_hal_tim.o
HAL_TIM_IC_Start_DMA                              build/stm32f1xx_hal_tim.o
HAL_TIM_IC_Start_IT                               build/stm32f1xx_hal_tim.o
HAL_TIM_IC_Stop                                   build/stm32f1xx_hal_tim.o
HAL_TIM_IC_Stop_DMA                               build/stm32f1xx_hal_tim.o
HAL_TIM_IC_Stop_IT                                build/stm32f1xx_hal_tim.o
HAL_TIM_IRQHandler                                build/stm32f1xx_hal_tim.o
                                                  build/stm32f1xx_it.o
HAL_TIM_OC_ConfigChannel                          build/stm32f1xx_hal_tim.o
HAL_TIM_OC_DeInit                                 build/stm32f1xx_hal_tim.o
HAL_TIM_OC_DelayElapsedCallback                   build/stm32f1xx_hal_tim.o
HAL_TIM_OC_GetState                               build/stm32f1xx_hal_tim.o
HAL_TIM_OC_Init                                   build/stm32f1xx_hal_tim.o
HAL_TIM_OC_MspDeInit                              build/stm32f1xx_hal_tim.o
HAL_TIM_OC_MspInit                                build/stm32f1xx_hal_tim.o
HAL_TIM_OC_Start                                  build/stm32f1xx_hal_tim.o
HAL_TIM_OC_Start_DMA                              build/stm32f1xx_hal_tim.o
HAL_TIM_OC_Start_IT                               build/stm32f1xx_hal_tim.o
HAL_TIM_OC_Stop                                   build/stm32f1xx_hal_tim.o
HAL_TIM_OC_Stop_DMA                               build/stm32f1xx_hal_tim.o
HAL_TIM_OC_Stop_IT                                build/stm32f1xx_hal_tim.o
HAL_TIM_OnePulse_ConfigChannel                    build/stm32f1xx_hal_tim.o
HAL_TIM_OnePulse_DeInit                           build/stm32f1xx_hal_tim.o
HAL_TIM_OnePulse_GetState                         build/stm32f1xx_hal_tim.o
HAL_TIM_OnePulse_Init                             build/stm32f1xx_hal_tim.o
HAL_TIM_OnePulse_MspDeInit                        build/stm32f1xx_hal_tim.o
HAL_TIM_OnePulse_MspInit                          build/stm32f1xx_hal_tim.o
HAL_TIM_OnePulse_Start                            build/stm32f1xx_hal_tim.o
HAL_TIM_OnePulse_Start_IT                         build/stm32f1xx_hal_tim.o
HAL_TIM_OnePulse_Stop                             build/stm32f1xx_hal_tim.o
HAL_TIM_OnePulse_Stop_IT                          build/stm32f1xx_hal_tim.o
HAL_TIM_PWM_ConfigChannel                         build/stm32f1xx_hal_tim.o
HAL_TIM_PWM_DeInit                                build/stm32f1xx_hal_tim.o
HAL_TIM_PWM_GetState                              build/stm32f1xx_hal_tim.o
HAL_TIM_PWM_Init                                  build/stm32f1xx_hal_tim.o
HAL_TIM_PWM_MspDeInit                             build/stm32f1xx_hal_tim.o
HAL_TIM_PWM_MspInit                               build/stm32f1xx_hal_tim.o
HAL_TIM_PWM_PulseFinishedCallback                 build/stm32f1xx_hal_tim.o
HAL_TIM_PWM_Start                                 build/stm32f1xx_hal_tim.o
HAL_TIM_PWM_Start_DMA                             build/stm32f1xx_hal_tim.o
HAL_TIM_PWM_Start_IT                              build/stm32f1xx_hal_tim.o
HAL_TIM_PWM_Stop                                  build/stm32f1xx_hal_tim.o
HAL_TIM_PWM_Stop_DMA                              build/stm32f1xx_hal_tim.o
HAL_TIM_PWM_Stop_IT                               build/stm32f1xx_hal_tim.o
HAL_TIM_PeriodElapsedCallback                     build/main.o
HAL_TIM_ReadCapturedValue                         build/stm32f1xx_hal_tim.o
HAL_TIM_SlaveConfigSynchronization                build/stm32f1xx_hal_tim.o
HAL_TIM_SlaveConfigSynchronization_IT             build/stm32f1xx_hal_tim.o
HAL_TIM_TriggerCallback                           build/stm32f1xx_hal_tim.o
HAL_UART_Abort                                    build/stm32f1xx_hal_uart.o
HAL_UART_AbortCpltCallback                        build/stm32f1xx_hal_uart.o
HAL_UART_AbortReceive                             build/stm32f1xx_hal_uart.o
HAL_UART_AbortReceiveCpltCallback                 build/stm32f1xx_hal_uart.o
HAL_UART_AbortReceive_IT                          build/stm32f1xx_hal_uart.o
HAL_UART_AbortTransmit                            build/stm32f1xx_hal_uart.o
HAL_UART_AbortTransmitCpltCallback                build/stm32f1xx_hal_uart.o
HAL_UART_AbortTransmit_IT                         build/stm32f1xx_hal_uart.o
HAL_UART_Abort_IT                                 build/stm32f1xx_hal_uart.o
HAL_UART_DMAPause                                 build/stm32f1xx_hal_uart.o
HAL_UART_DMAResume                                build/stm32f1xx_hal_uart.o
HAL_UART_DMAStop                                  build/stm32f1xx_hal_uart.o
HAL_UART_DeInit                                   build/stm32f1xx_hal_uart.o
HAL_UART_ErrorCallback                            build/stm32f1xx_hal_uart.o
HAL_UART_GetError                                 build/stm32f1xx_hal_uart.o
HAL_UART_GetState                                 build/stm32f1xx_hal_uart.o
HAL_UART_IRQHandler                               build/stm32f1xx_hal_uart.o
HAL_UART_Init                                     build/stm32f1xx_hal_uart.o
                                                  build/usart.o
HAL_UART_MspDeInit                                build/usart.o
HAL_UART_MspInit                                  build/usart.o
HAL_UART_Receive                                  build/stm32f1xx_hal_uart.o
HAL_UART_Receive_DMA                              build/stm32f1xx_hal_uart.o
HAL_UART_Receive_IT                               build/stm32f1xx_hal_uart.o
HAL_UART_RxCpltCallback                           build/stm32f1xx_hal_uart.o
HAL_UART_RxHalfCpltCallback                       build/stm32f1xx_hal_uart.o
HAL_UART_Transmit                                 build/stm32f1xx_hal_uart.o
HAL_UART_Transmit_DMA                             build/stm32f1xx_hal_uart.o
HAL_UART_Transmit_IT                              build/stm32f1xx_hal_uart.o
HAL_UART_TxCpltCallback                           build/stm32f1xx_hal_uart.o
HAL_UART_TxHalfCpltCallback                       build/stm32f1xx_hal_uart.o
HardFault_Handler                                 build/stm32f1xx_it.o
I2C1_ER_IRQHandler                                build/startup_stm32f103xe.o
I2C1_EV_IRQHandler                                build/startup_stm32f103xe.o
I2C2_ER_IRQHandler                                build/startup_stm32f103xe.o
I2C2_EV_IRQHandler                                build/startup_stm32f103xe.o
MX_FREERTOS_Init                                  build/freertos.o
                                                  build/main.o
MX_GPIO_Init                                      build/gpio.o
                                                  build/main.o
MX_GPIO_Toggle                                    build/gpio.o
                                                  build/freertos.o
MX_SDIO_SD_Init                                   build/sdio.o
                                                  build/main.o
MX_SPI1_Init                                      build/spi.o
                                                  build/main.o
MX_USART1_UART_Init                               build/usart.o
                                                  build/main.o
MemManage_Handler                                 build/stm32f1xx_it.o
NMI_Handler                                       build/stm32f1xx_it.o
PVD_IRQHandler                                    build/startup_stm32f103xe.o
PendSV_Handler                                    build/port.o
RCC_IRQHandler                                    build/startup_stm32f103xe.o
RTC_Alarm_IRQHandler                              build/startup_stm32f103xe.o
RTC_IRQHandler                                    build/startup_stm32f103xe.o
Reset_Handler                                     build/startup_stm32f103xe.o
SDIO_ConfigData                                   build/stm32f1xx_ll_sdmmc.o
                                                  build/stm32f1xx_hal_sd.o
SDIO_GetCommandResponse                           build/stm32f1xx_ll_sdmmc.o
SDIO_GetDataCounter                               build/stm32f1xx_ll_sdmmc.o
SDIO_GetFIFOCount                                 build/stm32f1xx_ll_sdmmc.o
SDIO_GetPowerState                                build/stm32f1xx_ll_sdmmc.o
                                                  build/stm32f1xx_hal_sd.o
SDIO_GetResponse                                  build/stm32f1xx_ll_sdmmc.o
                                                  build/stm32f1xx_hal_sd.o
SDIO_IRQHandler                                   build/startup_stm32f103xe.o
SDIO_Init                                         build/stm32f1xx_ll_sdmmc.o
                                                  build/stm32f1xx_hal_sd.o
SDIO_PowerState_OFF                               build/stm32f1xx_ll_sdmmc.o
                                                  build/stm32f1xx_hal_sd.o