Archive member included to satisfy reference by file (symbol)

/usr/lib/gcc/arm-none-eabi/4.9.3/../../../arm-none-eabi/lib/armv7-m/libc_nano.a(lib_a-atexit.o)
                              /usr/lib/gcc/arm-none-eabi/4.9.3/../../../arm-none-eabi/lib/armv7-m/crt0.o (atexit)
/usr/lib/gcc/arm-none-eabi/4.9.3/../../../arm-none-eabi/lib/armv7-m/libc_nano.a(lib_a-exit.o)
                              /usr/lib/gcc/arm-none-eabi/4.9.3/../../../arm-none-eabi/lib/armv7-m/crt0.o (exit)
/usr/lib/gcc/arm-none-eabi/4.9.3/../../../arm-none-eabi/lib/armv7-m/libc_nano.a(lib_a-fini.o)
                              /usr/lib/gcc/arm-none-eabi/4.9.3/../../../arm-none-eabi/lib/armv7-m/crt0.o (__libc_fini_array)
/usr/lib/gcc/arm-none-eabi/4.9.3/../../../arm-none-eabi/lib/armv7-m/libc_nano.a(lib_a-impure.o)
                              /usr/lib/gcc/arm-none-eabi/4.9.3/../../../arm-none-eabi/lib/armv7-m/libc_nano.a(lib_a-exit.o) (_global_impure_ptr)
/usr/lib/gcc/arm-none-eabi/4.9.3/../../../arm-none-eabi/lib/armv7-m/libc_nano.a(lib_a-init.o)
                              /usr/lib/gcc/arm-none-eabi/4.9.3/../../../arm-none-eabi/lib/armv7-m/crt0.o (__libc_init_array)
/usr/lib/gcc/arm-none-eabi/4.9.3/../../../arm-none-eabi/lib/armv7-m/libc_nano.a(lib_a-memcpy.o)
                              build/queue.o (memcpy)
/usr/lib/gcc/arm-none-eabi/4.9.3/../../../arm-none-eabi/lib/armv7-m/libc_nano.a(lib_a-memset.o)
                              /usr/lib/gcc/arm-none-eabi/4.9.3/../../../arm-none-eabi/lib/armv7-m/crt0.o (memset)
/usr/lib/gcc/arm-none-eabi/4.9.3/../../../arm-none-eabi/lib/armv7-m/libc_nano.a(lib_a-__atexit.o)
                              /usr/lib/gcc/arm-none-eabi/4.9.3/../../../arm-none-eabi/lib/armv7-m/libc_nano.a(lib_a-atexit.o) (__register_exitproc)
/usr/lib/gcc/arm-none-eabi/4.9.3/../../../arm-none-eabi/lib/armv7-m/libc_nano.a(lib_a-__call_atexit.o)
                              /usr/lib/gcc/arm-none-eabi/4.9.3/../../../arm-none-eabi/lib/armv7-m/libc_nano.a(lib_a-__atexit.o) (__call_exitprocs)
/usr/lib/gcc/arm-none-eabi/4.9.3/../../../arm-none-eabi/lib/armv7-m/libnosys.a(_exit.o)
                              /usr/lib/gcc/arm-none-eabi/4.9.3/../../../arm-none-eabi/lib/armv7-m/libc_nano.a(lib_a-exit.o) (_exit)

Allocating common symbols
Common symbol       size              file

defaultTaskHandle   0x4               build/freertos.o
uwTick              0x4               build/stm32f1xx_hal.o
xQueueRegistry      0x40              build/queue.o
pFlash              0x20              build/stm32f1xx_hal_flash.o
huart1              0x40              build/usart.o
htim1               0x40              build/stm32f1xx_hal_timebase_TIM.o
hsd                 0x84              build/sdio.o
hspi1               0x58              build/spi.o
hpcd_USB_FS         0x460             build/usb.o

Discarded input sections

 .text          0x0000000000000000        0x0 /usr/lib/gcc/arm-none-eabi/4.9.3/armv7-m/crti.o
 .data          0x0000000000000000        0x0 /usr/lib/gcc/arm-none-eabi/4.9.3/armv7-m/crti.o
 .bss           0x0000000000000000        0x0 /usr/lib/gcc/arm-none-eabi/4.9.3/armv7-m/crti.o
 .data          0x0000000000000000        0x4 /usr/lib/gcc/arm-none-eabi/4.9.3/armv7-m/crtbegin.o
 .text          0x0000000000000000       0x68 /usr/lib/gcc/arm-none-eabi/4.9.3/../../../arm-none-eabi/lib/armv7-m/crt0.o
 .data          0x0000000000000000        0x0 /usr/lib/gcc/arm-none-eabi/4.9.3/../../../arm-none-eabi/lib/armv7-m/crt0.o
 .bss           0x0000000000000000        0x0 /usr/lib/gcc/arm-none-eabi/4.9.3/../../../arm-none-eabi/lib/armv7-m/crt0.o
 .ARM.extab     0x0000000000000000        0x0 /usr/lib/gcc/arm-none-eabi/4.9.3/../../../arm-none-eabi/lib/armv7-m/crt0.o
 .ARM.exidx     0x0000000000000000        0x8 /usr/lib/gcc/arm-none-eabi/4.9.3/../../../arm-none-eabi/lib/armv7-m/crt0.o
 .debug_line    0x0000000000000000       0x7b /usr/lib/gcc/arm-none-eabi/4.9.3/../../../arm-none-eabi/lib/armv7-m/crt0.o
 .debug_info    0x0000000000000000       0xa8 /usr/lib/gcc/arm-none-eabi/4.9.3/../../../arm-none-eabi/lib/armv7-m/crt0.o
 .debug_abbrev  0x0000000000000000       0x14 /usr/lib/gcc/arm-none-eabi/4.9.3/../../../arm-none-eabi/lib/armv7-m/crt0.o
 .debug_aranges
                0x0000000000000000       0x20 /usr/lib/gcc/arm-none-eabi/4.9.3/../../../arm-none-eabi/lib/armv7-m/crt0.o
 .ARM.attributes
                0x0000000000000000       0x1b /usr/lib/gcc/arm-none-eabi/4.9.3/../../../arm-none-eabi/lib/armv7-m/crt0.o
 .text          0x0000000000000000        0x0 build/main.o
 .data          0x0000000000000000        0x0 build/main.o
 .bss           0x0000000000000000        0x0 build/main.o
 .text          0x0000000000000000        0x0 build/gpio.o
 .data          0x0000000000000000        0x0 build/gpio.o
 .bss           0x0000000000000000        0x0 build/gpio.o
 .text          0x0000000000000000        0x0 build/freertos.o
 .data          0x0000000000000000        0x0 build/freertos.o
[...]
Memory Configuration

Name             Origin             Length             Attributes
RAM              0x0000000020000000 0x0000000000010000 xrw
FLASH            0x0000000008000000 0x0000000000080000 xr
*default*        0x0000000000000000 0xffffffffffffffff

Linker script and memory map

LOAD /usr/lib/gcc/arm-none-eabi/4.9.3/armv7-m/crti.o
LOAD /usr/lib/gcc/arm-none-eabi/4.9.3/armv7-m/crtbegin.o
LOAD /usr/lib/gcc/arm-none-eabi/4.9.3/../../../arm-none-eabi/lib/armv7-m/crt0.o
LOAD build/main.o
LOAD build/gpio.o
LOAD build/freertos.o
LOAD build/sdio.o
LOAD build/spi.o
LOAD build/usart.o
LOAD build/usb.o
LOAD build/stm32f1xx_it.o
LOAD build/stm32f1xx_hal_msp.o
LOAD build/stm32f1xx_hal_timebase_TIM.o
LOAD build/stm32f1xx_hal_gpio_ex.o
LOAD build/stm32f1xx_ll_sdmmc.o
LOAD build/stm32f1xx_hal_sd.o
LOAD build/stm32f1xx_hal_spi.o
LOAD build/stm32f1xx_hal_spi_ex.o
LOAD build/stm32f1xx_hal_tim.o
LOAD build/stm32f1xx_hal_tim_ex.o
LOAD build/stm32f1xx_hal_uart.o
LOAD build/stm32f1xx_hal_pcd.o
LOAD build/stm32f1xx_hal_pcd_ex.o
LOAD build/stm32f1xx_ll_usb.o
LOAD build/stm32f1xx_hal.o
LOAD build/stm32f1xx_hal_rcc.o
LOAD build/stm32f1xx_hal_rcc_ex.o
LOAD build/stm32f1xx_hal_gpio.o
LOAD build/stm32f1xx_hal_dma.o
LOAD build/stm32f1xx_hal_cortex.o
LOAD build/stm32f1xx_hal_pwr.o
LOAD build/stm32f1xx_hal_flash.o
LOAD build/stm32f1xx_hal_flash_ex.o
LOAD build/system_stm32f1xx.o
LOAD build/heap_4.o
LOAD build/port.o
LOAD build/croutine.o
LOAD build/event_groups.o
LOAD build/list.o
LOAD build/queue.o
LOAD build/tasks.o
LOAD build/timers.o
LOAD build/cmsis_os.o
LOAD build/startup_stm32f103xe.o
LOAD /usr/lib/gcc/arm-none-eabi/4.9.3/../../../arm-none-eabi/lib/armv7-m/libc_nano.a
LOAD /usr/lib/gcc/arm-none-eabi/4.9.3/../../../arm-none-eabi/lib/armv7-m/libm.a
LOAD /usr/lib/gcc/arm-none-eabi/4.9.3/../../../arm-none-eabi/lib/armv7-m/libnosys.a
START GROUP
LOAD /usr/lib/gcc/arm-none-eabi/4.9.3/armv7-m/libgcc.a
LOAD /usr/lib/gcc/arm-none-eabi/4.9.3/../../../arm-none-eabi/lib/armv7-m/libc_nano.a
END GROUP
START GROUP
LOAD /usr/lib/gcc/arm-none-eabi/4.9.3/armv7-m/libgcc.a
LOAD /usr/lib/gcc/arm-none-eabi/4.9.3/../../../arm-none-eabi/lib/armv7-m/libc_nano.a
END GROUP
LOAD /usr/lib/gcc/arm-none-eabi/4.9.3/armv7-m/crtend.o
LOAD /usr/lib/gcc/arm-none-eabi/4.9.3/armv7-m/crtn.o
                0x0000000020010000                _estack = 0x20010000
                0x0000000000000200                _Min_Heap_Size = 0x200
                0x0000000000000400                _Min_Stack_Size = 0x400

.isr_vector     0x0000000008000000      0x1e4
                0x0000000008000000                . = ALIGN (0x4)
 *(.isr_vector)
 .isr_vector    0x0000000008000000      0x1e4 build/startup_stm32f103xe.o
                0x0000000008000000                g_pfnVectors
                0x00000000080001e4                . = ALIGN (0x4)

.text           0x00000000080001f0     0x31cc
                0x00000000080001f0                . = ALIGN (0x4)
 *(.text)
 .text          0x00000000080001f0       0xa4 /usr/lib/gcc/arm-none-eabi/4.9.3/armv7-m/crtbegin.o
 *(.text*)
 .text.HAL_TIM_PeriodElapsedCallback
                0x0000000008000294       0x14 build/main.o
                0x0000000008000294                HAL_TIM_PeriodElapsedCallback
 .text._Error_Handler
                0x00000000080002a8        0x4 build/main.o
                0x00000000080002a8                _Error_Handler
 .text.SystemClock_Config
                0x00000000080002ac       0x9c build/main.o
                0x00000000080002ac                SystemClock_Config
 .text.main     0x0000000008000348       0x28 build/main.o
                0x0000000008000348                main
 .text.MX_GPIO_Init
                0x0000000008000370      0x104 build/gpio.o
                0x0000000008000370                MX_GPIO_Init
 .text.StartDefaultTask
                0x0000000008000474        0xc build/freertos.o
                0x0000000008000474                StartDefaultTask
 .text.MX_FREERTOS_Init
                0x0000000008000480       0x28 build/freertos.o
                0x0000000008000480                MX_FREERTOS_Init
 .text.MX_SDIO_SD_Init
                0x00000000080004a8       0x48 build/sdio.o
                0x00000000080004a8                MX_SDIO_SD_Init
 .text.HAL_SD_MspInit
                0x00000000080004f0       0x5c build/sdio.o
                0x00000000080004f0                HAL_SD_MspInit
 .text.MX_SPI1_Init
                0x000000000800054c       0x48 build/spi.o
                0x000000000800054c                MX_SPI1_Init
 .text.HAL_SPI_MspInit
                0x0000000008000594       0x58 build/spi.o
                0x0000000008000594                HAL_SPI_MspInit
 .text.MX_USART1_UART_Init
                0x00000000080005ec       0x3c build/usart.o
                0x00000000080005ec                MX_USART1_UART_Init
 .text.HAL_UART_MspInit
                0x0000000008000628       0x5c build/usart.o
                0x0000000008000628                HAL_UART_MspInit
 .text.MX_USB_PCD_Init
                0x0000000008000684       0x38 build/usb.o
                0x0000000008000684                MX_USB_PCD_Init
 .text.HAL_PCD_MspInit
                0x00000000080006bc       0x28 build/usb.o
                0x00000000080006bc                HAL_PCD_MspInit
 .text.NMI_Handler
                0x00000000080006e4        0x4 build/stm32f1xx_it.o
                0x00000000080006e4                NMI_Handler
 .text.HardFault_Handler
                0x00000000080006e8        0x4 build/stm32f1xx_it.o
                0x00000000080006e8                HardFault_Handler
 .text.MemManage_Handler
                0x00000000080006ec        0x4 build/stm32f1xx_it.o
                0x00000000080006ec                MemManage_Handler
 .text.BusFault_Handler
                0x00000000080006f0        0x4 build/stm32f1xx_it.o
                0x00000000080006f0                BusFault_Handler
 .text.UsageFault_Handler
                0x00000000080006f4        0x4 build/stm32f1xx_it.o
                0x00000000080006f4                UsageFault_Handler
 .text.DebugMon_Handler
                0x00000000080006f8        0x4 build/stm32f1xx_it.o
                0x00000000080006f8                DebugMon_Handler
 .text.SysTick_Handler
                0x00000000080006fc        0x8 build/stm32f1xx_it.o
                0x00000000080006fc                SysTick_Handler
 .text.TIM1_UP_IRQHandler
                0x0000000008000704       0x10 build/stm32f1xx_it.o
                0x0000000008000704                TIM1_UP_IRQHandler
 .text.HAL_MspInit
                0x0000000008000714       0x9c build/stm32f1xx_hal_msp.o
                0x0000000008000714                HAL_MspInit
 .text.HAL_InitTick
                0x00000000080007b0       0x78 build/stm32f1xx_hal_timebase_TIM.o
                0x00000000080007b0                HAL_InitTick
 .text.SDMMC_GetCmdError
                0x0000000008000828       0x3c build/stm32f1xx_ll_sdmmc.o
 .text.SDMMC_GetCmdResp2
                0x0000000008000864       0x5c build/stm32f1xx_ll_sdmmc.o
 .text.SDMMC_GetCmdResp3
                0x00000000080008c0       0x50 build/stm32f1xx_ll_sdmmc.o
 .text.SDMMC_GetCmdResp7
                0x0000000008000910       0x54 build/stm32f1xx_ll_sdmmc.o
 .text.SDIO_Init
                0x0000000008000964       0x38 build/stm32f1xx_ll_sdmmc.o
                0x0000000008000964                SDIO_Init
 .text.SDIO_ReadFIFO
                0x000000000800099c        0x8 build/stm32f1xx_ll_sdmmc.o
                0x000000000800099c                SDIO_ReadFIFO
 .text.SDIO_PowerState_ON
                0x00000000080009a4        0x8 build/stm32f1xx_ll_sdmmc.o
                0x00000000080009a4                SDIO_PowerState_ON
 .text.SDIO_GetPowerState
                0x00000000080009ac        0x8 build/stm32f1xx_ll_sdmmc.o
                0x00000000080009ac                SDIO_GetPowerState
 .text.SDIO_SendCommand
                0x00000000080009b4       0x28 build/stm32f1xx_ll_sdmmc.o
                0x00000000080009b4                SDIO_SendCommand
 .text.SDIO_GetCommandResponse
                0x00000000080009dc        0x8 build/stm32f1xx_ll_sdmmc.o
                0x00000000080009dc                SDIO_GetCommandResponse
 .text.SDIO_GetResponse
                0x00000000080009e4       0x14 build/stm32f1xx_ll_sdmmc.o
                0x00000000080009e4                SDIO_GetResponse
 .text.SDMMC_GetCmdResp1
                0x00000000080009f8      0x154 build/stm32f1xx_ll_sdmmc.o
 .text.SDMMC_GetCmdResp6
                0x0000000008000b4c       0xa0 build/stm32f1xx_ll_sdmmc.o
 .text.SDIO_ConfigData
                0x0000000008000bec       0x24 build/stm32f1xx_ll_sdmmc.o
                0x0000000008000bec                SDIO_ConfigData
 .text.SDMMC_CmdBlockLength
                0x0000000008000c10       0x30 build/stm32f1xx_ll_sdmmc.o
                0x0000000008000c10                SDMMC_CmdBlockLength
 .text.SDMMC_CmdSelDesel
                0x0000000008000c40       0x30 build/stm32f1xx_ll_sdmmc.o
                0x0000000008000c40                SDMMC_CmdSelDesel
 .text.SDMMC_CmdGoIdleState
                0x0000000008000c70       0x28 build/stm32f1xx_ll_sdmmc.o
                0x0000000008000c70                SDMMC_CmdGoIdleState
 .text.SDMMC_CmdOperCond
                0x0000000008000c98       0x30 build/stm32f1xx_ll_sdmmc.o
                0x0000000008000c98                SDMMC_CmdOperCond
 .text.SDMMC_CmdAppCommand
                0x0000000008000cc8       0x30 build/stm32f1xx_ll_sdmmc.o
                0x0000000008000cc8                SDMMC_CmdAppCommand
 .text.SDMMC_CmdAppOperCommand
                0x0000000008000cf8       0x34 build/stm32f1xx_ll_sdmmc.o
                0x0000000008000cf8                SDMMC_CmdAppOperCommand
 .text.SDMMC_CmdBusWidth
                0x0000000008000d2c       0x30 build/stm32f1xx_ll_sdmmc.o
                0x0000000008000d2c                SDMMC_CmdBusWidth
 .text.SDMMC_CmdSendSCR
                0x0000000008000d5c       0x30 build/stm32f1xx_ll_sdmmc.o
                0x0000000008000d5c                SDMMC_CmdSendSCR
 .text.SDMMC_CmdSendCID
                0x0000000008000d8c       0x2c build/stm32f1xx_ll_sdmmc.o
                0x0000000008000d8c                SDMMC_CmdSendCID
 .text.SDMMC_CmdSendCSD
                0x0000000008000db8       0x2c build/stm32f1xx_ll_sdmmc.o
                0x0000000008000db8                SDMMC_CmdSendCSD
 .text.SDMMC_CmdSetRelAdd
                0x0000000008000de4       0x30 build/stm32f1xx_ll_sdmmc.o
                0x0000000008000de4                SDMMC_CmdSetRelAdd
 .text.SD_PowerON
                0x0000000008000e14       0xd4 build/stm32f1xx_hal_sd.o
 .text.SD_FindSCR
                0x0000000008000ee8      0x104 build/stm32f1xx_hal_sd.o
 .text.SD_WideBus_Enable
                0x0000000008000fec       0x60 build/stm32f1xx_hal_sd.o
 .text.SD_WideBus_Disable
                0x000000000800104c       0x60 build/stm32f1xx_hal_sd.o
 .text.HAL_SD_GetCardCSD
                0x00000000080010ac      0x1e4 build/stm32f1xx_hal_sd.o
                0x00000000080010ac                HAL_SD_GetCardCSD
 .text.SD_InitCard
                0x0000000008001290       0xf4 build/stm32f1xx_hal_sd.o
 .text.HAL_SD_InitCard
                0x0000000008001384       0x78 build/stm32f1xx_hal_sd.o
                0x0000000008001384                HAL_SD_InitCard
 .text.HAL_SD_Init
                0x00000000080013fc       0x38 build/stm32f1xx_hal_sd.o
                0x00000000080013fc                HAL_SD_Init
 .text.HAL_SD_ConfigWideBusOperation
                0x0000000008001434       0xa0 build/stm32f1xx_hal_sd.o
                0x0000000008001434                HAL_SD_ConfigWideBusOperation
 .text.HAL_SPI_Init
                0x00000000080014d4       0x84 build/stm32f1xx_hal_spi_ex.o
                0x00000000080014d4                HAL_SPI_Init
 .text.HAL_TIM_Base_MspInit
                0x0000000008001558        0x4 build/stm32f1xx_hal_tim.o
                0x0000000008001558                HAL_TIM_Base_MspInit
 .text.HAL_TIM_Base_Start_IT
                0x000000000800155c       0x18 build/stm32f1xx_hal_tim.o
                0x000000000800155c                HAL_TIM_Base_Start_IT
 .text.HAL_TIM_OC_DelayElapsedCallback
                0x0000000008001574        0x4 build/stm32f1xx_hal_tim.o
                0x0000000008001574                HAL_TIM_OC_DelayElapsedCallback
 .text.HAL_TIM_IC_CaptureCallback
                0x0000000008001578        0x4 build/stm32f1xx_hal_tim.o
                0x0000000008001578                HAL_TIM_IC_CaptureCallback
 .text.HAL_TIM_PWM_PulseFinishedCallback
                0x000000000800157c        0x4 build/stm32f1xx_hal_tim.o
                0x000000000800157c                HAL_TIM_PWM_PulseFinishedCallback
 .text.HAL_TIM_TriggerCallback
                0x0000000008001580        0x4 build/stm32f1xx_hal_tim.o
                0x0000000008001580                HAL_TIM_TriggerCallback
 .text.HAL_TIM_IRQHandler
                0x0000000008001584      0x174 build/stm32f1xx_hal_tim.o
                0x0000000008001584                HAL_TIM_IRQHandler
 .text.TIM_Base_SetConfig
                0x00000000080016f8       0x98 build/stm32f1xx_hal_tim.o
                0x00000000080016f8                TIM_Base_SetConfig
 .text.HAL_TIM_Base_Init
                0x0000000008001790       0x38 build/stm32f1xx_hal_tim.o
                0x0000000008001790                HAL_TIM_Base_Init
 .text.HAL_TIMEx_CommutationCallback
                0x00000000080017c8        0x4 build/stm32f1xx_hal_tim_ex.o
                0x00000000080017c8                HAL_TIMEx_CommutationCallback
 .text.HAL_TIMEx_BreakCallback
                0x00000000080017cc        0x4 build/stm32f1xx_hal_tim_ex.o
                0x00000000080017cc                HAL_TIMEx_BreakCallback
 .text.UART_SetConfig
                0x00000000080017d0      0x1bc build/stm32f1xx_hal_uart.o
 .text.HAL_UART_Init
                0x000000000800198c       0x64 build/stm32f1xx_hal_uart.o
                0x000000000800198c                HAL_UART_Init
 .text.HAL_PCD_Init
                0x00000000080019f0       0xdc build/stm32f1xx_hal_pcd.o
                0x00000000080019f0                HAL_PCD_Init
 .text.USB_CoreInit
                0x0000000008001acc       0x10 build/stm32f1xx_ll_usb.o
                0x0000000008001acc                USB_CoreInit
 .text.USB_EnableGlobalInt
                0x0000000008001adc       0x14 build/stm32f1xx_ll_usb.o
                0x0000000008001adc                USB_EnableGlobalInt
 .text.USB_DisableGlobalInt
                0x0000000008001af0       0x14 build/stm32f1xx_ll_usb.o
                0x0000000008001af0                USB_DisableGlobalInt
 .text.USB_SetCurrentMode
                0x0000000008001b04        0x4 build/stm32f1xx_ll_usb.o
                0x0000000008001b04                USB_SetCurrentMode
 .text.USB_DevInit
                0x0000000008001b08       0x2c build/stm32f1xx_ll_usb.o
                0x0000000008001b08                USB_DevInit
 .text.USB_DevDisconnect
                0x0000000008001b34        0x4 build/stm32f1xx_ll_usb.o
                0x0000000008001b34                USB_DevDisconnect
 .text.HAL_Init
                0x0000000008001b38       0x24 build/stm32f1xx_hal.o
                0x0000000008001b38                HAL_Init
 .text.HAL_IncTick
                0x0000000008001b5c       0x18 build/stm32f1xx_hal.o
                0x0000000008001b5c                HAL_IncTick
 .text.HAL_GetTick
                0x0000000008001b74        0xc build/stm32f1xx_hal.o
                0x0000000008001b74                HAL_GetTick
 .text.HAL_Delay
                0x0000000008001b80       0x28 build/stm32f1xx_hal.o
                0x0000000008001b80                HAL_Delay
 .text.RCC_Delay
                0x0000000008001ba8       0x2c build/stm32f1xx_hal_rcc.o
 .text.HAL_RCC_OscConfig
                0x0000000008001bd4      0x400 build/stm32f1xx_hal_rcc.o
                0x0000000008001bd4                HAL_RCC_OscConfig
 .text.HAL_RCC_GetSysClockFreq
                0x0000000008001fd4       0x70 build/stm32f1xx_hal_rcc.o
                0x0000000008001fd4                HAL_RCC_GetSysClockFreq
 .text.HAL_RCC_ClockConfig
                0x0000000008002044      0x184 build/stm32f1xx_hal_rcc.o
                0x0000000008002044                HAL_RCC_ClockConfig
 .text.HAL_RCC_GetHCLKFreq
                0x00000000080021c8        0xc build/stm32f1xx_hal_rcc.o
                0x00000000080021c8                HAL_RCC_GetHCLKFreq
 .text.HAL_RCC_GetPCLK1Freq
                0x00000000080021d4       0x20 build/stm32f1xx_hal_rcc.o
                0x00000000080021d4                HAL_RCC_GetPCLK1Freq
 .text.HAL_RCC_GetPCLK2Freq
                0x00000000080021f4       0x20 build/stm32f1xx_hal_rcc.o
                0x00000000080021f4                HAL_RCC_GetPCLK2Freq
 .text.HAL_RCC_GetClockConfig
                0x0000000008002214       0x3c build/stm32f1xx_hal_rcc.o
                0x0000000008002214                HAL_RCC_GetClockConfig
 .text.HAL_RCCEx_PeriphCLKConfig
                0x0000000008002250      0x114 build/stm32f1xx_hal_rcc_ex.o
                0x0000000008002250                HAL_RCCEx_PeriphCLKConfig
 .text.HAL_GPIO_Init
                0x0000000008002364      0x1f4 build/stm32f1xx_hal_gpio.o
                0x0000000008002364                HAL_GPIO_Init
 .text.HAL_GPIO_WritePin
                0x0000000008002558        0xc build/stm32f1xx_hal_gpio.o
                0x0000000008002558                HAL_GPIO_WritePin
 .text.HAL_NVIC_SetPriorityGrouping
                0x0000000008002564       0x24 build/stm32f1xx_hal_cortex.o
                0x0000000008002564                HAL_NVIC_SetPriorityGrouping
 .text.HAL_NVIC_SetPriority
                0x0000000008002588       0x64 build/stm32f1xx_hal_cortex.o
                0x0000000008002588                HAL_NVIC_SetPriority
 .text.HAL_NVIC_EnableIRQ
                0x00000000080025ec       0x18 build/stm32f1xx_hal_cortex.o
                0x00000000080025ec                HAL_NVIC_EnableIRQ
 .text.HAL_SYSTICK_Config
                0x0000000008002604       0x2c build/stm32f1xx_hal_cortex.o
                0x0000000008002604                HAL_SYSTICK_Config
 .text.HAL_SYSTICK_CLKSourceConfig
                0x0000000008002630       0x20 build/stm32f1xx_hal_cortex.o
                0x0000000008002630                HAL_SYSTICK_CLKSourceConfig
 .text.SystemInit
                0x0000000008002650       0x4c build/system_stm32f1xx.o
                0x0000000008002650                SystemInit
 .text.prvHeapInit
                0x000000000800269c       0x64 build/heap_4.o
 .text.prvInsertBlockIntoFreeList
                0x0000000008002700       0x58 build/heap_4.o
 .text.pvPortMalloc
                0x0000000008002758       0xec build/heap_4.o
                0x0000000008002758                pvPortMalloc
 .text.vPortFree
                0x0000000008002844       0x78 build/heap_4.o
                0x0000000008002844                vPortFree
 .text.prvTaskExitError
                0x00000000080028bc       0x34 build/port.o
 .text.prvPortStartFirstTask
                0x00000000080028f0       0x20 build/port.o
 .text.pxPortInitialiseStack
                0x0000000008002910       0x24 build/port.o
                0x0000000008002910                pxPortInitialiseStack
 *fill*         0x0000000008002934        0xc 
 .text.SVC_Handler
                0x0000000008002940       0x24 build/port.o
                0x0000000008002940                SVC_Handler
 .text.vPortEnterCritical
                0x0000000008002964       0x44 build/port.o
                0x0000000008002964                vPortEnterCritical
 .text.vPortExitCritical
                0x00000000080029a8       0x2c build/port.o
                0x00000000080029a8                vPortExitCritical
 *fill*         0x00000000080029d4        0xc 
 .text.PendSV_Handler
                0x00000000080029e0       0x44 build/port.o
                0x00000000080029e0                PendSV_Handler
 .text.xPortSysTickHandler
                0x0000000008002a24       0x2c build/port.o
                0x0000000008002a24                xPortSysTickHandler
 .text.vPortSetupTimerInterrupt
                0x0000000008002a50       0x2c build/port.o
                0x0000000008002a50                vPortSetupTimerInterrupt
 .text.xPortStartScheduler
                0x0000000008002a7c       0x98 build/port.o
                0x0000000008002a7c                xPortStartScheduler
 .text.vListInitialise
                0x0000000008002b14       0x18 build/list.o
                0x0000000008002b14                vListInitialise
 .text.vListInitialiseItem
                0x0000000008002b2c        0x8 build/list.o
                0x0000000008002b2c                vListInitialiseItem
 .text.vListInsertEnd
                0x0000000008002b34       0x18 build/list.o
                0x0000000008002b34                vListInsertEnd
 .text.vListInsert
                0x0000000008002b4c       0x34 build/list.o
                0x0000000008002b4c                vListInsert
 .text.uxListRemove
                0x0000000008002b80       0x24 build/list.o
                0x0000000008002b80                uxListRemove
 .text.prvResetNextTaskUnblockTime
                0x0000000008002ba4       0x34 build/tasks.o
 .text.prvDeleteTCB
                0x0000000008002bd8       0x14 build/tasks.o
 .text.prvInitialiseNewTask
                0x0000000008002bec       0x80 build/tasks.o
 .text.prvInitialiseTaskLists
                0x0000000008002c6c       0x68 build/tasks.o
 .text.prvAddNewTaskToReadyList
                0x0000000008002cd4       0xa8 build/tasks.o
 .text.prvAddCurrentTaskToDelayedList
                0x0000000008002d7c       0x94 build/tasks.o
 .text.xTaskCreate
                0x0000000008002e10       0x64 build/tasks.o
                0x0000000008002e10                xTaskCreate
 .text.vTaskStartScheduler
                0x0000000008002e74       0x7c build/tasks.o
                0x0000000008002e74                vTaskStartScheduler
 .text.vTaskSuspendAll
                0x0000000008002ef0       0x10 build/tasks.o
                0x0000000008002ef0                vTaskSuspendAll
 .text.xTaskIncrementTick
                0x0000000008002f00      0x124 build/tasks.o
                0x0000000008002f00                xTaskIncrementTick
 .text.xTaskResumeAll
                0x0000000008003024       0xf8 build/tasks.o
                0x0000000008003024                xTaskResumeAll
 .text.vTaskDelay
                0x000000000800311c       0x50 build/tasks.o
                0x000000000800311c                vTaskDelay
 .text.prvCheckTasksWaitingTermination
                0x000000000800316c       0x54 build/tasks.o
 .text.prvIdleTask
                0x00000000080031c0       0x28 build/tasks.o
 .text.vTaskSwitchContext
                0x00000000080031e8       0x98 build/tasks.o
                0x00000000080031e8                vTaskSwitchContext
 .text.xTaskGetSchedulerState
                0x0000000008003280       0x20 build/tasks.o
                0x0000000008003280                xTaskGetSchedulerState
 .text.makeFreeRtosPriority
                0x00000000080032a0        0xc build/cmsis_os.o
 .text.osKernelStart
                0x00000000080032ac        0xc build/cmsis_os.o
                0x00000000080032ac                osKernelStart
 .text.osThreadCreate
                0x00000000080032b8       0x34 build/cmsis_os.o
                0x00000000080032b8                osThreadCreate
 .text.osDelay  0x00000000080032ec       0x10 build/cmsis_os.o
                0x00000000080032ec                osDelay
 .text.osSystickHandler
                0x00000000080032fc       0x10 build/cmsis_os.o
                0x00000000080032fc                osSystickHandler
 .text.Reset_Handler
                0x000000000800330c       0x48 build/startup_stm32f103xe.o
                0x000000000800330c                Reset_Handler
 .text.Default_Handler
                0x0000000008003354        0x2 build/startup_stm32f103xe.o
                0x0000000008003354                RTC_Alarm_IRQHandler
                0x0000000008003354                EXTI2_IRQHandler
                0x0000000008003354                TIM8_TRG_COM_IRQHandler
                0x0000000008003354                TIM8_CC_IRQHandler
                0x0000000008003354                TIM1_CC_IRQHandler
                0x0000000008003354                TIM6_IRQHandler
                0x0000000008003354                PVD_IRQHandler
                0x0000000008003354                SDIO_IRQHandler
                0x0000000008003354                EXTI3_IRQHandler
                0x0000000008003354                EXTI0_IRQHandler
                0x0000000008003354                I2C2_EV_IRQHandler
                0x0000000008003354                ADC1_2_IRQHandler
                0x0000000008003354                SPI1_IRQHandler
                0x0000000008003354                TAMPER_IRQHandler
                0x0000000008003354                TIM8_UP_IRQHandler
                0x0000000008003354                DMA2_Channel2_IRQHandler
                0x0000000008003354                DMA1_Channel4_IRQHandler
                0x0000000008003354                USART3_IRQHandler
                0x0000000008003354                RTC_IRQHandler
                0x0000000008003354                DMA1_Channel7_IRQHandler
                0x0000000008003354                CAN1_RX1_IRQHandler
                0x0000000008003354                UART5_IRQHandler
                0x0000000008003354                ADC3_IRQHandler
                0x0000000008003354                TIM4_IRQHandler
                0x0000000008003354                DMA2_Channel1_IRQHandler
                0x0000000008003354                I2C1_EV_IRQHandler
                0x0000000008003354                DMA1_Channel6_IRQHandler
                0x0000000008003354                UART4_IRQHandler
                0x0000000008003354                TIM3_IRQHandler
                0x0000000008003354                RCC_IRQHandler
                0x0000000008003354                TIM1_TRG_COM_IRQHandler
                0x0000000008003354                DMA1_Channel1_IRQHandler
                0x0000000008003354                Default_Handler
                0x0000000008003354                EXTI15_10_IRQHandler
                0x0000000008003354                TIM7_IRQHandler
                0x0000000008003354                TIM5_IRQHandler
                0x0000000008003354                EXTI9_5_IRQHandler
                0x0000000008003354                SPI2_IRQHandler
                0x0000000008003354                DMA1_Channel5_IRQHandler
                0x0000000008003354                EXTI4_IRQHandler
                0x0000000008003354                USB_LP_CAN1_RX0_IRQHandler
                0x0000000008003354                USB_HP_CAN1_TX_IRQHandler
                0x0000000008003354                DMA1_Channel3_IRQHandler
                0x0000000008003354                FSMC_IRQHandler
                0x0000000008003354                WWDG_IRQHandler
                0x0000000008003354                TIM2_IRQHandler
                0x0000000008003354                TIM1_BRK_IRQHandler
                0x0000000008003354                EXTI1_IRQHandler
                0x0000000008003354                DMA2_Channel4_5_IRQHandler
                0x0000000008003354                USART2_IRQHandler
                0x0000000008003354                I2C2_ER_IRQHandler
                0x0000000008003354                DMA1_Channel2_IRQHandler
                0x0000000008003354                TIM8_BRK_IRQHandler
                0x0000000008003354                CAN1_SCE_IRQHandler
                0x0000000008003354                FLASH_IRQHandler
                0x0000000008003354                USART1_IRQHandler
                0x0000000008003354                SPI3_IRQHandler
                0x0000000008003354                I2C1_ER_IRQHandler
                0x0000000008003354                USBWakeUp_IRQHandler
                0x0000000008003354                DMA2_Channel3_IRQHandler
 *fill*         0x0000000008003356        0x2 
 .text.__libc_init_array
                0x0000000008003358       0x4c /usr/lib/gcc/arm-none-eabi/4.9.3/../../../arm-none-eabi/lib/armv7-m/libc_nano.a(lib_a-init.o)
                0x0000000008003358                __libc_init_array
 *(.glue_7)
 .glue_7        0x00000000080033a4        0x0 linker stubs
 *(.glue_7t)
 .glue_7t       0x00000000080033a4        0x0 linker stubs
 *(.eh_frame)
 .eh_frame      0x00000000080033a4        0x0 /usr/lib/gcc/arm-none-eabi/4.9.3/armv7-m/crtbegin.o
 *(.init)
 .init          0x00000000080033a4        0x4 /usr/lib/gcc/arm-none-eabi/4.9.3/armv7-m/crti.o
                0x00000000080033a4                _init
 .init          0x00000000080033a8        0x8 /usr/lib/gcc/arm-none-eabi/4.9.3/armv7-m/crtn.o
 *(.fini)
 .fini          0x00000000080033b0        0x4 /usr/lib/gcc/arm-none-eabi/4.9.3/armv7-m/crti.o
                0x00000000080033b0                _fini
 .fini          0x00000000080033b4        0x8 /usr/lib/gcc/arm-none-eabi/4.9.3/armv7-m/crtn.o
                0x00000000080033bc                . = ALIGN (0x4)
                0x00000000080033bc                _etext = .

.vfp11_veneer   0x00000000080033bc        0x0
 .vfp11_veneer  0x00000000080033bc        0x0 linker stubs

.v4_bx          0x00000000080033bc        0x0
 .v4_bx         0x00000000080033bc        0x0 linker stubs

.iplt           0x00000000080033bc        0x0
 .iplt          0x00000000080033bc        0x0 /usr/lib/gcc/arm-none-eabi/4.9.3/armv7-m/crtbegin.o

.rodata         0x00000000080033bc       0x90
                0x00000000080033bc                . = ALIGN (0x4)
 *(.rodata)
 .rodata        0x00000000080033bc       0x14 build/freertos.o
 .rodata        0x00000000080033d0       0x12 build/stm32f1xx_hal_rcc.o
 *(.rodata*)
 *fill*         0x00000000080033e2        0x2 
 .rodata.str1.4
                0x00000000080033e4        0xb build/main.o
 *fill*         0x00000000080033ef        0x1 
 .rodata.str1.4
                0x00000000080033f0        0xc build/freertos.o
 .rodata.str1.4
                0x00000000080033fc        0xb build/sdio.o
 *fill*         0x0000000008003407        0x1 
 .rodata.str1.4
                0x0000000008003408        0xa build/spi.o
 *fill*         0x0000000008003412        0x2 
 .rodata.str1.4
                0x0000000008003414        0xc build/usart.o
 .rodata.str1.4
                0x0000000008003420        0xa build/usb.o
 *fill*         0x000000000800342a        0x2 
 .rodata.AHBPrescTable
                0x000000000800342c       0x10 build/system_stm32f1xx.o
                0x000000000800342c                AHBPrescTable
 .rodata.APBPrescTable
                0x000000000800343c        0x8 build/system_stm32f1xx.o
                0x000000000800343c                APBPrescTable
 .rodata.str1.4
                0x0000000008003444        0x8 build/tasks.o
                                          0x5 (size before relaxing)
                0x000000000800344c                . = ALIGN (0x4)

.rel.dyn        0x000000000800344c        0x0
 .rel.iplt      0x000000000800344c        0x0 /usr/lib/gcc/arm-none-eabi/4.9.3/armv7-m/crtbegin.o

.ARM.extab
 *(.ARM.extab* .gnu.linkonce.armextab.*)

.ARM            0x000000000800344c        0x0
                0x000000000800344c                __exidx_start = .
 *(.ARM.exidx*)
                0x000000000800344c                __exidx_end = .

.preinit_array  0x000000000800344c        0x0
                0x000000000800344c                PROVIDE (__preinit_array_start, .)
 *(.preinit_array*)
                0x000000000800344c                PROVIDE (__preinit_array_end, .)

.init_array     0x000000000800344c        0x4
                0x000000000800344c                PROVIDE (__init_array_start, .)
 *(SORT(.init_array.*))
 *(.init_array*)
 .init_array    0x000000000800344c        0x4 /usr/lib/gcc/arm-none-eabi/4.9.3/armv7-m/crtbegin.o
                0x0000000008003450                PROVIDE (__init_array_end, .)

.fini_array     0x0000000008003450        0x4
                0x0000000008003450                PROVIDE (__fini_array_start, .)
 *(SORT(.fini_array.*))
 *(.fini_array*)
 .fini_array    0x0000000008003450        0x4 /usr/lib/gcc/arm-none-eabi/4.9.3/armv7-m/crtbegin.o
                0x0000000008003454                PROVIDE (__fini_array_end, .)
                0x0000000008003454                _sidata = LOADADDR (.data)

.data           0x0000000020000000        0xc load address 0x0000000008003454
                0x0000000020000000                . = ALIGN (0x4)
                0x0000000020000000                _sdata = .
 *(.data)
 *(.data*)
 .data.uwTickFreq
                0x0000000020000000        0x1 build/stm32f1xx_hal.o
                0x0000000020000000                uwTickFreq
 *fill*         0x0000000020000001        0x3 
 .data.SystemCoreClock
                0x0000000020000004        0x4 build/system_stm32f1xx.o
                0x0000000020000004                SystemCoreClock
 .data.uxCriticalNesting
                0x0000000020000008        0x4 build/port.o
                0x000000002000000c                . = ALIGN (0x4)
                0x000000002000000c                _edata = .

.jcr            0x000000002000000c        0x0 load address 0x0000000008003460
 .jcr           0x000000002000000c        0x0 /usr/lib/gcc/arm-none-eabi/4.9.3/armv7-m/crtbegin.o

.tm_clone_table
                0x000000002000000c        0x0 load address 0x0000000008003460
 .tm_clone_table
                0x000000002000000c        0x0 /usr/lib/gcc/arm-none-eabi/4.9.3/armv7-m/crtbegin.o
 .tm_clone_table
                0x000000002000000c        0x0 /usr/lib/gcc/arm-none-eabi/4.9.3/armv7-m/crtend.o

.igot.plt       0x000000002000000c        0x0 load address 0x0000000008003460
 .igot.plt      0x000000002000000c        0x0 /usr/lib/gcc/arm-none-eabi/4.9.3/armv7-m/crtbegin.o
                0x000000002000000c                . = ALIGN (0x4)

.bss            0x000000002000000c     0x132c load address 0x0000000008003460
                0x000000002000000c                _sbss = .
                0x000000002000000c                __bss_start__ = _sbss
 *(.bss)
 .bss           0x000000002000000c       0x1c /usr/lib/gcc/arm-none-eabi/4.9.3/armv7-m/crtbegin.o
 *(.bss*)
 .bss.xFreeBytesRemaining
                0x0000000020000028        0x4 build/heap_4.o
 .bss.pxEnd     0x000000002000002c        0x4 build/heap_4.o
 .bss.xStart    0x0000000020000030        0x8 build/heap_4.o
 .bss.ucHeap    0x0000000020000038      0xc00 build/heap_4.o
 .bss.xBlockAllocatedBit
                0x0000000020000c38        0x4 build/heap_4.o
 .bss.xMinimumEverFreeBytesRemaining
                0x0000000020000c3c        0x4 build/heap_4.o
 .bss.ucMaxSysCallPriority
                0x0000000020000c40        0x1 build/port.o
 *fill*         0x0000000020000c41        0x3 
 .bss.ulMaxPRIGROUPValue
                0x0000000020000c44        0x4 build/port.o
 .bss.xNumOfOverflows
                0x0000000020000c48        0x4 build/tasks.o
 .bss.pxDelayedTaskList
                0x0000000020000c4c        0x4 build/tasks.o
 .bss.xSchedulerRunning
                0x0000000020000c50        0x4 build/tasks.o
 .bss.xTasksWaitingTermination
                0x0000000020000c54       0x14 build/tasks.o
 .bss.pxOverflowDelayedTaskList
                0x0000000020000c68        0x4 build/tasks.o
 .bss.uxPendedTicks
                0x0000000020000c6c        0x4 build/tasks.o
 .bss.pxReadyTasksLists
                0x0000000020000c70       0x8c build/tasks.o
 .bss.uxSchedulerSuspended
                0x0000000020000cfc        0x4 build/tasks.o
 .bss.uxDeletedTasksWaitingCleanUp
                0x0000000020000d00        0x4 build/tasks.o
 .bss.uxCurrentNumberOfTasks
                0x0000000020000d04        0x4 build/tasks.o
 .bss.pxCurrentTCB
                0x0000000020000d08        0x4 build/tasks.o
                0x0000000020000d08                pxCurrentTCB
 .bss.xPendingReadyList
                0x0000000020000d0c       0x14 build/tasks.o
 .bss.xIdleTaskHandle
                0x0000000020000d20        0x4 build/tasks.o
 .bss.xTickCount
                0x0000000020000d24        0x4 build/tasks.o
 .bss.xNextTaskUnblockTime
                0x0000000020000d28        0x4 build/tasks.o
 .bss.uxTaskNumber
                0x0000000020000d2c        0x4 build/tasks.o
 .bss.xDelayedTaskList1
                0x0000000020000d30       0x14 build/tasks.o
 .bss.xDelayedTaskList2
                0x0000000020000d44       0x14 build/tasks.o
 .bss.xSuspendedTaskList
                0x0000000020000d58       0x14 build/tasks.o
 .bss.uxTopReadyPriority
                0x0000000020000d6c        0x4 build/tasks.o
 .bss.xYieldPending
                0x0000000020000d70        0x4 build/tasks.o
 *(COMMON)
 COMMON         0x0000000020000d74        0x4 build/freertos.o
                0x0000000020000d74                defaultTaskHandle
 COMMON         0x0000000020000d78       0x84 build/sdio.o
                0x0000000020000d78                hsd
 COMMON         0x0000000020000dfc       0x58 build/spi.o
                0x0000000020000dfc                hspi1
 COMMON         0x0000000020000e54       0x40 build/usart.o
                0x0000000020000e54                huart1
 COMMON         0x0000000020000e94      0x460 build/usb.o
                0x0000000020000e94                hpcd_USB_FS
 COMMON         0x00000000200012f4       0x40 build/stm32f1xx_hal_timebase_TIM.o
                0x00000000200012f4                htim1
 COMMON         0x0000000020001334        0x4 build/stm32f1xx_hal.o
                0x0000000020001334                uwTick
                0x0000000020001338                . = ALIGN (0x4)
                0x0000000020001338                _ebss = .
                0x0000000020001338                __bss_end__ = _ebss

._user_heap_stack
                0x0000000020001338      0x600 load address 0x0000000008003460
                0x0000000020001338                . = ALIGN (0x8)
                [!provide]                        PROVIDE (end, .)
                [!provide]                        PROVIDE (_end, .)
                0x0000000020001538                . = (. + _Min_Heap_Size)
 *fill*         0x0000000020001338      0x200 
                0x0000000020001938                . = (. + _Min_Stack_Size)
 *fill*         0x0000000020001538      0x400 
                0x0000000020001938                . = ALIGN (0x8)

/DISCARD/
 libc.a(*)
 libm.a(*)
 libgcc.a(*)

.ARM.attributes
                0x0000000000000000       0x29
 *(.ARM.attributes)
 .ARM.attributes
                0x0000000000000000       0x1d /usr/lib/gcc/arm-none-eabi/4.9.3/armv7-m/crti.o
 .ARM.attributes
                0x000000000000001d       0x2d /usr/lib/gcc/arm-none-eabi/4.9.3/armv7-m/crtbegin.o
 .ARM.attributes
                0x000000000000004a       0x33 build/main.o
 .ARM.attributes
                0x000000000000007d       0x33 build/gpio.o
 .ARM.attributes
                0x00000000000000b0       0x33 build/freertos.o
 .ARM.attributes
                0x00000000000000e3       0x33 build/sdio.o
 .ARM.attributes
                0x0000000000000116       0x33 build/spi.o
 .ARM.attributes
                0x0000000000000149       0x33 build/usart.o
 .ARM.attributes
                0x000000000000017c       0x33 build/usb.o
 .ARM.attributes
                0x00000000000001af       0x33 build/stm32f1xx_it.o
 .ARM.attributes
                0x00000000000001e2       0x33 build/stm32f1xx_hal_msp.o
 .ARM.attributes
                0x0000000000000215       0x33 build/stm32f1xx_hal_timebase_TIM.o
 .ARM.attributes
                0x0000000000000248       0x33 build/stm32f1xx_ll_sdmmc.o
 .ARM.attributes
                0x000000000000027b       0x33 build/stm32f1xx_hal_sd.o
 .ARM.attributes
                0x00000000000002ae       0x33 build/stm32f1xx_hal_spi_ex.o
 .ARM.attributes
                0x00000000000002e1       0x33 build/stm32f1xx_hal_tim.o
 .ARM.attributes
                0x0000000000000314       0x33 build/stm32f1xx_hal_tim_ex.o
 .ARM.attributes
                0x0000000000000347       0x33 build/stm32f1xx_hal_uart.o
 .ARM.attributes
                0x000000000000037a       0x33 build/stm32f1xx_hal_pcd.o
 .ARM.attributes
                0x00000000000003ad       0x33 build/stm32f1xx_ll_usb.o
 .ARM.attributes
                0x00000000000003e0       0x33 build/stm32f1xx_hal.o
 .ARM.attributes
                0x0000000000000413       0x33 build/stm32f1xx_hal_rcc.o
 .ARM.attributes
                0x0000000000000446       0x33 build/stm32f1xx_hal_rcc_ex.o
 .ARM.attributes
                0x0000000000000479       0x33 build/stm32f1xx_hal_gpio.o
 .ARM.attributes
                0x00000000000004ac       0x33 build/stm32f1xx_hal_cortex.o
 .ARM.attributes
                0x00000000000004df       0x33 build/system_stm32f1xx.o
 .ARM.attributes
                0x0000000000000512       0x33 build/heap_4.o
 .ARM.attributes
                0x0000000000000545       0x33 build/port.o
 .ARM.attributes
                0x0000000000000578       0x33 build/list.o
 .ARM.attributes
                0x00000000000005ab       0x33 build/tasks.o
 .ARM.attributes
                0x00000000000005de       0x33 build/cmsis_os.o
 .ARM.attributes
                0x0000000000000611       0x21 build/startup_stm32f103xe.o
 .ARM.attributes
                0x0000000000000632       0x2d /usr/lib/gcc/arm-none-eabi/4.9.3/../../../arm-none-eabi/lib/armv7-m/libc_nano.a(lib_a-init.o)
 .ARM.attributes
                0x000000000000065f       0x2d /usr/lib/gcc/arm-none-eabi/4.9.3/armv7-m/crtend.o
 .ARM.attributes
                0x000000000000068c       0x1d /usr/lib/gcc/arm-none-eabi/4.9.3/armv7-m/crtn.o
OUTPUT(build/FreeRTOS_Full.elf elf32-littlearm)

.comment        0x0000000000000000       0x70
 .comment       0x0000000000000000       0x38 /usr/lib/gcc/arm-none-eabi/4.9.3/armv7-m/crtbegin.o
                                         0x39 (size before relaxing)
 .comment       0x0000000000000038       0x39 build/main.o
 .comment       0x0000000000000038       0x39 build/gpio.o
 .comment       0x0000000000000038       0x39 build/freertos.o
 .comment       0x0000000000000038       0x39 build/sdio.o
 .comment       0x0000000000000038       0x39 build/spi.o
 .comment       0x0000000000000038       0x39 build/usart.o
 .comment       0x0000000000000038       0x39 build/usb.o
 .comment       0x0000000000000038       0x39 build/stm32f1xx_it.o
 .comment       0x0000000000000038       0x39 build/stm32f1xx_hal_msp.o
 .comment       0x0000000000000038       0x39 build/stm32f1xx_hal_timebase_TIM.o
 .comment       0x0000000000000038       0x39 build/stm32f1xx_ll_sdmmc.o
 .comment       0x0000000000000038       0x39 build/stm32f1xx_hal_sd.o
 .comment       0x0000000000000038       0x39 build/stm32f1xx_hal_spi_ex.o
 .comment       0x0000000000000038       0x39 build/stm32f1xx_hal_tim.o
 .comment       0x0000000000000038       0x39 build/stm32f1xx_hal_tim_ex.o
 .comment       0x0000000000000038       0x39 build/stm32f1xx_hal_uart.o
 .comment       0x0000000000000038       0x39 build/stm32f1xx_hal_pcd.o
 .comment       0x0000000000000038       0x39 build/stm32f1xx_ll_usb.o
 .comment       0x0000000000000038       0x39 build/stm32f1xx_hal.o
 .comment       0x0000000000000038       0x39 build/stm32f1xx_hal_rcc.o
 .comment       0x0000000000000038       0x39 build/stm32f1xx_hal_rcc_ex.o
 .comment       0x0000000000000038       0x39 build/stm32f1xx_hal_gpio.o
 .comment       0x0000000000000038       0x39 build/stm32f1xx_hal_cortex.o
 .comment       0x0000000000000038       0x39 build/system_stm32f1xx.o
 .comment       0x0000000000000038       0x39 build/heap_4.o
 .comment       0x0000000000000038       0x39 build/port.o
 .comment       0x0000000000000038       0x39 build/list.o
 .comment       0x0000000000000038       0x39 build/tasks.o
 .comment       0x0000000000000038       0x39 build/cmsis_os.o
 .comment       0x0000000000000038       0x38 /usr/lib/gcc/arm-none-eabi/4.9.3/../../../arm-none-eabi/lib/armv7-m/libc_nano.a(lib_a-init.o)
                                         0x39 (size before relaxing)
 .comment       0x0000000000000070       0x39 /usr/lib/gcc/arm-none-eabi/4.9.3/armv7-m/crtend.o

.debug_info     0x0000000000000000    0x18d7c
 .debug_info    0x0000000000000000      0xcb3 build/main.o
 .debug_info    0x0000000000000cb3      0x443 build/gpio.o
 .debug_info    0x00000000000010f6      0x2f2 build/freertos.o
 .debug_info    0x00000000000013e8      0xa65 build/sdio.o
 .debug_info    0x0000000000001e4d      0x8ff build/spi.o
 .debug_info    0x000000000000274c      0x888 build/usart.o
 .debug_info    0x0000000000002fd4      0x72a build/usb.o
 .debug_info    0x00000000000036fe      0x699 build/stm32f1xx_it.o
 .debug_info    0x0000000000003d97      0x514 build/stm32f1xx_hal_msp.o
 .debug_info    0x00000000000042ab      0xa71 build/stm32f1xx_hal_timebase_TIM.o
 .debug_info    0x0000000000004d1c     0x1710 build/stm32f1xx_ll_sdmmc.o
 .debug_info    0x000000000000642c     0x257a build/stm32f1xx_hal_sd.o
 .debug_info    0x00000000000089a6      0x642 build/stm32f1xx_hal_spi_ex.o
 .debug_info    0x0000000000008fe8     0x30fc build/stm32f1xx_hal_tim.o
 .debug_info    0x000000000000c0e4     0x13ea build/stm32f1xx_hal_tim_ex.o
 .debug_info    0x000000000000d4ce     0x178e build/stm32f1xx_hal_uart.o
 .debug_info    0x000000000000ec5c     0x13ef build/stm32f1xx_hal_pcd.o
 .debug_info    0x000000000001004b      0xfc4 build/stm32f1xx_ll_usb.o
 .debug_info    0x000000000001100f      0x852 build/stm32f1xx_hal.o
 .debug_info    0x0000000000011861      0xa9c build/stm32f1xx_hal_rcc.o
 .debug_info    0x00000000000122fd      0x477 build/stm32f1xx_hal_rcc_ex.o
 .debug_info    0x0000000000012774      0x65b build/stm32f1xx_hal_gpio.o
 .debug_info    0x0000000000012dcf      0xd1a build/stm32f1xx_hal_cortex.o
 .debug_info    0x0000000000013ae9      0x412 build/system_stm32f1xx.o
 .debug_info    0x0000000000013efb      0x44e build/heap_4.o
 .debug_info    0x0000000000014349      0x4fb build/port.o
 .debug_info    0x0000000000014844      0x2c9 build/list.o
 .debug_info    0x0000000000014b0d     0x22a3 build/tasks.o
 .debug_info    0x0000000000016db0     0x1e5a build/cmsis_os.o
 .debug_info    0x0000000000018c0a       0x6d build/startup_stm32f103xe.o
 .debug_info    0x0000000000018c77      0x105 /usr/lib/gcc/arm-none-eabi/4.9.3/../../../arm-none-eabi/lib/armv7-m/libc_nano.a(lib_a-init.o)

.debug_abbrev   0x0000000000000000     0x3c9e
 .debug_abbrev  0x0000000000000000      0x212 build/main.o
 .debug_abbrev  0x0000000000000212      0x145 build/gpio.o
 .debug_abbrev  0x0000000000000357      0x133 build/freertos.o
 .debug_abbrev  0x000000000000048a      0x1c3 build/sdio.o
 .debug_abbrev  0x000000000000064d      0x1aa build/spi.o
 .debug_abbrev  0x00000000000007f7      0x1aa build/usart.o
 .debug_abbrev  0x00000000000009a1      0x1b6 build/usb.o
 .debug_abbrev  0x0000000000000b57      0x17b build/stm32f1xx_it.o
 .debug_abbrev  0x0000000000000cd2      0x134 build/stm32f1xx_hal_msp.o
 .debug_abbrev  0x0000000000000e06      0x203 build/stm32f1xx_hal_timebase_TIM.o
 .debug_abbrev  0x0000000000001009      0x21b build/stm32f1xx_ll_sdmmc.o
 .debug_abbrev  0x0000000000001224      0x2c6 build/stm32f1xx_hal_sd.o
 .debug_abbrev  0x00000000000014ea      0x14c build/stm32f1xx_hal_spi_ex.o
 .debug_abbrev  0x0000000000001636      0x29b build/stm32f1xx_hal_tim.o
 .debug_abbrev  0x00000000000018d1      0x261 build/stm32f1xx_hal_tim_ex.o
 .debug_abbrev  0x0000000000001b32      0x2a8 build/stm32f1xx_hal_uart.o
 .debug_abbrev  0x0000000000001dda      0x2e3 build/stm32f1xx_hal_pcd.o
 .debug_abbrev  0x00000000000020bd      0x1f9 build/stm32f1xx_ll_usb.o
 .debug_abbrev  0x00000000000022b6      0x232 build/stm32f1xx_hal.o
 .debug_abbrev  0x00000000000024e8      0x2aa build/stm32f1xx_hal_rcc.o
 .debug_abbrev  0x0000000000002792      0x1b5 build/stm32f1xx_hal_rcc_ex.o
 .debug_abbrev  0x0000000000002947      0x200 build/stm32f1xx_hal_gpio.o
 .debug_abbrev  0x0000000000002b47      0x2bf build/stm32f1xx_hal_cortex.o
 .debug_abbrev  0x0000000000002e06      0x122 build/system_stm32f1xx.o
 .debug_abbrev  0x0000000000002f28      0x228 build/heap_4.o
 .debug_abbrev  0x0000000000003150      0x272 build/port.o
 .debug_abbrev  0x00000000000033c2       0xf8 build/list.o
 .debug_abbrev  0x00000000000034ba      0x39d build/tasks.o
 .debug_abbrev  0x0000000000003857      0x37b build/cmsis_os.o
 .debug_abbrev  0x0000000000003bd2       0x12 build/startup_stm32f103xe.o
 .debug_abbrev  0x0000000000003be4       0xba /usr/lib/gcc/arm-none-eabi/4.9.3/../../../arm-none-eabi/lib/armv7-m/libc_nano.a(lib_a-init.o)

.debug_loc      0x0000000000000000    0x101df
 .debug_loc     0x0000000000000000       0x9a build/main.o
 .debug_loc     0x000000000000009a       0x38 build/gpio.o
 .debug_loc     0x00000000000000d2       0x79 build/freertos.o
 .debug_loc     0x000000000000014b       0xd1 build/sdio.o
 .debug_loc     0x000000000000021c       0xd1 build/spi.o
 .debug_loc     0x00000000000002ed       0xd1 build/usart.o
 .debug_loc     0x00000000000003be       0x4c build/usb.o
 .debug_loc     0x000000000000040a       0x40 build/stm32f1xx_it.o
 .debug_loc     0x000000000000044a       0x38 build/stm32f1xx_hal_msp.o
 .debug_loc     0x0000000000000482       0xb1 build/stm32f1xx_hal_timebase_TIM.o
 .debug_loc     0x0000000000000533     0x1614 build/stm32f1xx_ll_sdmmc.o
 .debug_loc     0x0000000000001b47     0x1ed9 build/stm32f1xx_hal_sd.o
 .debug_loc     0x0000000000003a20       0x63 build/stm32f1xx_hal_spi_ex.o
 .debug_loc     0x0000000000003a83     0x3d94 build/stm32f1xx_hal_tim.o
 .debug_loc     0x0000000000007817     0x11e8 build/stm32f1xx_hal_tim_ex.o
 .debug_loc     0x00000000000089ff     0x1763 build/stm32f1xx_hal_uart.o
 .debug_loc     0x000000000000a162      0xc2b build/stm32f1xx_hal_pcd.o
 .debug_loc     0x000000000000ad8d      0xcc4 build/stm32f1xx_ll_usb.o
 .debug_loc     0x000000000000ba51      0x1a8 build/stm32f1xx_hal.o
 .debug_loc     0x000000000000bbf9      0x6fc build/stm32f1xx_hal_rcc.o
 .debug_loc     0x000000000000c2f5      0x372 build/stm32f1xx_hal_rcc_ex.o
 .debug_loc     0x000000000000c667      0x3e1 build/stm32f1xx_hal_gpio.o
 .debug_loc     0x000000000000ca48      0x545 build/stm32f1xx_hal_cortex.o
 .debug_loc     0x000000000000cf8d       0xe4 build/system_stm32f1xx.o
 .debug_loc     0x000000000000d071      0x33d build/heap_4.o
 .debug_loc     0x000000000000d3ae      0x106 build/port.o
 .debug_loc     0x000000000000d4b4       0x91 build/list.o
 .debug_loc     0x000000000000d545     0x1647 build/tasks.o
 .debug_loc     0x000000000000eb8c     0x160b build/cmsis_os.o
 .debug_loc     0x0000000000010197       0x48 /usr/lib/gcc/arm-none-eabi/4.9.3/../../../arm-none-eabi/lib/armv7-m/libc_nano.a(lib_a-init.o)

.debug_aranges  0x0000000000000000     0x14d0
 .debug_aranges
                0x0000000000000000       0x38 build/main.o
 .debug_aranges
                0x0000000000000038       0x20 build/gpio.o
 .debug_aranges
                0x0000000000000058       0x28 build/freertos.o
 .debug_aranges
                0x0000000000000080       0x30 build/sdio.o
 .debug_aranges
                0x00000000000000b0       0x30 build/spi.o
 .debug_aranges
                0x00000000000000e0       0x30 build/usart.o
 .debug_aranges
                0x0000000000000110       0x30 build/usb.o
 .debug_aranges
                0x0000000000000140       0x58 build/stm32f1xx_it.o
 .debug_aranges
                0x0000000000000198       0x20 build/stm32f1xx_hal_msp.o
 .debug_aranges
                0x00000000000001b8       0x30 build/stm32f1xx_hal_timebase_TIM.o
 .debug_aranges
                0x00000000000001e8      0x178 build/stm32f1xx_ll_sdmmc.o
 .debug_aranges
                0x0000000000000360      0x168 build/stm32f1xx_hal_sd.o
 .debug_aranges
                0x00000000000004c8       0x20 build/stm32f1xx_hal_spi_ex.o
 .debug_aranges
                0x00000000000004e8      0x368 build/stm32f1xx_hal_tim.o
 .debug_aranges
                0x0000000000000850      0x138 build/stm32f1xx_hal_tim_ex.o
 .debug_aranges
                0x0000000000000988      0x1d0 build/stm32f1xx_hal_uart.o
 .debug_aranges
                0x0000000000000b58      0x120 build/stm32f1xx_hal_pcd.o
 .debug_aranges
                0x0000000000000c78      0x100 build/stm32f1xx_ll_usb.o
 .debug_aranges
                0x0000000000000d78       0xd0 build/stm32f1xx_hal.o
 .debug_aranges
                0x0000000000000e48       0x90 build/stm32f1xx_hal_rcc.o
 .debug_aranges
                0x0000000000000ed8       0x30 build/stm32f1xx_hal_rcc_ex.o
 .debug_aranges
                0x0000000000000f08       0x58 build/stm32f1xx_hal_gpio.o
 .debug_aranges
                0x0000000000000f60       0x90 build/stm32f1xx_hal_cortex.o
 .debug_aranges
                0x0000000000000ff0       0x28 build/system_stm32f1xx.o
 .debug_aranges
                0x0000000000001018       0x50 build/heap_4.o
 .debug_aranges
                0x0000000000001068       0x78 build/port.o
 .debug_aranges
                0x00000000000010e0       0x40 build/list.o
 .debug_aranges
                0x0000000000001120      0x190 build/tasks.o
 .debug_aranges
                0x00000000000012b0      0x1d8 build/cmsis_os.o
 .debug_aranges
                0x0000000000001488       0x28 build/startup_stm32f103xe.o
 .debug_aranges
                0x00000000000014b0       0x20 /usr/lib/gcc/arm-none-eabi/4.9.3/../../../arm-none-eabi/lib/armv7-m/libc_nano.a(lib_a-init.o)

.debug_ranges   0x0000000000000000     0x1350
 .debug_ranges  0x0000000000000000       0x28 build/main.o
 .debug_ranges  0x0000000000000028       0x10 build/gpio.o
 .debug_ranges  0x0000000000000038       0x18 build/freertos.o
 .debug_ranges  0x0000000000000050       0x20 build/sdio.o
 .debug_ranges  0x0000000000000070       0x20 build/spi.o
 .debug_ranges  0x0000000000000090       0x20 build/usart.o
 .debug_ranges  0x00000000000000b0       0x20 build/usb.o
 .debug_ranges  0x00000000000000d0       0x48 build/stm32f1xx_it.o
 .debug_ranges  0x0000000000000118       0x10 build/stm32f1xx_hal_msp.o
 .debug_ranges  0x0000000000000128       0x20 build/stm32f1xx_hal_timebase_TIM.o
 .debug_ranges  0x0000000000000148      0x168 build/stm32f1xx_ll_sdmmc.o
 .debug_ranges  0x00000000000002b0      0x158 build/stm32f1xx_hal_sd.o
 .debug_ranges  0x0000000000000408       0x10 build/stm32f1xx_hal_spi_ex.o
 .debug_ranges  0x0000000000000418      0x358 build/stm32f1xx_hal_tim.o
 .debug_ranges  0x0000000000000770      0x128 build/stm32f1xx_hal_tim_ex.o
 .debug_ranges  0x0000000000000898      0x1c0 build/stm32f1xx_hal_uart.o
 .debug_ranges  0x0000000000000a58      0x110 build/stm32f1xx_hal_pcd.o
 .debug_ranges  0x0000000000000b68       0xf0 build/stm32f1xx_ll_usb.o
 .debug_ranges  0x0000000000000c58       0xc0 build/stm32f1xx_hal.o
 .debug_ranges  0x0000000000000d18       0x98 build/stm32f1xx_hal_rcc.o
 .debug_ranges  0x0000000000000db0       0x38 build/stm32f1xx_hal_rcc_ex.o
 .debug_ranges  0x0000000000000de8       0x48 build/stm32f1xx_hal_gpio.o
 .debug_ranges  0x0000000000000e30       0x80 build/stm32f1xx_hal_cortex.o
 .debug_ranges  0x0000000000000eb0       0x18 build/system_stm32f1xx.o
 .debug_ranges  0x0000000000000ec8       0x40 build/heap_4.o
 .debug_ranges  0x0000000000000f08       0x68 build/port.o
 .debug_ranges  0x0000000000000f70       0x30 build/list.o
 .debug_ranges  0x0000000000000fa0      0x1b8 build/tasks.o
 .debug_ranges  0x0000000000001158      0x1c8 build/cmsis_os.o
 .debug_ranges  0x0000000000001320       0x20 build/startup_stm32f103xe.o
 .debug_ranges  0x0000000000001340       0x10 /usr/lib/gcc/arm-none-eabi/4.9.3/../../../arm-none-eabi/lib/armv7-m/libc_nano.a(lib_a-init.o)

.debug_line     0x0000000000000000     0x7b6e
 .debug_line    0x0000000000000000      0x288 build/main.o
 .debug_line    0x0000000000000288      0x147 build/gpio.o
 .debug_line    0x00000000000003cf      0x154 build/freertos.o
 .debug_line    0x0000000000000523      0x1d2 build/sdio.o
 .debug_line    0x00000000000006f5      0x1b7 build/spi.o
 .debug_line    0x00000000000008ac      0x1b8 build/usart.o
 .debug_line    0x0000000000000a64      0x19d build/usb.o
 .debug_line    0x0000000000000c01      0x224 build/stm32f1xx_it.o
 .debug_line    0x0000000000000e25      0x142 build/stm32f1xx_hal_msp.o
 .debug_line    0x0000000000000f67      0x1cd build/stm32f1xx_hal_timebase_TIM.o
 .debug_line    0x0000000000001134      0x5e4 build/stm32f1xx_ll_sdmmc.o
 .debug_line    0x0000000000001718      0x8f6 build/stm32f1xx_hal_sd.o
 .debug_line    0x000000000000200e      0x199 build/stm32f1xx_hal_spi_ex.o
 .debug_line    0x00000000000021a7     0x1150 build/stm32f1xx_hal_tim.o
 .debug_line    0x00000000000032f7      0x6f5 build/stm32f1xx_hal_tim_ex.o
 .debug_line    0x00000000000039ec      0xa2c build/stm32f1xx_hal_uart.o
 .debug_line    0x0000000000004418      0x61b build/stm32f1xx_hal_pcd.o
 .debug_line    0x0000000000004a33      0x58a build/stm32f1xx_ll_usb.o
 .debug_line    0x0000000000004fbd      0x331 build/stm32f1xx_hal.o
 .debug_line    0x00000000000052ee      0x4b1 build/stm32f1xx_hal_rcc.o
 .debug_line    0x000000000000579f      0x25a build/stm32f1xx_hal_rcc_ex.o
 .debug_line    0x00000000000059f9      0x302 build/stm32f1xx_hal_gpio.o
 .debug_line    0x0000000000005cfb      0x2b5 build/stm32f1xx_hal_cortex.o
 .debug_line    0x0000000000005fb0      0x13c build/system_stm32f1xx.o
 .debug_line    0x00000000000060ec      0x296 build/heap_4.o
 .debug_line    0x0000000000006382      0x2aa build/port.o
 .debug_line    0x000000000000662c      0x1a7 build/list.o
 .debug_line    0x00000000000067d3      0xaa1 build/tasks.o
 .debug_line    0x0000000000007274      0x7d1 build/cmsis_os.o
 .debug_line    0x0000000000007a45       0x72 build/startup_stm32f103xe.o
 .debug_line    0x0000000000007ab7       0xb7 /usr/lib/gcc/arm-none-eabi/4.9.3/../../../arm-none-eabi/lib/armv7-m/libc_nano.a(lib_a-init.o)

.debug_str      0x0000000000000000     0x63f4
 .debug_str     0x0000000000000000      0xc97 build/main.o
                                        0xd1e (size before relaxing)
 .debug_str     0x0000000000000c97       0xe4 build/gpio.o
                                        0x26d (size before relaxing)
 .debug_str     0x0000000000000d7b      0x15a build/freertos.o
                                        0x3ce (size before relaxing)
 .debug_str     0x0000000000000ed5      0x298 build/sdio.o
                                        0x700 (size before relaxing)
 .debug_str     0x000000000000116d      0x1cf build/spi.o
                                        0x672 (size before relaxing)
 .debug_str     0x000000000000133c      0x199 build/usart.o
                                        0x653 (size before relaxing)
 .debug_str     0x00000000000014d5      0x2dd build/usb.o
                                        0x563 (size before relaxing)
 .debug_str     0x00000000000017b2       0xc5 build/stm32f1xx_it.o
                                        0x5e0 (size before relaxing)
 .debug_str     0x0000000000001877       0x65 build/stm32f1xx_hal_msp.o
                                        0x5f6 (size before relaxing)
 .debug_str     0x00000000000018dc      0x102 build/stm32f1xx_hal_timebase_TIM.o
                                        0xacf (size before relaxing)
 .debug_str     0x00000000000019de      0x4b0 build/stm32f1xx_ll_sdmmc.o
                                        0x7b1 (size before relaxing)
 .debug_str     0x0000000000001e8e      0x781 build/stm32f1xx_hal_sd.o
                                       0x10ba (size before relaxing)
 .debug_str     0x000000000000260f       0x3d build/stm32f1xx_hal_spi_ex.o
                                        0x5c0 (size before relaxing)
 .debug_str     0x000000000000264c      0xce8 build/stm32f1xx_hal_tim.o
                                       0x131c (size before relaxing)
 .debug_str     0x0000000000003334      0x4ee build/stm32f1xx_hal_tim_ex.o
                                        0xbbe (size before relaxing)
 .debug_str     0x0000000000003822      0x521 build/stm32f1xx_hal_uart.o
                                        0xb47 (size before relaxing)
 .debug_str     0x0000000000003d43      0x52e build/stm32f1xx_hal_pcd.o
                                        0xa09 (size before relaxing)
 .debug_str     0x0000000000004271      0x141 build/stm32f1xx_ll_usb.o
                                        0x6f7 (size before relaxing)
 .debug_str     0x00000000000043b2      0x242 build/stm32f1xx_hal.o
                                        0x8d0 (size before relaxing)
 .debug_str     0x00000000000045f4      0x18f build/stm32f1xx_hal_rcc.o
                                        0x602 (size before relaxing)
 .debug_str     0x0000000000004783       0x9c build/stm32f1xx_hal_rcc_ex.o
                                        0x3f8 (size before relaxing)
 .debug_str     0x000000000000481f      0x109 build/stm32f1xx_hal_gpio.o
                                        0x3ed (size before relaxing)
 .debug_str     0x0000000000004928      0x264 build/stm32f1xx_hal_cortex.o
                                        0x976 (size before relaxing)
 .debug_str     0x0000000000004b8c       0x4a build/system_stm32f1xx.o
                                        0x294 (size before relaxing)
 .debug_str     0x0000000000004bd6      0x245 build/heap_4.o
                                        0x3ac (size before relaxing)
 .debug_str     0x0000000000004e1b      0x277 build/port.o
                                        0x40d (size before relaxing)
 .debug_str     0x0000000000005092      0x141 build/list.o
                                        0x2b8 (size before relaxing)
 .debug_str     0x00000000000051d3      0x9cd build/tasks.o
                                        0xdb3 (size before relaxing)
 .debug_str     0x0000000000005ba0      0x6c2 build/cmsis_os.o
                                        0xd9e (size before relaxing)
 .debug_str     0x0000000000006262      0x192 /usr/lib/gcc/arm-none-eabi/4.9.3/../../../arm-none-eabi/lib/armv7-m/libc_nano.a(lib_a-init.o)
                                        0x231 (size before relaxing)

.debug_frame    0x0000000000000000     0x3c00
 .debug_frame   0x0000000000000000       0x78 build/main.o
 .debug_frame   0x0000000000000078       0x38 build/gpio.o
 .debug_frame   0x00000000000000b0       0x50 build/freertos.o
 .debug_frame   0x0000000000000100       0x74 build/sdio.o
 .debug_frame   0x0000000000000174       0x70 build/spi.o
 .debug_frame   0x00000000000001e4       0x70 build/usart.o
 .debug_frame   0x0000000000000254       0x54 build/usb.o
 .debug_frame   0x00000000000002a8       0xa8 build/stm32f1xx_it.o
 .debug_frame   0x0000000000000350       0x30 build/stm32f1xx_hal_msp.o
 .debug_frame   0x0000000000000380       0x4c build/stm32f1xx_hal_timebase_TIM.o
 .debug_frame   0x00000000000003cc      0x504 build/stm32f1xx_ll_sdmmc.o
 .debug_frame   0x00000000000008d0      0x524 build/stm32f1xx_hal_sd.o
 .debug_frame   0x0000000000000df4       0x30 build/stm32f1xx_hal_spi_ex.o
 .debug_frame   0x0000000000000e24      0xafc build/stm32f1xx_hal_tim.o
 .debug_frame   0x0000000000001920      0x420 build/stm32f1xx_hal_tim_ex.o
 .debug_frame   0x0000000000001d40      0x578 build/stm32f1xx_hal_uart.o
 .debug_frame   0x00000000000022b8      0x358 build/stm32f1xx_hal_pcd.o
 .debug_frame   0x0000000000002610      0x244 build/stm32f1xx_ll_usb.o
 .debug_frame   0x0000000000002854      0x1c0 build/stm32f1xx_hal.o
 .debug_frame   0x0000000000002a14      0x190 build/stm32f1xx_hal_rcc.o
 .debug_frame   0x0000000000002ba4       0x70 build/stm32f1xx_hal_rcc_ex.o
 .debug_frame   0x0000000000002c14       0xd4 build/stm32f1xx_hal_gpio.o
 .debug_frame   0x0000000000002ce8      0x138 build/stm32f1xx_hal_cortex.o
 .debug_frame   0x0000000000002e20       0x30 build/system_stm32f1xx.o
 .debug_frame   0x0000000000002e50       0xb8 build/heap_4.o
 .debug_frame   0x0000000000002f08       0xe8 build/port.o
 .debug_frame   0x0000000000002ff0       0x70 build/list.o
 .debug_frame   0x0000000000003060      0x578 build/tasks.o
 .debug_frame   0x00000000000035d8      0x5fc build/cmsis_os.o
 .debug_frame   0x0000000000003bd4       0x2c /usr/lib/gcc/arm-none-eabi/4.9.3/../../../arm-none-eabi/lib/armv7-m/libc_nano.a(lib_a-init.o)

Cross Reference Table

Symbol                                            File
ADC1_2_IRQHandler                                 build/startup_stm32f103xe.o
ADC3_IRQHandler                                   build/startup_stm32f103xe.o
AHBPrescTable                                     build/system_stm32f1xx.o
                                                  build/stm32f1xx_hal_rcc.o
APBPrescTable                                     build/system_stm32f1xx.o
                                                  build/stm32f1xx_hal_rcc.o
BusFault_Handler                                  build/stm32f1xx_it.o
CAN1_RX1_IRQHandler                               build/startup_stm32f103xe.o
CAN1_SCE_IRQHandler                               build/startup_stm32f103xe.o
DMA1_Channel1_IRQHandler                          build/startup_stm32f103xe.o
DMA1_Channel2_IRQHandler                          build/startup_stm32f103xe.o
DMA1_Channel3_IRQHandler                          build/startup_stm32f103xe.o
DMA1_Channel4_IRQHandler                          build/startup_stm32f103xe.o
DMA1_Channel5_IRQHandler                          build/startup_stm32f103xe.o
DMA1_Channel6_IRQHandler                          build/startup_stm32f103xe.o
DMA1_Channel7_IRQHandler                          build/startup_stm32f103xe.o
DMA2_Channel1_IRQHandler                          build/startup_stm32f103xe.o
DMA2_Channel2_IRQHandler                          build/startup_stm32f103xe.o
DMA2_Channel3_IRQHandler                          build/startup_stm32f103xe.o
DMA2_Channel4_5_IRQHandler                        build/startup_stm32f103xe.o
DebugMon_Handler                                  build/stm32f1xx_it.o
Default_Handler                                   build/startup_stm32f103xe.o
EXTI0_IRQHandler                                  build/startup_stm32f103xe.o
EXTI15_10_IRQHandler                              build/startup_stm32f103xe.o
EXTI1_IRQHandler                                  build/startup_stm32f103xe.o
EXTI2_IRQHandler                                  build/startup_stm32f103xe.o
EXTI3_IRQHandler                                  build/startup_stm32f103xe.o
EXTI4_IRQHandler                                  build/startup_stm32f103xe.o
EXTI9_5_IRQHandler                                build/startup_stm32f103xe.o
FLASH_IRQHandler                                  build/startup_stm32f103xe.o
FLASH_PageErase                                   build/stm32f1xx_hal_flash_ex.o
                                                  build/stm32f1xx_hal_flash.o
FLASH_WaitForLastOperation                        build/stm32f1xx_hal_flash.o
                                                  build/stm32f1xx_hal_flash_ex.o
FSMC_IRQHandler                                   build/startup_stm32f103xe.o
HAL_DBGMCU_DisableDBGSleepMode                    build/stm32f1xx_hal.o
HAL_DBGMCU_DisableDBGStandbyMode                  build/stm32f1xx_hal.o
HAL_DBGMCU_DisableDBGStopMode                     build/stm32f1xx_hal.o
HAL_DBGMCU_EnableDBGSleepMode                     build/stm32f1xx_hal.o
HAL_DBGMCU_EnableDBGStandbyMode                   build/stm32f1xx_hal.o
HAL_DBGMCU_EnableDBGStopMode                      build/stm32f1xx_hal.o
HAL_DMA_Abort                                     build/stm32f1xx_hal_dma.o
                                                  build/stm32f1xx_hal_uart.o
                                                  build/stm32f1xx_hal_tim.o
                                                  build/stm32f1xx_hal_spi.o
                                                  build/stm32f1xx_hal_sd.o
HAL_DMA_Abort_IT                                  build/stm32f1xx_hal_dma.o
                                                  build/stm32f1xx_hal_uart.o
                                                  build/stm32f1xx_hal_spi.o
                                                  build/stm32f1xx_hal_sd.o
HAL_DMA_DeInit                                    build/stm32f1xx_hal_dma.o
HAL_DMA_GetError                                  build/stm32f1xx_hal_dma.o
HAL_DMA_GetState                                  build/stm32f1xx_hal_dma.o
HAL_DMA_IRQHandler                                build/stm32f1xx_hal_dma.o
HAL_DMA_Init                                      build/stm32f1xx_hal_dma.o
HAL_DMA_PollForTransfer                           build/stm32f1xx_hal_dma.o
HAL_DMA_RegisterCallback                          build/stm32f1xx_hal_dma.o
HAL_DMA_Start                                     build/stm32f1xx_hal_dma.o
HAL_DMA_Start_IT                                  build/stm32f1xx_hal_dma.o
                                                  build/stm32f1xx_hal_uart.o
                                                  build/stm32f1xx_hal_tim_ex.o
                                                  build/stm32f1xx_hal_tim.o
                                                  build/stm32f1xx_hal_spi.o
                                                  build/stm32f1xx_hal_sd.o
HAL_DMA_UnRegisterCallback                        build/stm32f1xx_hal_dma.o
HAL_DeInit                                        build/stm32f1xx_hal.o
HAL_Delay                                         build/stm32f1xx_hal.o
                                                  build/stm32f1xx_hal_sd.o
HAL_FLASHEx_Erase                                 build/stm32f1xx_hal_flash_ex.o
HAL_FLASHEx_Erase_IT                              build/stm32f1xx_hal_flash_ex.o
HAL_FLASHEx_OBErase                               build/stm32f1xx_hal_flash_ex.o
HAL_FLASHEx_OBGetConfig                           build/stm32f1xx_hal_flash_ex.o
HAL_FLASHEx_OBGetUserData                         build/stm32f1xx_hal_flash_ex.o
HAL_FLASHEx_OBProgram                             build/stm32f1xx_hal_flash_ex.o
HAL_FLASH_EndOfOperationCallback                  build/stm32f1xx_hal_flash.o
HAL_FLASH_GetError                                build/stm32f1xx_hal_flash.o
HAL_FLASH_IRQHandler                              build/stm32f1xx_hal_flash.o
HAL_FLASH_Lock                                    build/stm32f1xx_hal_flash.o
HAL_FLASH_OB_Launch                               build/stm32f1xx_hal_flash.o
HAL_FLASH_OB_Lock                                 build/stm32f1xx_hal_flash.o
HAL_FLASH_OB_Unlock                               build/stm32f1xx_hal_flash.o
HAL_FLASH_OperationErrorCallback                  build/stm32f1xx_hal_flash.o
HAL_FLASH_Program                                 build/stm32f1xx_hal_flash.o
HAL_FLASH_Program_IT                              build/stm32f1xx_hal_flash.o
HAL_FLASH_Unlock                                  build/stm32f1xx_hal_flash.o
HAL_GPIOEx_ConfigEventout                         build/stm32f1xx_hal_gpio_ex.o
HAL_GPIOEx_DisableEventout                        build/stm32f1xx_hal_gpio_ex.o
HAL_GPIOEx_EnableEventout                         build/stm32f1xx_hal_gpio_ex.o
HAL_GPIO_DeInit                                   build/stm32f1xx_hal_gpio.o
                                                  build/usart.o
                                                  build/spi.o
                                                  build/sdio.o
HAL_GPIO_EXTI_Callback                            build/stm32f1xx_hal_gpio.o
HAL_GPIO_EXTI_IRQHandler                          build/stm32f1xx_hal_gpio.o
HAL_GPIO_Init                                     build/stm32f1xx_hal_gpio.o
                                                  build/stm32f1xx_hal_rcc.o
                                                  build/usart.o
                                                  build/spi.o
                                                  build/sdio.o
                                                  build/gpio.o
HAL_GPIO_LockPin                                  build/stm32f1xx_hal_gpio.o
HAL_GPIO_ReadPin                                  build/stm32f1xx_hal_gpio.o
HAL_GPIO_TogglePin                                build/stm32f1xx_hal_gpio.o
HAL_GPIO_WritePin                                 build/stm32f1xx_hal_gpio.o
                                                  build/gpio.o
HAL_GetDEVID                                      build/stm32f1xx_hal.o
HAL_GetHalVersion                                 build/stm32f1xx_hal.o
HAL_GetREVID                                      build/stm32f1xx_hal.o
HAL_GetTick                                       build/stm32f1xx_hal.o
                                                  build/stm32f1xx_hal_flash.o
                                                  build/stm32f1xx_hal_dma.o
                                                  build/stm32f1xx_hal_rcc_ex.o
                                                  build/stm32f1xx_hal_rcc.o
                                                  build/stm32f1xx_hal_uart.o
                                                  build/stm32f1xx_hal_spi.o
                                                  build/stm32f1xx_hal_sd.o
HAL_GetTickFreq                                   build/stm32f1xx_hal.o
HAL_GetTickPrio                                   build/stm32f1xx_hal.o
HAL_GetUID                                        build/stm32f1xx_hal.o
HAL_HalfDuplex_EnableReceiver                     build/stm32f1xx_hal_uart.o
HAL_HalfDuplex_EnableTransmitter                  build/stm32f1xx_hal_uart.o
HAL_HalfDuplex_Init                               build/stm32f1xx_hal_uart.o
HAL_IncTick                                       build/stm32f1xx_hal.o
                                                  build/main.o
HAL_Init                                          build/stm32f1xx_hal.o
                                                  build/main.o
HAL_InitTick                                      build/stm32f1xx_hal_timebase_TIM.o
                                                  build/stm32f1xx_hal_rcc.o
HAL_LIN_Init                                      build/stm32f1xx_hal_uart.o
HAL_LIN_SendBreak                                 build/stm32f1xx_hal_uart.o
HAL_MspDeInit                                     build/stm32f1xx_hal.o
HAL_MspInit                                       build/stm32f1xx_hal_msp.o
HAL_MultiProcessor_EnterMuteMode                  build/stm32f1xx_hal_uart.o
HAL_MultiProcessor_ExitMuteMode                   build/stm32f1xx_hal_uart.o
HAL_MultiProcessor_Init                           build/stm32f1xx_hal_uart.o
HAL_NVIC_ClearPendingIRQ                          build/stm32f1xx_hal_cortex.o
HAL_NVIC_DisableIRQ                               build/stm32f1xx_hal_cortex.o
HAL_NVIC_EnableIRQ                                build/stm32f1xx_hal_cortex.o
                                                  build/stm32f1xx_hal_timebase_TIM.o
HAL_NVIC_GetActive                                build/stm32f1xx_hal_cortex.o
HAL_NVIC_GetPendingIRQ                            build/stm32f1xx_hal_cortex.o
HAL_NVIC_GetPriority                              build/stm32f1xx_hal_cortex.o
HAL_NVIC_GetPriorityGrouping                      build/stm32f1xx_hal_cortex.o
HAL_NVIC_SetPendingIRQ                            build/stm32f1xx_hal_cortex.o
HAL_NVIC_SetPriority                              build/stm32f1xx_hal_cortex.o
                                                  build/stm32f1xx_hal.o
                                                  build/stm32f1xx_hal_timebase_TIM.o
                                                  build/stm32f1xx_hal_msp.o
                                                  build/main.o
HAL_NVIC_SetPriorityGrouping                      build/stm32f1xx_hal_cortex.o
                                                  build/stm32f1xx_hal.o
                                                  build/stm32f1xx_hal_msp.o
HAL_NVIC_SystemReset                              build/stm32f1xx_hal_cortex.o
                                                  build/stm32f1xx_hal_flash.o
HAL_PCDEx_PMAConfig                               build/stm32f1xx_hal_pcd_ex.o
HAL_PCDEx_SetConnectionState                      build/stm32f1xx_hal_pcd_ex.o
                                                  build/stm32f1xx_hal_pcd.o
HAL_PCD_ActivateRemoteWakeup                      build/stm32f1xx_hal_pcd.o
HAL_PCD_ConnectCallback                           build/stm32f1xx_hal_pcd.o
HAL_PCD_DataInStageCallback                       build/stm32f1xx_hal_pcd.o
HAL_PCD_DataOutStageCallback                      build/stm32f1xx_hal_pcd.o
HAL_PCD_DeActivateRemoteWakeup                    build/stm32f1xx_hal_pcd.o
HAL_PCD_DeInit                                    build/stm32f1xx_hal_pcd.o
HAL_PCD_DevConnect                                build/stm32f1xx_hal_pcd.o
HAL_PCD_DevDisconnect                             build/stm32f1xx_hal_pcd.o
HAL_PCD_DisconnectCallback                        build/stm32f1xx_hal_pcd.o
HAL_PCD_EP_Close                                  build/stm32f1xx_hal_pcd.o
HAL_PCD_EP_ClrStall                               build/stm32f1xx_hal_pcd.o
HAL_PCD_EP_Flush                                  build/stm32f1xx_hal_pcd.o
HAL_PCD_EP_GetRxCount                             build/stm32f1xx_hal_pcd.o
HAL_PCD_EP_Open                                   build/stm32f1xx_hal_pcd.o
HAL_PCD_EP_Receive                                build/stm32f1xx_hal_pcd.o
HAL_PCD_EP_SetStall                               build/stm32f1xx_hal_pcd.o
HAL_PCD_EP_Transmit                               build/stm32f1xx_hal_pcd.o
HAL_PCD_GetState                                  build/stm32f1xx_hal_pcd.o
HAL_PCD_IRQHandler                                build/stm32f1xx_hal_pcd.o
HAL_PCD_ISOINIncompleteCallback                   build/stm32f1xx_hal_pcd.o
HAL_PCD_ISOOUTIncompleteCallback                  build/stm32f1xx_hal_pcd.o
HAL_PCD_Init                                      build/stm32f1xx_hal_pcd.o
                                                  build/usb.o
HAL_PCD_MspDeInit                                 build/usb.o
HAL_PCD_MspInit                                   build/usb.o
HAL_PCD_ResetCallback                             build/stm32f1xx_hal_pcd.o
HAL_PCD_ResumeCallback                            build/stm32f1xx_hal_pcd.o
HAL_PCD_SOFCallback                               build/stm32f1xx_hal_pcd.o
HAL_PCD_SetAddress                                build/stm32f1xx_hal_pcd.o
HAL_PCD_SetupStageCallback                        build/stm32f1xx_hal_pcd.o
HAL_PCD_Start                                     build/stm32f1xx_hal_pcd.o
HAL_PCD_Stop                                      build/stm32f1xx_hal_pcd.o
HAL_PCD_SuspendCallback                           build/stm32f1xx_hal_pcd.o
HAL_PWR_ConfigPVD                                 build/stm32f1xx_hal_pwr.o
HAL_PWR_DeInit                                    build/stm32f1xx_hal_pwr.o
HAL_PWR_DisableBkUpAccess                         build/stm32f1xx_hal_pwr.o
HAL_PWR_DisablePVD                                build/stm32f1xx_hal_pwr.o
HAL_PWR_DisableSEVOnPend                          build/stm32f1xx_hal_pwr.o
HAL_PWR_DisableSleepOnExit                        build/stm32f1xx_hal_pwr.o
HAL_PWR_DisableWakeUpPin                          build/stm32f1xx_hal_pwr.o
HAL_PWR_EnableBkUpAccess                          build/stm32f1xx_hal_pwr.o
HAL_PWR_EnablePVD                                 build/stm32f1xx_hal_pwr.o
HAL_PWR_EnableSEVOnPend                           build/stm32f1xx_hal_pwr.o
HAL_PWR_EnableSleepOnExit                         build/stm32f1xx_hal_pwr.o
HAL_PWR_EnableWakeUpPin                           build/stm32f1xx_hal_pwr.o
HAL_PWR_EnterSLEEPMode                            build/stm32f1xx_hal_pwr.o
HAL_PWR_EnterSTANDBYMode                          build/stm32f1xx_hal_pwr.o
HAL_PWR_EnterSTOPMode                             build/stm32f1xx_hal_pwr.o
HAL_PWR_PVDCallback                               build/stm32f1xx_hal_pwr.o
HAL_PWR_PVD_IRQHandler                            build/stm32f1xx_hal_pwr.o
HAL_RCCEx_GetPeriphCLKConfig                      build/stm32f1xx_hal_rcc_ex.o
HAL_RCCEx_GetPeriphCLKFreq                        build/stm32f1xx_hal_rcc_ex.o
HAL_RCCEx_PeriphCLKConfig                         build/stm32f1xx_hal_rcc_ex.o
                                                  build/main.o
HAL_RCC_CSSCallback                               build/stm32f1xx_hal_rcc.o
HAL_RCC_ClockConfig                               build/stm32f1xx_hal_rcc.o
                                                  build/main.o
HAL_RCC_DeInit                                    build/stm32f1xx_hal_rcc.o
HAL_RCC_DisableCSS                                build/stm32f1xx_hal_rcc.o
HAL_RCC_EnableCSS                                 build/stm32f1xx_hal_rcc.o
HAL_RCC_GetClockConfig                            build/stm32f1xx_hal_rcc.o
                                                  build/stm32f1xx_hal_timebase_TIM.o
HAL_RCC_GetHCLKFreq                               build/stm32f1xx_hal_rcc.o
                                                  build/main.o
HAL_RCC_GetOscConfig                              build/stm32f1xx_hal_rcc.o
HAL_RCC_GetPCLK1Freq                              build/stm32f1xx_hal_rcc.o
                                                  build/stm32f1xx_hal_uart.o
HAL_RCC_GetPCLK2Freq                              build/stm32f1xx_hal_rcc.o
                                                  build/stm32f1xx_hal_rcc_ex.o
                                                  build/stm32f1xx_hal_uart.o
                                                  build/stm32f1xx_hal_timebase_TIM.o
HAL_RCC_GetSysClockFreq                           build/stm32f1xx_hal_rcc.o
                                                  build/stm32f1xx_hal_rcc_ex.o
HAL_RCC_MCOConfig                                 build/stm32f1xx_hal_rcc.o
HAL_RCC_NMI_IRQHandler                            build/stm32f1xx_hal_rcc.o
HAL_RCC_OscConfig                                 build/stm32f1xx_hal_rcc.o
                                                  build/main.o
HAL_ResumeTick                                    build/stm32f1xx_hal_timebase_TIM.o
HAL_SD_Abort                                      build/stm32f1xx_hal_sd.o
HAL_SD_AbortCallback                              build/stm32f1xx_hal_sd.o
HAL_SD_Abort_IT                                   build/stm32f1xx_hal_sd.o
HAL_SD_ConfigWideBusOperation                     build/stm32f1xx_hal_sd.o
                                                  build/sdio.o
HAL_SD_DeInit                                     build/stm32f1xx_hal_sd.o
HAL_SD_Erase                                      build/stm32f1xx_hal_sd.o
HAL_SD_ErrorCallback                              build/stm32f1xx_hal_sd.o
HAL_SD_GetCardCID                                 build/stm32f1xx_hal_sd.o
HAL_SD_GetCardCSD                                 build/stm32f1xx_hal_sd.o
HAL_SD_GetCardInfo                                build/stm32f1xx_hal_sd.o
HAL_SD_GetCardState                               build/stm32f1xx_hal_sd.o
HAL_SD_GetCardStatus                              build/stm32f1xx_hal_sd.o
HAL_SD_GetError                                   build/stm32f1xx_hal_sd.o
HAL_SD_GetState                                   build/stm32f1xx_hal_sd.o
HAL_SD_IRQHandler                                 build/stm32f1xx_hal_sd.o
HAL_SD_Init                                       build/stm32f1xx_hal_sd.o
                                                  build/sdio.o
HAL_SD_InitCard                                   build/stm32f1xx_hal_sd.o
HAL_SD_MspDeInit                                  build/sdio.o
HAL_SD_MspInit                                    build/sdio.o
HAL_SD_ReadBlocks                                 build/stm32f1xx_hal_sd.o
HAL_SD_ReadBlocks_DMA                             build/stm32f1xx_hal_sd.o
HAL_SD_ReadBlocks_IT                              build/stm32f1xx_hal_sd.o
HAL_SD_RxCpltCallback                             build/stm32f1xx_hal_sd.o
HAL_SD_TxCpltCallback                             build/stm32f1xx_hal_sd.o
HAL_SD_WriteBlocks                                build/stm32f1xx_hal_sd.o
HAL_SD_WriteBlocks_DMA                            build/stm32f1xx_hal_sd.o
HAL_SD_WriteBlocks_IT                             build/stm32f1xx_hal_sd.o
HAL_SPI_Abort                                     build/stm32f1xx_hal_spi.o
HAL_SPI_AbortCpltCallback                         build/stm32f1xx_hal_spi.o
HAL_SPI_Abort_IT                                  build/stm32f1xx_hal_spi.o
HAL_SPI_DMAPause                                  build/stm32f1xx_hal_spi.o
HAL_SPI_DMAResume                                 build/stm32f1xx_hal_spi.o
HAL_SPI_DMAStop                                   build/stm32f1xx_hal_spi.o
HAL_SPI_DeInit                                    build/stm32f1xx_hal_spi.o
HAL_SPI_ErrorCallback                             build/stm32f1xx_hal_spi.o
HAL_SPI_GetError                                  build/stm32f1xx_hal_spi.o
HAL_SPI_GetState                                  build/stm32f1xx_hal_spi.o
HAL_SPI_IRQHandler                                build/stm32f1xx_hal_spi.o
HAL_SPI_Init                                      build/stm32f1xx_hal_spi_ex.o
                                                  build/stm32f1xx_hal_spi.o
                                                  build/spi.o
HAL_SPI_MspDeInit                                 build/spi.o
HAL_SPI_MspInit                                   build/spi.o
                                                  build/stm32f1xx_hal_spi_ex.o
HAL_SPI_Receive                                   build/stm32f1xx_hal_spi.o
HAL_SPI_Receive_DMA                               build/stm32f1xx_hal_spi.o
HAL_SPI_Receive_IT                                build/stm32f1xx_hal_spi.o
HAL_SPI_RxCpltCallback                            build/stm32f1xx_hal_spi.o
HAL_SPI_RxHalfCpltCallback                        build/stm32f1xx_hal_spi.o
HAL_SPI_Transmit                                  build/stm32f1xx_hal_spi.o
HAL_SPI_TransmitReceive                           build/stm32f1xx_hal_spi.o
HAL_SPI_TransmitReceive_DMA                       build/stm32f1xx_hal_spi.o
HAL_SPI_TransmitReceive_IT                        build/stm32f1xx_hal_spi.o
HAL_SPI_Transmit_DMA                              build/stm32f1xx_hal_spi.o
HAL_SPI_Transmit_IT                               build/stm32f1xx_hal_spi.o
HAL_SPI_TxCpltCallback                            build/stm32f1xx_hal_spi.o
HAL_SPI_TxHalfCpltCallback                        build/stm32f1xx_hal_spi.o
HAL_SPI_TxRxCpltCallback                          build/stm32f1xx_hal_spi.o
HAL_SPI_TxRxHalfCpltCallback                      build/stm32f1xx_hal_spi.o
HAL_SYSTICK_CLKSourceConfig                       build/stm32f1xx_hal_cortex.o
                                                  build/main.o
HAL_SYSTICK_Callback                              build/stm32f1xx_hal_cortex.o
HAL_SYSTICK_Config                                build/stm32f1xx_hal_cortex.o
                                                  build/stm32f1xx_hal.o
                                                  build/main.o
HAL_SYSTICK_IRQHandler                            build/stm32f1xx_hal_cortex.o
HAL_SetTickFreq                                   build/stm32f1xx_hal.o
HAL_SuspendTick                                   build/stm32f1xx_hal_timebase_TIM.o
HAL_TIMEx_BreakCallback                           build/stm32f1xx_hal_tim_ex.o
                                                  build/stm32f1xx_hal_tim.o
HAL_TIMEx_CommutationCallback                     build/stm32f1xx_hal_tim_ex.o
                                                  build/stm32f1xx_hal_tim.o
HAL_TIMEx_ConfigBreakDeadTime                     build/stm32f1xx_hal_tim_ex.o
HAL_TIMEx_ConfigCommutationEvent                  build/stm32f1xx_hal_tim_ex.o
HAL_TIMEx_ConfigCommutationEvent_DMA              build/stm32f1xx_hal_tim_ex.o
HAL_TIMEx_ConfigCommutationEvent_IT               build/stm32f1xx_hal_tim_ex.o
HAL_TIMEx_HallSensor_DeInit                       build/stm32f1xx_hal_tim_ex.o
HAL_TIMEx_HallSensor_GetState                     build/stm32f1xx_hal_tim_ex.o
HAL_TIMEx_HallSensor_Init                         build/stm32f1xx_hal_tim_ex.o
HAL_TIMEx_HallSensor_MspDeInit                    build/stm32f1xx_hal_tim_ex.o
HAL_TIMEx_HallSensor_MspInit                      build/stm32f1xx_hal_tim_ex.o
HAL_TIMEx_HallSensor_Start                        build/stm32f1xx_hal_tim_ex.o
HAL_TIMEx_HallSensor_Start_DMA                    build/stm32f1xx_hal_tim_ex.o
HAL_TIMEx_HallSensor_Start_IT                     build/stm32f1xx_hal_tim_ex.o
HAL_TIMEx_HallSensor_Stop                         build/stm32f1xx_hal_tim_ex.o
HAL_TIMEx_HallSensor_Stop_DMA                     build/stm32f1xx_hal_tim_ex.o
HAL_TIMEx_HallSensor_Stop_IT                      build/stm32f1xx_hal_tim_ex.o
HAL_TIMEx_MasterConfigSynchronization             build/stm32f1xx_hal_tim_ex.o
HAL_TIMEx_OCN_Start                               build/stm32f1xx_hal_tim_ex.o
HAL_TIMEx_OCN_Start_DMA                           build/stm32f1xx_hal_tim_ex.o
HAL_TIMEx_OCN_Start_IT                            build/stm32f1xx_hal_tim_ex.o
HAL_TIMEx_OCN_Stop                                build/stm32f1xx_hal_tim_ex.o
HAL_TIMEx_OCN_Stop_DMA                            build/stm32f1xx_hal_tim_ex.o
HAL_TIMEx_OCN_Stop_IT                             build/stm32f1xx_hal_tim_ex.o
HAL_TIMEx_OnePulseN_Start                         build/stm32f1xx_hal_tim_ex.o
HAL_TIMEx_OnePulseN_Start_IT                      build/stm32f1xx_hal_tim_ex.o
HAL_TIMEx_OnePulseN_Stop                          build/stm32f1xx_hal_tim_ex.o
HAL_TIMEx_OnePulseN_Stop_IT                       build/stm32f1xx_hal_tim_ex.o
HAL_TIMEx_PWMN_Start                              build/stm32f1xx_hal_tim_ex.o
HAL_TIMEx_PWMN_Start_DMA                          build/stm32f1xx_hal_tim_ex.o
HAL_TIMEx_PWMN_Start_IT                           build/stm32f1xx_hal_tim_ex.o
HAL_TIMEx_PWMN_Stop                               build/stm32f1xx_hal_tim_ex.o
HAL_TIMEx_PWMN_Stop_DMA                           build/stm32f1xx_hal_tim_ex.o
HAL_TIMEx_PWMN_Stop_IT                            build/stm32f1xx_hal_tim_ex.o
HAL_TIM_Base_DeInit                               build/stm32f1xx_hal_tim.o
HAL_TIM_Base_GetState                             build/stm32f1xx_hal_tim.o
HAL_TIM_Base_Init                                 build/stm32f1xx_hal_tim.o
                                                  build/stm32f1xx_hal_timebase_TIM.o
HAL_TIM_Base_MspDeInit                            build/stm32f1xx_hal_tim.o
HAL_TIM_Base_MspInit                              build/stm32f1xx_hal_tim.o
HAL_TIM_Base_Start                                build/stm32f1xx_hal_tim.o
HAL_TIM_Base_Start_DMA                            build/stm32f1xx_hal_tim.o
HAL_TIM_Base_Start_IT                             build/stm32f1xx_hal_tim.o
                                                  build/stm32f1xx_hal_timebase_TIM.o
HAL_TIM_Base_Stop                                 build/stm32f1xx_hal_tim.o
HAL_TIM_Base_Stop_DMA                             build/stm32f1xx_hal_tim.o
HAL_TIM_Base_Stop_IT                              build/stm32f1xx_hal_tim.o
HAL_TIM_ConfigClockSource                         build/stm32f1xx_hal_tim.o
HAL_TIM_ConfigOCrefClear                          build/stm32f1xx_hal_tim.o
HAL_TIM_ConfigTI1Input                            build/stm32f1xx_hal_tim.o
HAL_TIM_DMABurst_ReadStart                        build/stm32f1xx_hal_tim.o
HAL_TIM_DMABurst_ReadStop                         build/stm32f1xx_hal_tim.o
HAL_TIM_DMABurst_WriteStart                       build/stm32f1xx_hal_tim.o
HAL_TIM_DMABurst_WriteStop                        build/stm32f1xx_hal_tim.o
HAL_TIM_Encoder_DeInit                            build/stm32f1xx_hal_tim.o
HAL_TIM_Encoder_GetState                          build/stm32f1xx_hal_tim.o
HAL_TIM_Encoder_Init                              build/stm32f1xx_hal_tim.o
HAL_TIM_Encoder_MspDeInit                         build/stm32f1xx_hal_tim.o
HAL_TIM_Encoder_MspInit                           build/stm32f1xx_hal_tim.o
HAL_TIM_Encoder_Start                             build/stm32f1xx_hal_tim.o
HAL_TIM_Encoder_Start_DMA                         build/stm32f1xx_hal_tim.o
HAL_TIM_Encoder_Start_IT                          build/stm32f1xx_hal_tim.o
HAL_TIM_Encoder_Stop                              build/stm32f1xx_hal_tim.o
HAL_TIM_Encoder_Stop_DMA                          build/stm32f1xx_hal_tim.o
HAL_TIM_Encoder_Stop_IT                           build/stm32f1xx_hal_tim.o
HAL_TIM_ErrorCallback                             build/stm32f1xx_hal_tim.o
HAL_TIM_GenerateEvent                             build/stm32f1xx_hal_tim.o
HAL_TIM_IC_CaptureCallback                        build/stm32f1xx_hal_tim.o
HAL_TIM_IC_ConfigChannel                          build/stm32f1xx_hal_tim.o
HAL_TIM_IC_DeInit                                 build/stm32f1xx_hal_tim.o
HAL_TIM_IC_GetState                               build/stm32f1xx_hal_tim.o
HAL_TIM_IC_Init                                   build/stm32f1xx_hal_tim.o
HAL_TIM_IC_MspDeInit                              build/stm32f1xx_hal_tim.o
HAL_TIM_IC_MspInit                                build/stm32f1xx_hal_tim.o
HAL_TIM_IC_Start                                  build/stm32f1xx_hal_tim.o
HAL_TIM_IC_Start_DMA                              build/stm32f1xx_hal_tim.o
HAL_TIM_IC_Start_IT                               build/stm32f1xx_hal_tim.o
HAL_TIM_IC_Stop                                   build/stm32f1xx_hal_tim.o
HAL_TIM_IC_Stop_DMA                               build/stm32f1xx_hal_tim.o
HAL_TIM_IC_Stop_IT                                build/stm32f1xx_hal_tim.o
HAL_TIM_IRQHandler                                build/stm32f1xx_hal_tim.o
                                                  build/stm32f1xx_it.o
HAL_TIM_OC_ConfigChannel                          build/stm32f1xx_hal_tim.o
HAL_TIM_OC_DeInit                                 build/stm32f1xx_hal_tim.o
HAL_TIM_OC_DelayElapsedCallback                   build/stm32f1xx_hal_tim.o
HAL_TIM_OC_GetState                               build/stm32f1xx_hal_tim.o
HAL_TIM_OC_Init                                   build/stm32f1xx_hal_tim.o
HAL_TIM_OC_MspDeInit                              build/stm32f1xx_hal_tim.o
HAL_TIM_OC_MspInit                                build/stm32f1xx_hal_tim.o
HAL_TIM_OC_Start                                  build/stm32f1xx_hal_tim.o
HAL_TIM_OC_Start_DMA                              build/stm32f1xx_hal_tim.o